Archive member included because of file (symbol)

contiki-sky.a(contiki-sky-pla)
                              obj_sky/contiki-sky-main.o (init_platform)
contiki-sky.a(button-sensor.o)
                              contiki-sky.a(contiki-sky-pla) (button_sensor)
contiki-sky.a(ds2411.o)       obj_sky/contiki-sky-main.o (ds2411_init)
contiki-sky.a(xmem.o)         obj_sky/contiki-sky-main.o (xmem_init)
contiki-sky.a(node-id.o)      obj_sky/contiki-sky-main.o (node_id_restore)
contiki-sky.a(sensors.o)      contiki-sky.a(button-sensor.o) (sensors_changed)
contiki-sky.a(cfs-coffee.o)   flashTest.co (cfs_open)
contiki-sky.a(cc2420.o)       obj_sky/contiki-sky-main.o (cc2420_set_pan_addr)
contiki-sky.a(cc2420-arch.o)  contiki-sky.a(cc2420.o) (cc2420_arch_init)
contiki-sky.a(uart1.o)        obj_sky/contiki-sky-main.o (uart1_active)
contiki-sky.a(slip_uart1.o)   obj_sky/contiki-sky-main.o (putchar)
contiki-sky.a(slip.o)         obj_sky/contiki-sky-main.o (slip_set_input_callback)
contiki-sky.a(msp430.o)       contiki-sky.a(uart1.o) (msp430_add_lpm_req)
contiki-sky.a(clock.o)        obj_sky/contiki-sky-main.o (clock_init)
contiki-sky.a(leds.o)         obj_sky/contiki-sky-main.o (leds_init)
contiki-sky.a(leds-arch.o)    contiki-sky.a(leds.o) (leds_arch_init)
contiki-sky.a(watchdog.o)     obj_sky/contiki-sky-main.o (watchdog_start)
contiki-sky.a(rtimer-arch.o)  obj_sky/contiki-sky-main.o (rtimer_arch_now)
contiki-sky.a(autostart.o)    obj_sky/contiki-sky-main.o (autostart_start)
contiki-sky.a(ctimer.o)       obj_sky/contiki-sky-main.o (ctimer_init)
contiki-sky.a(energest.o)     obj_sky/contiki-sky-main.o (energest_init)
contiki-sky.a(etimer.o)       contiki-sky.a(clock.o) (etimer_request_poll)
contiki-sky.a(process.o)      contiki-sky.a(ctimer.o) (process_current)
contiki-sky.a(rtimer.o)       obj_sky/contiki-sky-main.o (rtimer_init)
contiki-sky.a(timer.o)        obj_sky/contiki-sky-main.o (timer_set)
contiki-sky.a(list.o)         contiki-sky.a(ctimer.o) (list_init)
contiki-sky.a(random.o)       obj_sky/contiki-sky-main.o (random_init)
contiki-sky.a(uip.o)          contiki-sky.a(slip.o) (uip_aligned_buf)
contiki-sky.a(uip-fw.o)       obj_sky/contiki-sky-main.o (uip_fw_default)
contiki-sky.a(uip-fw-drv.o)   obj_sky/contiki-sky-main.o (uip_fw_process)
contiki-sky.a(uip-over-mesh.o)
                              obj_sky/contiki-sky-main.o (uip_over_mesh_init)
contiki-sky.a(tcpip.o)        contiki-sky.a(uip-fw-drv.o) (tcpip_set_outputfunc)
contiki-sky.a(rime.o)         obj_sky/contiki-sky-main.o (rime_driver)
contiki-sky.a(route.o)        contiki-sky.a(uip-over-mesh.o) (route_init)
contiki-sky.a(route-discovery)
                              contiki-sky.a(uip-over-mesh.o) (route_discovery_open)
contiki-sky.a(trickle.o)      contiki-sky.a(uip-over-mesh.o) (trickle_open)
contiki-sky.a(unicast.o)      contiki-sky.a(uip-over-mesh.o) (unicast_open)
contiki-sky.a(csma.o)         obj_sky/contiki-sky-main.o (csma_driver)
contiki-sky.a(mac.o)          contiki-sky.a(csma.o) (mac_call_sent_callback)
contiki-sky.a(nullrdc.o)      obj_sky/contiki-sky-main.o (nullrdc_driver)
contiki-sky.a(linkaddr.o)     obj_sky/contiki-sky-main.o (linkaddr_copy)
contiki-sky.a(packetbuf.o)    contiki-sky.a(cc2420.o) (packetbuf_set_datalen)
contiki-sky.a(queuebuf.o)     contiki-sky.a(rime.o) (queuebuf_init)
contiki-sky.a(contikimac-fram)
                              contiki-sky.a(nullrdc.o) (contikimac_framer)
contiki-sky.a(nullsec.o)      obj_sky/contiki-sky-main.o (nullsec_driver)
contiki-sky.a(spi.o)          contiki-sky.a(xmem.o) (spi_init)
contiki-sky.a(uip-ipchksum.o)
                              contiki-sky.a(slip.o) (uip_ipchksum)
contiki-sky.a(memb.o)         contiki-sky.a(route.o) (memb_init)
contiki-sky.a(abc.o)          contiki-sky.a(rime.o) (abc_input)
contiki-sky.a(announcement.o)
                              contiki-sky.a(rime.o) (announcement_init)
contiki-sky.a(broadcast-annou)
                              contiki-sky.a(rime.o) (broadcast_announcement_init)
contiki-sky.a(broadcast.o)    contiki-sky.a(trickle.o) (broadcast_open)
contiki-sky.a(chameleon.o)    contiki-sky.a(rime.o) (chameleon_init)
contiki-sky.a(channel.o)      contiki-sky.a(chameleon.o) (channel_init)
contiki-sky.a(netflood.o)     contiki-sky.a(route-discovery) (netflood_open)
contiki-sky.a(framer-802154.o)
                              contiki-sky.a(contikimac-fram) (framer_802154)
contiki-sky.a(chameleon-bitop)
                              contiki-sky.a(chameleon.o) (chameleon_bitopt)
contiki-sky.a(ipolite.o)      contiki-sky.a(netflood.o) (ipolite_open)
contiki-sky.a(frame802154.o)  contiki-sky.a(framer-802154.o) (frame802154_get_pan_id)
/usr/lib/gcc/msp430/4.6.3/mmpy-16/libgcc.a(_mulsi3.o)
                              contiki-sky.a(cfs-coffee.o) (__mulsi3)
/usr/lib/gcc/msp430/4.6.3/mmpy-16/libgcc.a(_udivmod16.o)
                              contiki-sky.a(cfs-coffee.o) (__udivhi3)
/usr/lib/gcc/msp430/4.6.3/mmpy-16/libgcc.a(_udivmod32.o)
[...]
Memory Configuration

Name             Origin             Length             Attributes
sfr              0x0000000000000000 0x0000000000000010
peripheral_8bit  0x0000000000000010 0x00000000000000f0
peripheral_16bit 0x0000000000000100 0x0000000000000100
ram_mirror       0x0000000000000200 0x0000000000000800 xw
infomem          0x0000000000001000 0x0000000000000100
infob            0x0000000000001000 0x0000000000000080
infoa            0x0000000000001080 0x0000000000000080
ram              0x0000000000001100 0x0000000000002800 xw
rom              0x0000000000004000 0x000000000000bfe0 xr
vectors          0x000000000000ffe0 0x0000000000000020
bsl              0x0000000000000000 0x0000000000000000
infoc            0x0000000000000000 0x0000000000000000
infod            0x0000000000000000 0x0000000000000000
ram2             0x0000000000000000 0x0000000000000000 xw
usbram           0x0000000000000000 0x0000000000000000 xw
far_rom          0x0000000000000000 0x0000000000000000
*default*        0x0000000000000000 0xffffffffffffffff

Linker script and memory map

LOAD /usr/lib/gcc/msp430/4.6.3/mmpy-16/crt0ivtbl16.o
LOAD flashTest.co
LOAD obj_sky/contiki-sky-main.o
LOAD contiki-sky.a
LOAD /usr/lib/gcc/msp430/4.6.3/mmpy-16/libgcc.a
LOAD /usr/lib/gcc/msp430/4.6.3/../../../../msp430/lib/mmpy-16/libc.a
LOAD /usr/lib/gcc/msp430/4.6.3/mmpy-16/libgcc.a
LOAD /usr/lib/gcc/msp430/4.6.3/mmpy-16/libcrt0.a
                0x0000000000000080                PROVIDE (__info_segment_size, 0x80)
                0x0000000000001000                PROVIDE (__infob, 0x1000)
                0x0000000000001080                PROVIDE (__infoa, 0x1080)
                0x0000000000000000                __IE1 = 0x0
                0x0000000000000002                __IFG1 = 0x2
                0x0000000000000004                __ME1 = 0x4
                0x0000000000000001                __IE2 = 0x1
                0x0000000000000003                __IFG2 = 0x3
                0x0000000000000005                __ME2 = 0x5
                0x0000000000000120                __WDTCTL = 0x120
                0x0000000000000130                __MPY = 0x130
                0x0000000000000132                __MPYS = 0x132
                0x0000000000000134                __MAC = 0x134
                0x0000000000000136                __MACS = 0x136
                0x0000000000000138                __OP2 = 0x138
                0x000000000000013a                __RESLO = 0x13a
                0x000000000000013c                __RESHI = 0x13c
                0x000000000000013e                __SUMEXT = 0x13e
                0x0000000000000020                __P1IN = 0x20
                0x0000000000000021                __P1OUT = 0x21
                0x0000000000000022                __P1DIR = 0x22
                0x0000000000000023                __P1IFG = 0x23
                0x0000000000000024                __P1IES = 0x24
                0x0000000000000025                __P1IE = 0x25
                0x0000000000000026                __P1SEL = 0x26
                0x0000000000000028                __P2IN = 0x28
                0x0000000000000029                __P2OUT = 0x29
                0x000000000000002a                __P2DIR = 0x2a
                0x000000000000002b                __P2IFG = 0x2b
                0x000000000000002c                __P2IES = 0x2c
                0x000000000000002d                __P2IE = 0x2d
                0x000000000000002e                __P2SEL = 0x2e
                0x0000000000000018                __P3IN = 0x18
                0x0000000000000019                __P3OUT = 0x19
                0x000000000000001a                __P3DIR = 0x1a
                0x000000000000001b                __P3SEL = 0x1b
                0x000000000000001c                __P4IN = 0x1c
                0x000000000000001d                __P4OUT = 0x1d
                0x000000000000001e                __P4DIR = 0x1e
                0x000000000000001f                __P4SEL = 0x1f
                0x0000000000000030                __P5IN = 0x30
                0x0000000000000031                __P5OUT = 0x31
                0x0000000000000032                __P5DIR = 0x32
                0x0000000000000033                __P5SEL = 0x33
                0x0000000000000034                __P6IN = 0x34
                0x0000000000000035                __P6OUT = 0x35
                0x0000000000000036                __P6DIR = 0x36
                0x0000000000000037                __P6SEL = 0x37
                0x0000000000000070                __U0CTL = 0x70
                0x0000000000000071                __U0TCTL = 0x71
                0x0000000000000072                __U0RCTL = 0x72
                0x0000000000000073                __U0MCTL = 0x73
                0x0000000000000074                __U0BR0 = 0x74
                0x0000000000000075                __U0BR1 = 0x75
                0x0000000000000076                __U0RXBUF = 0x76
                0x0000000000000077                __U0TXBUF = 0x77
                0x0000000000000078                __U1CTL = 0x78
                0x0000000000000079                __U1TCTL = 0x79
                0x000000000000007a                __U1RCTL = 0x7a
                0x000000000000007b                __U1MCTL = 0x7b
                0x000000000000007c                __U1BR0 = 0x7c
                0x000000000000007d                __U1BR1 = 0x7d
                0x000000000000007e                __U1RXBUF = 0x7e
                0x000000000000007f                __U1TXBUF = 0x7f
                0x0000000000000050                __I2CIE = 0x50
                0x0000000000000051                __I2CIFG = 0x51
                0x0000000000000052                __I2CNDAT = 0x52
                0x0000000000000071                __I2CTCTL = 0x71
                0x0000000000000072                __I2CDCTL = 0x72
                0x0000000000000073                __I2CPSC = 0x73
                0x0000000000000074                __I2CSCLH = 0x74
                0x0000000000000075                __I2CSCLL = 0x75
                0x0000000000000076                __I2CDRB = 0x76
                0x0000000000000076                __I2CDRW = 0x76
                0x0000000000000118                __I2COA = 0x118
                0x000000000000011a                __I2CSA = 0x11a
                0x000000000000011c                __I2CIV = 0x11c
                0x000000000000012e                __TAIV = 0x12e
                0x0000000000000160                __TACTL = 0x160
                0x0000000000000162                __TACCTL0 = 0x162
                0x0000000000000164                __TACCTL1 = 0x164
                0x0000000000000166                __TACCTL2 = 0x166
                0x0000000000000170                __TAR = 0x170
                0x0000000000000172                __TACCR0 = 0x172
                0x0000000000000174                __TACCR1 = 0x174
                0x0000000000000176                __TACCR2 = 0x176
                0x000000000000011e                __TBIV = 0x11e
                0x0000000000000180                __TBCTL = 0x180
                0x0000000000000182                __TBCCTL0 = 0x182
                0x0000000000000184                __TBCCTL1 = 0x184
                0x0000000000000186                __TBCCTL2 = 0x186
                0x0000000000000188                __TBCCTL3 = 0x188
                0x000000000000018a                __TBCCTL4 = 0x18a
                0x000000000000018c                __TBCCTL5 = 0x18c
                0x000000000000018e                __TBCCTL6 = 0x18e
                0x0000000000000190                __TBR = 0x190
                0x0000000000000192                __TBCCR0 = 0x192
                0x0000000000000194                __TBCCR1 = 0x194
                0x0000000000000196                __TBCCR2 = 0x196
                0x0000000000000198                __TBCCR3 = 0x198
                0x000000000000019a                __TBCCR4 = 0x19a
                0x000000000000019c                __TBCCR5 = 0x19c
                0x000000000000019e                __TBCCR6 = 0x19e
                0x0000000000000056                __DCOCTL = 0x56
                0x0000000000000057                __BCSCTL1 = 0x57
                0x0000000000000058                __BCSCTL2 = 0x58
                0x0000000000000055                __SVSCTL = 0x55
                0x0000000000000128                __FCTL1 = 0x128
                0x000000000000012a                __FCTL2 = 0x12a
                0x000000000000012c                __FCTL3 = 0x12c
                0x0000000000000059                __CACTL1 = 0x59
                0x000000000000005a                __CACTL2 = 0x5a
                0x000000000000005b                __CAPD = 0x5b
                0x00000000000001a0                __ADC12CTL0 = 0x1a0
                0x00000000000001a2                __ADC12CTL1 = 0x1a2
                0x00000000000001a4                __ADC12IFG = 0x1a4
                0x00000000000001a6                __ADC12IE = 0x1a6
                0x00000000000001a8                __ADC12IV = 0x1a8
                0x0000000000000140                __ADC12MEM0 = 0x140
                0x0000000000000142                __ADC12MEM1 = 0x142
                0x0000000000000144                __ADC12MEM2 = 0x144
                0x0000000000000146                __ADC12MEM3 = 0x146
                0x0000000000000148                __ADC12MEM4 = 0x148
                0x000000000000014a                __ADC12MEM5 = 0x14a
                0x000000000000014c                __ADC12MEM6 = 0x14c
                0x000000000000014e                __ADC12MEM7 = 0x14e
                0x0000000000000150                __ADC12MEM8 = 0x150
                0x0000000000000152                __ADC12MEM9 = 0x152
                0x0000000000000154                __ADC12MEM10 = 0x154
                0x0000000000000156                __ADC12MEM11 = 0x156
                0x0000000000000158                __ADC12MEM12 = 0x158
                0x000000000000015a                __ADC12MEM13 = 0x15a
                0x000000000000015c                __ADC12MEM14 = 0x15c
                0x000000000000015e                __ADC12MEM15 = 0x15e
                0x0000000000000080                __ADC12MCTL0 = 0x80
                0x0000000000000081                __ADC12MCTL1 = 0x81
                0x0000000000000082                __ADC12MCTL2 = 0x82
                0x0000000000000083                __ADC12MCTL3 = 0x83
                0x0000000000000084                __ADC12MCTL4 = 0x84
                0x0000000000000085                __ADC12MCTL5 = 0x85
                0x0000000000000086                __ADC12MCTL6 = 0x86
                0x0000000000000087                __ADC12MCTL7 = 0x87
                0x0000000000000088                __ADC12MCTL8 = 0x88
                0x0000000000000089                __ADC12MCTL9 = 0x89
                0x000000000000008a                __ADC12MCTL10 = 0x8a
                0x000000000000008b                __ADC12MCTL11 = 0x8b
                0x000000000000008c                __ADC12MCTL12 = 0x8c
                0x000000000000008d                __ADC12MCTL13 = 0x8d
                0x000000000000008e                __ADC12MCTL14 = 0x8e
                0x000000000000008f                __ADC12MCTL15 = 0x8f
                0x00000000000001c0                __DAC12_0CTL = 0x1c0
                0x00000000000001c2                __DAC12_1CTL = 0x1c2
                0x00000000000001c8                __DAC12_0DAT = 0x1c8
                0x00000000000001ca                __DAC12_1DAT = 0x1ca
                0x0000000000000122                __DMACTL0 = 0x122
                0x0000000000000124                __DMACTL1 = 0x124
                0x00000000000001e0                __DMA0CTL = 0x1e0
                0x00000000000001e8                __DMA1CTL = 0x1e8
                0x00000000000001f0                __DMA2CTL = 0x1f0
                0x00000000000001e2                __DMA0SA = 0x1e2
                0x00000000000001e4                __DMA0DA = 0x1e4
                0x00000000000001e6                __DMA0SZ = 0x1e6
                0x00000000000001ea                __DMA1SA = 0x1ea
                0x00000000000001ec                __DMA1DA = 0x1ec
                0x00000000000001ee                __DMA1SZ = 0x1ee
                0x00000000000001f2                __DMA2SA = 0x1f2
                0x00000000000001f4                __DMA2DA = 0x1f4
                0x00000000000001f6                __DMA2SZ = 0x1f6

.hash
 *(.hash)

.dynsym
 *(.dynsym)

.dynstr
 *(.dynstr)

.gnu.version
 *(.gnu.version)

.gnu.version_d
 *(.gnu.version_d)

.gnu.version_r
 *(.gnu.version_r)

.rel.init
 *(.rel.init)

.rela.init
 *(.rela.init)

.rel.fini
 *(.rel.fini)

.rela.fini
 *(.rela.fini)

.rel.text
 *(.rel.text .rel.text.* .rel.gnu.linkonce.t.*)

.rela.text
 *(.rela.text .rela.text.* .rela.gnu.linkonce.t.*)

.rel.rodata
 *(.rel.rodata .rel.rodata.* .rel.gnu.linkonce.r.*)

.rela.rodata
 *(.rela.rodata .rela.rodata.* .rela.gnu.linkonce.r.*)

.rel.data
 *(.rel.data .rel.data.* .rel.gnu.linkonce.d.*)

.rela.data
 *(.rela.data .rela.data.* .rela.gnu.linkonce.d.*)

.rel.bss
 *(.rel.bss .rel.bss.* .rel.gnu.linkonce.b.*)

.rela.bss
 *(.rela.bss .rela.bss.* .rela.gnu.linkonce.b.*)

.rel.ctors
 *(.rel.ctors)

.rela.ctors
 *(.rela.ctors)

.rel.dtors
 *(.rel.dtors)

.rela.dtors
 *(.rela.dtors)

.rel.got
 *(.rel.got)

.rela.got
 *(.rela.got)

.rel.plt
 *(.rel.plt)

.rela.plt
 *(.rela.plt)

.text           0x0000000000004000     0x83b2
                0x0000000000004000                . = ALIGN (0x2)
 *(.init .init.*)
 *(.init0)
 .init0         0x0000000000004000        0x0 /usr/lib/gcc/msp430/4.6.3/mmpy-16/libcrt0.a(_reset_vector__.o)
                0x0000000000004000                _reset_vector__
 *(.init1)
 .init1         0x0000000000004000        0xc /usr/lib/gcc/msp430/4.6.3/mmpy-16/libcrt0.a(__watchdog_support.o)
                0x0000000000004000                __watchdog_support
 *(.init2)
 .init2         0x000000000000400c        0x4 /usr/lib/gcc/msp430/4.6.3/mmpy-16/libcrt0.a(__init_stack.o)
                0x000000000000400c                __init_stack
 *(.init3)
 .init3         0x0000000000004010        0x0 /usr/lib/gcc/msp430/4.6.3/mmpy-16/libcrt0.a(__low_level_init.o)
                0x0000000000004010                __low_level_init
 *(.init4)
 .init4         0x0000000000004010       0x18 /usr/lib/gcc/msp430/4.6.3/mmpy-16/libcrt0.a(_copy_data.o)
                0x0000000000004010                __do_copy_data
 .init4         0x0000000000004028       0x16 /usr/lib/gcc/msp430/4.6.3/mmpy-16/libcrt0.a(_clear_bss.o)
                0x0000000000004028                __do_clear_bss
 *(.init5)
 *(.init6)
 *(.init7)
 *(.init8)
 *(.init9)
 .init9         0x000000000000403e      0x396 obj_sky/contiki-sky-main.o
                0x000000000000403e                main
 *(.fini9)
 .fini9         0x00000000000043d4        0x0 /usr/lib/gcc/msp430/4.6.3/mmpy-16/libcrt0.a(__stop_progExec__.o)
                0x00000000000043d4                __stop_progExec__
 *(.fini8)
 *(.fini7)
 *(.fini6)
 *(.fini5)
 *(.fini4)
 *(.fini3)
 *(.fini2)
 *(.fini1)
 *(.fini0)
 .fini0         0x00000000000043d4        0x6 /usr/lib/gcc/msp430/4.6.3/mmpy-16/libcrt0.a(_endless_loop__.o)
                0x00000000000043d4                _endless_loop__
 *(.fini .fini.*)
                0x00000000000043da                . = ALIGN (0x2)
                0x00000000000043da                __ctors_start = .
 *(.ctors)
                0x00000000000043da                __ctors_end = .
                0x00000000000043da                __dtors_start = .
 *(.dtors)
                0x00000000000043da                __dtors_end = .
                0x00000000000043da                . = ALIGN (0x2)
 *(.text .text.* .gnu.linkonce.t.*)
 .text          0x00000000000043da        0x4 /usr/lib/gcc/msp430/4.6.3/mmpy-16/crt0ivtbl16.o
                0x00000000000043da                __isr_14
                0x00000000000043da                __isr_11
                0x00000000000043da                __isr_2
                0x00000000000043da                __isr_7
                0x00000000000043da                __isr_0
                0x00000000000043da                __isr_8
                0x00000000000043da                __isr_3
                0x00000000000043da                __isr_12
                0x00000000000043da                __isr_13
                0x00000000000043da                __isr_9
 .text.process_thread_flashTest_process
                0x00000000000043de      0x1b8 flashTest.co
 .text.set_gateway
                0x0000000000004596       0x5a obj_sky/contiki-sky-main.o
 .text.init_platform
                0x00000000000045f0        0xc contiki-sky.a(contiki-sky-pla)
                0x00000000000045f0                init_platform
 .text.status   0x00000000000045fc       0x16 contiki-sky.a(button-sensor.o)
 .text.configure
                0x0000000000004612       0x52 contiki-sky.a(button-sensor.o)
 .text.value    0x0000000000004664       0x22 contiki-sky.a(button-sensor.o)
 .text.irq_p2   0x0000000000004686       0x8a contiki-sky.a(button-sensor.o)
                0x0000000000004686                irq_p2
                0x0000000000004686                __isr_1
 .text.owreadb  0x0000000000004710       0x52 contiki-sky.a(ds2411.o)
 .text.ds2411_init
                0x0000000000004762      0x122 contiki-sky.a(ds2411.o)
                0x0000000000004762                ds2411_init
 .text.write_enable
                0x0000000000004884       0x2a contiki-sky.a(xmem.o)
 .text.wait_ready
                0x00000000000048ae       0x50 contiki-sky.a(xmem.o)
 .text.xmem_init
                0x00000000000048fe       0x3e contiki-sky.a(xmem.o)
                0x00000000000048fe                xmem_init
 .text.xmem_pread
                0x000000000000493c       0xea contiki-sky.a(xmem.o)
                0x000000000000493c                xmem_pread
 .text.xmem_pwrite
                0x0000000000004a26      0x150 contiki-sky.a(xmem.o)
                0x0000000000004a26                xmem_pwrite
 .text.xmem_erase
                0x0000000000004b76       0xae contiki-sky.a(xmem.o)
                0x0000000000004b76                xmem_erase
 .text.node_id_restore
                0x0000000000004c24       0x38 contiki-sky.a(node-id.o)
                0x0000000000004c24                node_id_restore
 .text.process_thread_sensors_process
                0x0000000000004c5c       0xbe contiki-sky.a(sensors.o)
 .text.sensors_changed
                0x0000000000004d1a       0x2a contiki-sky.a(sensors.o)
                0x0000000000004d1a                sensors_changed
 .text.load_file
                0x0000000000004d44       0x74 contiki-sky.a(cfs-coffee.o)
 .text.read_header
                0x0000000000004db8       0x2a contiki-sky.a(cfs-coffee.o)
 .text.file_end
                0x0000000000004de2       0xd0 contiki-sky.a(cfs-coffee.o)
 .text.write_header
                0x0000000000004eb2       0x2e contiki-sky.a(cfs-coffee.o)
 .text.find_next_record
                0x0000000000004ee0       0xe0 contiki-sky.a(cfs-coffee.o)
 .text.get_record_index
                0x0000000000004fc0      0x102 contiki-sky.a(cfs-coffee.o)
 .text.read_log_page
                0x00000000000050c2      0x128 contiki-sky.a(cfs-coffee.o)
 .text.next_file
                0x00000000000051ea       0x22 contiki-sky.a(cfs-coffee.o)
 .text.find_file
                0x000000000000520c       0xb4 contiki-sky.a(cfs-coffee.o)
 .text.find_contiguous_pages
                0x00000000000052c0       0x72 contiki-sky.a(cfs-coffee.o)
 .text.remove_by_page.isra.1
                0x0000000000005332       0xa2 contiki-sky.a(cfs-coffee.o)
 .text.reserve  0x00000000000053d4      0x228 contiki-sky.a(cfs-coffee.o)
 .text.cfs_open
                0x00000000000055fc       0xc6 contiki-sky.a(cfs-coffee.o)
                0x00000000000055fc                cfs_open
 .text.cfs_close
                0x00000000000056c2       0x2c contiki-sky.a(cfs-coffee.o)
                0x00000000000056c2                cfs_close
 .text.cfs_seek
                0x00000000000056ee       0xb0 contiki-sky.a(cfs-coffee.o)
                0x00000000000056ee                cfs_seek
 .text.cfs_read
                0x000000000000579e      0x1a8 contiki-sky.a(cfs-coffee.o)
                0x000000000000579e                cfs_read
 .text.merge_log
                0x0000000000005946      0x1ce contiki-sky.a(cfs-coffee.o)
 .text.write_log_page
                0x0000000000005b14      0x302 contiki-sky.a(cfs-coffee.o)
 .text.cfs_write
                0x0000000000005e16      0x204 contiki-sky.a(cfs-coffee.o)
                0x0000000000005e16                cfs_write
 .text.get_object
                0x000000000000601a        0x4 contiki-sky.a(cc2420.o)
 .text.set_object
                0x000000000000601e        0x4 contiki-sky.a(cc2420.o)
 .text.strobe   0x0000000000006022       0x20 contiki-sky.a(cc2420.o)
 .text.getreg   0x0000000000006042       0x54 contiki-sky.a(cc2420.o)
 .text.setreg   0x0000000000006096       0x52 contiki-sky.a(cc2420.o)
 .text.write_ram
                0x00000000000060e8       0x80 contiki-sky.a(cc2420.o)
 .text.write_fifo_buf
                0x0000000000006168       0x40 contiki-sky.a(cc2420.o)
 .text.get_status
                0x00000000000061a8       0x24 contiki-sky.a(cc2420.o)
 .text.set_txpower
                0x00000000000061cc       0x26 contiki-sky.a(cc2420.o)
 .text.cc2420_receiving_packet
                0x00000000000061f2        0xe contiki-sky.a(cc2420.o)
 .text.pending_packet
                0x0000000000006200        0x8 contiki-sky.a(cc2420.o)
 .text.on       0x0000000000006208       0x26 contiki-sky.a(cc2420.o)
 .text.wait_for_transmission
                0x000000000000622e       0x22 contiki-sky.a(cc2420.o)
 .text.wait_for_status
                0x0000000000006250       0x2a contiki-sky.a(cc2420.o)
 .text.getrxdata
                0x000000000000627a       0x56 contiki-sky.a(cc2420.o)
 .text.flushrx  0x00000000000062d0       0x1a contiki-sky.a(cc2420.o)
 .text.off      0x00000000000062ea       0x62 contiki-sky.a(cc2420.o)
 .text.RELEASE_LOCK
                0x000000000000634c       0x28 contiki-sky.a(cc2420.o)
 .text.set_key  0x0000000000006374       0x18 contiki-sky.a(cc2420.o)
 .text.set_frame_filtering
                0x000000000000638c       0x30 contiki-sky.a(cc2420.o)
 .text.set_auto_ack
                0x00000000000063bc       0x30 contiki-sky.a(cc2420.o)
 .text.set_poll_mode
                0x00000000000063ec       0x36 contiki-sky.a(cc2420.o)
 .text.cc2420_prepare
                0x0000000000006422       0x3c contiki-sky.a(cc2420.o)
 .text.cc2420_on
                0x000000000000645e       0x22 contiki-sky.a(cc2420.o)
                0x000000000000645e                cc2420_on
 .text.cc2420_off
                0x0000000000006480       0x30 contiki-sky.a(cc2420.o)
                0x0000000000006480                cc2420_off
 .text.cc2420_cca
                0x00000000000064b0       0x5e contiki-sky.a(cc2420.o)
 .text.cc2420_read
                0x000000000000650e       0xc0 contiki-sky.a(cc2420.o)
 .text.process_thread_cc2420_process
                0x00000000000065ce       0x58 contiki-sky.a(cc2420.o)
 .text.encrypt  0x0000000000006626       0x8e contiki-sky.a(cc2420.o)
 .text.cc2420_set_channel
                0x00000000000066b4       0x3c contiki-sky.a(cc2420.o)
                0x00000000000066b4                cc2420_set_channel
 .text.cc2420_set_pan_addr
                0x00000000000066f0       0x4c contiki-sky.a(cc2420.o)
                0x00000000000066f0                cc2420_set_pan_addr
 .text.cc2420_interrupt
                0x000000000000673c       0x18 contiki-sky.a(cc2420.o)
                0x000000000000673c                cc2420_interrupt
 .text.cc2420_set_txpower
                0x0000000000006754        0xe contiki-sky.a(cc2420.o)
                0x0000000000006754                cc2420_set_txpower
 .text.cc2420_get_txpower
                0x0000000000006762       0x1e contiki-sky.a(cc2420.o)
                0x0000000000006762                cc2420_get_txpower
 .text.cc2420_transmit
                0x0000000000006780      0x134 contiki-sky.a(cc2420.o)
 .text.cc2420_send
                0x00000000000068b4       0x12 contiki-sky.a(cc2420.o)
 .text.cc2420_rssi
                0x00000000000068c6       0x4c contiki-sky.a(cc2420.o)
                0x00000000000068c6                cc2420_rssi
 .text.get_value
                0x0000000000006912      0x108 contiki-sky.a(cc2420.o)
 .text.cc2420_set_cca_threshold
                0x0000000000006a1a       0x16 contiki-sky.a(cc2420.o)
                0x0000000000006a1a                cc2420_set_cca_threshold
 .text.set_value
                0x0000000000006a30       0xba contiki-sky.a(cc2420.o)
 .text.cc2420_init
                0x0000000000006aea       0xf0 contiki-sky.a(cc2420.o)
                0x0000000000006aea                cc2420_init
 .text.cc2420_port1_interrupt
                0x0000000000006bda       0x62 contiki-sky.a(cc2420-arch.o)
                0x0000000000006bda                __isr_4
                0x0000000000006bda                cc2420_port1_interrupt
 .text.cc2420_arch_init
                0x0000000000006c3c       0x1a contiki-sky.a(cc2420-arch.o)
                0x0000000000006c3c                cc2420_arch_init
 .text.handle_rxdma_timer
                0x0000000000006c56       0x3a contiki-sky.a(uart1.o)
 .text.uart1_active
                0x0000000000006c90       0x1a contiki-sky.a(uart1.o)
                0x0000000000006c90                uart1_active
 .text.uart1_set_input
                0x0000000000006caa       0x20 contiki-sky.a(uart1.o)
                0x0000000000006caa                uart1_set_input
 .text.uart1_writeb
                0x0000000000006cca       0x1a contiki-sky.a(uart1.o)
                0x0000000000006cca                uart1_writeb
 .text.uart1_init
                0x0000000000006ce4       0xf6 contiki-sky.a(uart1.o)
                0x0000000000006ce4                uart1_init
 .text.slip_arch_writeb
                0x0000000000006dda        0x6 contiki-sky.a(slip_uart1.o)
                0x0000000000006dda                slip_arch_writeb
 .text.putchar  0x0000000000006de0       0x3c contiki-sky.a(slip_uart1.o)
                0x0000000000006de0                putchar
 .text.slip_arch_init
                0x0000000000006e1c        0xa contiki-sky.a(slip_uart1.o)
                0x0000000000006e1c                slip_arch_init
 .text.rxbuf_init
                0x0000000000006e26       0x12 contiki-sky.a(slip.o)
 .text.slip_set_input_callback
                0x0000000000006e38        0x6 contiki-sky.a(slip.o)
                0x0000000000006e38                slip_set_input_callback
 .text.slip_send
                0x0000000000006e3e       0x5e contiki-sky.a(slip.o)
                0x0000000000006e3e                slip_send
 .text.slip_write
                0x0000000000006e9c       0x60 contiki-sky.a(slip.o)
                0x0000000000006e9c                slip_write
 .text.process_thread_slip_process
                0x0000000000006efc      0x2be contiki-sky.a(slip.o)
 .text.slip_input_byte
                0x00000000000071ba       0xa4 contiki-sky.a(slip.o)
                0x00000000000071ba                slip_input_byte
 .text.msp430_init_dco
                0x000000000000725e       0x84 contiki-sky.a(msp430.o)
                0x000000000000725e                msp430_init_dco
 .text.msp430_add_lpm_req
                0x00000000000072e2        0xc contiki-sky.a(msp430.o)
                0x00000000000072e2                msp430_add_lpm_req
 .text.msp430_cpu_init
                0x00000000000072ee       0x2a contiki-sky.a(msp430.o)
                0x00000000000072ee                msp430_cpu_init
 .text.splhigh_
                0x0000000000007318        0x8 contiki-sky.a(msp430.o)
                0x0000000000007318                splhigh_
 .text.msp430_sync_dco
                0x0000000000007320       0x68 contiki-sky.a(msp430.o)
                0x0000000000007320                msp430_sync_dco
 .text.timera1  0x0000000000007388      0x11e contiki-sky.a(clock.o)
                0x0000000000007388                __isr_5
                0x0000000000007388                timera1
 .text.clock_time
                0x00000000000074a6       0x1a contiki-sky.a(clock.o)
                0x00000000000074a6                clock_time
 .text.clock_init
                0x00000000000074c0       0x28 contiki-sky.a(clock.o)
                0x00000000000074c0                clock_init
 .text.clock_delay
                0x00000000000074e8        0xc contiki-sky.a(clock.o)
                0x00000000000074e8                clock_delay
 .text.show_leds
                0x00000000000074f4       0xf6 contiki-sky.a(leds.o)
 .text.leds_init
                0x00000000000075ea        0xa contiki-sky.a(leds.o)
                0x00000000000075ea                leds_init
 .text.leds_on  0x00000000000075f4        0xa contiki-sky.a(leds.o)
                0x00000000000075f4                leds_on
 .text.leds_off
                0x00000000000075fe        0xe contiki-sky.a(leds.o)
                0x00000000000075fe                leds_off
 .text.leds_arch_init
                0x000000000000760c        0xe contiki-sky.a(leds-arch.o)
                0x000000000000760c                leds_arch_init
 .text.leds_arch_set
                0x000000000000761a       0x3a contiki-sky.a(leds-arch.o)
                0x000000000000761a                leds_arch_set
 .text.watchdog_interrupt
                0x0000000000007654        0x6 contiki-sky.a(watchdog.o)
                0x0000000000007654                __isr_10
                0x0000000000007654                watchdog_interrupt
 .text.watchdog_start
                0x000000000000765a       0x14 contiki-sky.a(watchdog.o)
                0x000000000000765a                watchdog_start
 .text.watchdog_periodic
                0x000000000000766e       0x12 contiki-sky.a(watchdog.o)
                0x000000000000766e                watchdog_periodic
 .text.watchdog_stop
                0x0000000000007680       0x16 contiki-sky.a(watchdog.o)
                0x0000000000007680                watchdog_stop
 .text.watchdog_init
                0x0000000000007696       0x14 contiki-sky.a(watchdog.o)
                0x0000000000007696                watchdog_init
 .text.rtimer_arch_init
                0x00000000000076aa        0xe contiki-sky.a(rtimer-arch.o)
                0x00000000000076aa                rtimer_arch_init
 .text.rtimer_arch_now
                0x00000000000076b8        0xe contiki-sky.a(rtimer-arch.o)
                0x00000000000076b8                rtimer_arch_now
 .text.timera0  0x00000000000076c6       0x70 contiki-sky.a(rtimer-arch.o)
                0x00000000000076c6                __isr_6
                0x00000000000076c6                timera0
 .text.rtimer_arch_schedule
                0x0000000000007736        0x6 contiki-sky.a(rtimer-arch.o)
                0x0000000000007736                rtimer_arch_schedule
 .text.autostart_start
                0x000000000000773c       0x16 contiki-sky.a(autostart.o)
                0x000000000000773c                autostart_start
 .text.process_thread_ctimer_process
                0x0000000000007752       0xa4 contiki-sky.a(ctimer.o)
 .text.ctimer_init
                0x00000000000077f6       0x18 contiki-sky.a(ctimer.o)
                0x00000000000077f6                ctimer_init
 .text.ctimer_set_with_process
                0x000000000000780e       0x4e contiki-sky.a(ctimer.o)
                0x000000000000780e                ctimer_set_with_process
 .text.ctimer_set
                0x000000000000785c       0x10 contiki-sky.a(ctimer.o)
                0x000000000000785c                ctimer_set
 .text.ctimer_reset
                0x000000000000786c       0x30 contiki-sky.a(ctimer.o)
                0x000000000000786c                ctimer_reset
 .text.ctimer_stop
                0x000000000000789c       0x28 contiki-sky.a(ctimer.o)
                0x000000000000789c                ctimer_stop
 .text.energest_init
                0x00000000000078c4       0x28 contiki-sky.a(energest.o)
                0x00000000000078c4                energest_init
 .text.energest_type_time
                0x00000000000078ec       0x46 contiki-sky.a(energest.o)
                0x00000000000078ec                energest_type_time
 .text.energest_type_set
                0x0000000000007932        0xe contiki-sky.a(energest.o)
                0x0000000000007932                energest_type_set
 .text.energest_flush
                0x0000000000007940       0x48 contiki-sky.a(energest.o)
                0x0000000000007940                energest_flush
 .text.update_time
                0x0000000000007988       0x78 contiki-sky.a(etimer.o)
 .text.etimer_request_poll
                0x0000000000007a00        0xa contiki-sky.a(etimer.o)
                0x0000000000007a00                etimer_request_poll
 .text.process_thread_etimer_process
                0x0000000000007a0a       0xc8 contiki-sky.a(etimer.o)
 .text.add_timer
                0x0000000000007ad2       0x40 contiki-sky.a(etimer.o)
 .text.etimer_set
                0x0000000000007b12       0x12 contiki-sky.a(etimer.o)
                0x0000000000007b12                etimer_set
 .text.etimer_reset
                0x0000000000007b24       0x12 contiki-sky.a(etimer.o)
                0x0000000000007b24                etimer_reset
 .text.etimer_restart
                0x0000000000007b36       0x12 contiki-sky.a(etimer.o)
                0x0000000000007b36                etimer_restart
 .text.etimer_expired
                0x0000000000007b48        0xe contiki-sky.a(etimer.o)
                0x0000000000007b48                etimer_expired
 .text.etimer_pending
                0x0000000000007b56        0xc contiki-sky.a(etimer.o)
                0x0000000000007b56                etimer_pending
 .text.etimer_next_expiration_time
                0x0000000000007b62       0x16 contiki-sky.a(etimer.o)
                0x0000000000007b62                etimer_next_expiration_time
 .text.etimer_stop
                0x0000000000007b78       0x3c contiki-sky.a(etimer.o)
                0x0000000000007b78                etimer_stop
 .text.call_process
                0x0000000000007bb4       0x4a contiki-sky.a(process.o)
 .text.exit_process
                0x0000000000007bfe       0x96 contiki-sky.a(process.o)
 .text.do_poll  0x0000000000007c94       0x30 contiki-sky.a(process.o)
 .text.process_alloc_event
                0x0000000000007cc4        0xe contiki-sky.a(process.o)
                0x0000000000007cc4                process_alloc_event
 .text.process_init
                0x0000000000007cd2       0x1c contiki-sky.a(process.o)
                0x0000000000007cd2                process_init
 .text.process_run
                0x0000000000007cee       0x92 contiki-sky.a(process.o)
                0x0000000000007cee                process_run
 .text.process_nevents
                0x0000000000007d80        0xe contiki-sky.a(process.o)
                0x0000000000007d80                process_nevents
 .text.process_post
                0x0000000000007d8e       0x4e contiki-sky.a(process.o)
                0x0000000000007d8e                process_post
 .text.process_post_synch
                0x0000000000007ddc       0x12 contiki-sky.a(process.o)
                0x0000000000007ddc                process_post_synch
 .text.process_start
                0x0000000000007dee       0x32 contiki-sky.a(process.o)
                0x0000000000007dee                process_start
 .text.process_poll
                0x0000000000007e20       0x18 contiki-sky.a(process.o)
                0x0000000000007e20                process_poll
 .text.rtimer_init
                0x0000000000007e38        0x6 contiki-sky.a(rtimer.o)
                0x0000000000007e38                rtimer_init
 .text.rtimer_run_next
                0x0000000000007e3e       0x26 contiki-sky.a(rtimer.o)
                0x0000000000007e3e                rtimer_run_next
 .text.timer_set
                0x0000000000007e64       0x1c contiki-sky.a(timer.o)
                0x0000000000007e64                timer_set
 .text.timer_reset
                0x0000000000007e80        0xe contiki-sky.a(timer.o)
                0x0000000000007e80                timer_reset
 .text.timer_restart
                0x0000000000007e8e       0x14 contiki-sky.a(timer.o)
                0x0000000000007e8e                timer_restart
 .text.timer_expired
                0x0000000000007ea2       0x2a contiki-sky.a(timer.o)
                0x0000000000007ea2                timer_expired
 .text.list_init
                0x0000000000007ecc        0x6 contiki-sky.a(list.o)
                0x0000000000007ecc                list_init
 .text.list_head
                0x0000000000007ed2        0x4 contiki-sky.a(list.o)
                0x0000000000007ed2                list_head
 .text.list_tail
                0x0000000000007ed6       0x12 contiki-sky.a(list.o)
                0x0000000000007ed6                list_tail
 .text.list_remove
                0x0000000000007ee8       0x34 contiki-sky.a(list.o)
                0x0000000000007ee8                list_remove
 .text.list_push
                0x0000000000007f1c       0x1a contiki-sky.a(list.o)
                0x0000000000007f1c                list_push
 .text.list_add
                0x0000000000007f36       0x2a contiki-sky.a(list.o)
                0x0000000000007f36                list_add
 .text.list_length
                0x0000000000007f60       0x10 contiki-sky.a(list.o)
                0x0000000000007f60                list_length
 .text.list_item_next
                0x0000000000007f70        0xc contiki-sky.a(list.o)
                0x0000000000007f70                list_item_next
 .text.random_init
                0x0000000000007f7c        0x6 contiki-sky.a(random.o)
                0x0000000000007f7c                random_init
 .text.random_rand
                0x0000000000007f82        0x6 contiki-sky.a(random.o)
                0x0000000000007f82                random_rand
 .text.chksum   0x0000000000007f88       0x32 contiki-sky.a(uip.o)
 .text.upper_layer_chksum
                0x0000000000007fba       0x42 contiki-sky.a(uip.o)
 .text.uip_add32
                0x0000000000007ffc       0x68 contiki-sky.a(uip.o)
                0x0000000000007ffc                uip_add32
 .text.unlikely.uip_add_rcv_nxt
                0x0000000000008064       0x2c contiki-sky.a(uip.o)
 .text.uip_chksum
                0x0000000000008090       0x18 contiki-sky.a(uip.o)
                0x0000000000008090                uip_chksum
 .text.uip_tcpchksum
                0x00000000000080a8        0xa contiki-sky.a(uip.o)
                0x00000000000080a8                uip_tcpchksum
 .text.uip_udpchksum
                0x00000000000080b2        0xa contiki-sky.a(uip.o)
                0x00000000000080b2                uip_udpchksum
 .text.uip_init
                0x00000000000080bc       0x50 contiki-sky.a(uip.o)
                0x00000000000080bc                uip_init
 .text.uip_unlisten
                0x000000000000810c       0x2a contiki-sky.a(uip.o)
                0x000000000000810c                uip_unlisten
 .text.uip_process
                0x0000000000008136      0xc82 contiki-sky.a(uip.o)
                0x0000000000008136                uip_process
 .text.uip_htons
                0x0000000000008db8        0xc contiki-sky.a(uip.o)
                0x0000000000008db8                uip_htons
 .text.uip_fw_output
                0x0000000000008dc4       0xf4 contiki-sky.a(uip-fw.o)
                0x0000000000008dc4                uip_fw_output
 .text.uip_fw_forward
                0x0000000000008eb8      0x166 contiki-sky.a(uip-fw.o)
                0x0000000000008eb8                uip_fw_forward
 .text.uip_fw_default
                0x000000000000901e        0x6 contiki-sky.a(uip-fw.o)
                0x000000000000901e                uip_fw_default
 .text.uip_fw_periodic
                0x0000000000009024       0x1c contiki-sky.a(uip-fw.o)
                0x0000000000009024                uip_fw_periodic
 .text.process_thread_uip_fw_process
                0x0000000000009040       0x3c contiki-sky.a(uip-fw-drv.o)
 .text.timedout
                0x000000000000907c       0x12 contiki-sky.a(uip-over-mesh.o)
 .text.new_route
                0x000000000000908e       0x36 contiki-sky.a(uip-over-mesh.o)
 .text.recv_data
                0x00000000000090c4       0x72 contiki-sky.a(uip-over-mesh.o)
 .text.uip_over_mesh_init
                0x0000000000009136       0x54 contiki-sky.a(uip-over-mesh.o)
                0x0000000000009136                uip_over_mesh_init
 .text.uip_over_mesh_send
                0x000000000000918a       0xe8 contiki-sky.a(uip-over-mesh.o)
                0x000000000000918a                uip_over_mesh_send
 .text.uip_over_mesh_set_gateway_netif
                0x0000000000009272        0x6 contiki-sky.a(uip-over-mesh.o)
                0x0000000000009272                uip_over_mesh_set_gateway_netif
 .text.uip_over_mesh_set_gateway
                0x0000000000009278        0xc contiki-sky.a(uip-over-mesh.o)
                0x0000000000009278                uip_over_mesh_set_gateway
 .text.gateway_announce_recv
                0x0000000000009284       0x10 contiki-sky.a(uip-over-mesh.o)
 .text.uip_over_mesh_make_announced_gateway
                0x0000000000009294       0x32 contiki-sky.a(uip-over-mesh.o)
                0x0000000000009294                uip_over_mesh_make_announced_gateway
 .text.uip_over_mesh_set_net
                0x00000000000092c6       0x16 contiki-sky.a(uip-over-mesh.o)
                0x00000000000092c6                uip_over_mesh_set_net
 .text.start_periodic_tcp_timer
                0x00000000000092dc       0x16 contiki-sky.a(tcpip.o)
 .text.tcpip_output
                0x00000000000092f2       0x10 contiki-sky.a(tcpip.o)
                0x00000000000092f2                tcpip_output
 .text.process_thread_tcpip_process
                0x0000000000009302      0x1ac contiki-sky.a(tcpip.o)
 .text.tcpip_set_outputfunc
                0x00000000000094ae        0x6 contiki-sky.a(tcpip.o)
                0x00000000000094ae                tcpip_set_outputfunc
 .text.tcpip_input
                0x00000000000094b4       0x12 contiki-sky.a(tcpip.o)
                0x00000000000094b4                tcpip_input
 .text.tcpip_uipcall
                0x00000000000094c6       0x64 contiki-sky.a(tcpip.o)
                0x00000000000094c6                tcpip_uipcall
 .text.input    0x000000000000952a       0x3a contiki-sky.a(rime.o)
 .text.init     0x0000000000009564       0x2e contiki-sky.a(rime.o)
 .text.packet_sent
                0x0000000000009592       0x44 contiki-sky.a(rime.o)
 .text.rime_output
                0x00000000000095d6       0x24 contiki-sky.a(rime.o)
                0x00000000000095d6                rime_output
 .text.periodic
                0x00000000000095fa       0x58 contiki-sky.a(route.o)
 .text.route_init
                0x0000000000009652       0x28 contiki-sky.a(route.o)
                0x0000000000009652                route_init
 .text.route_lookup
                0x000000000000967a       0x4c contiki-sky.a(route.o)
                0x000000000000967a                route_lookup
 .text.route_add
                0x00000000000096c6       0x9c contiki-sky.a(route.o)
                0x00000000000096c6                route_add
 .text.route_refresh
                0x0000000000009762        0xe contiki-sky.a(route.o)
                0x0000000000009762                route_refresh
 .text.route_remove
                0x0000000000009770       0x1c contiki-sky.a(route.o)
                0x0000000000009770                route_remove
 .text.route_decay
                0x000000000000978c       0x22 contiki-sky.a(route.o)
                0x000000000000978c                route_decay
 .text.route_set_lifetime
                0x00000000000097ae        0x6 contiki-sky.a(route.o)
                0x00000000000097ae                route_set_lifetime
 .text.timeout_handler
                0x00000000000097b4       0x14 contiki-sky.a(route-discovery)
 .text.rrep_packet_received
                0x00000000000097c8       0xa0 contiki-sky.a(route-discovery)
 .text.rreq_packet_received
                0x0000000000009868       0xd0 contiki-sky.a(route-discovery)
 .text.route_discovery_explicit_open
                0x0000000000009938       0x2a contiki-sky.a(route-discovery)
                0x0000000000009938                route_discovery_explicit_open
 .text.route_discovery_open
                0x0000000000009962       0x16 contiki-sky.a(route-discovery)
                0x0000000000009962                route_discovery_open
 .text.route_discovery_discover
                0x0000000000009978       0x6e contiki-sky.a(route-discovery)
                0x0000000000009978                route_discovery_discover
 .text.send     0x00000000000099e6       0x1c contiki-sky.a(trickle.o)
 .text.run_trickle
                0x0000000000009a02       0xbe contiki-sky.a(trickle.o)
 .text.timer_callback
                0x0000000000009ac0        0x6 contiki-sky.a(trickle.o)
 .text.recv     0x0000000000009ac6       0x86 contiki-sky.a(trickle.o)
 .text.trickle_open
                0x0000000000009b4c       0x44 contiki-sky.a(trickle.o)
                0x0000000000009b4c                trickle_open
 .text.trickle_send
                0x0000000000009b90       0x3e contiki-sky.a(trickle.o)
                0x0000000000009b90                trickle_send
 .text.sent_by_broadcast
                0x0000000000009bce       0x10 contiki-sky.a(unicast.o)
 .text.recv_from_broadcast
                0x0000000000009bde       0x2e contiki-sky.a(unicast.o)
 .text.unicast_open
                0x0000000000009c0c       0x2a contiki-sky.a(unicast.o)
                0x0000000000009c0c                unicast_open
 .text.unicast_send
                0x0000000000009c36       0x16 contiki-sky.a(unicast.o)
                0x0000000000009c36                unicast_send
 .text.input_packet
                0x0000000000009c4c        0x6 contiki-sky.a(csma.o)
 .text.on       0x0000000000009c52        0x6 contiki-sky.a(csma.o)
 .text.off      0x0000000000009c58        0x6 contiki-sky.a(csma.o)
 .text.channel_check_interval
                0x0000000000009c5e       0x10 contiki-sky.a(csma.o)
 .text.transmit_packet_list
                0x0000000000009c6e       0x24 contiki-sky.a(csma.o)
 .text.schedule_transmission
                0x0000000000009c92       0x94 contiki-sky.a(csma.o)
 .text.send_packet
                0x0000000000009d26      0x170 contiki-sky.a(csma.o)
 .text.init     0x0000000000009e96       0x1a contiki-sky.a(csma.o)
 .text.tx_done  0x0000000000009eb0       0x92 contiki-sky.a(csma.o)
 .text.packet_sent
                0x0000000000009f42       0xd2 contiki-sky.a(csma.o)
 .text.mac_call_sent_callback
                0x000000000000a014       0x14 contiki-sky.a(mac.o)
                0x000000000000a014                mac_call_sent_callback
 .text.on       0x000000000000a028        0x6 contiki-sky.a(nullrdc.o)
 .text.channel_check_interval
                0x000000000000a02e        0x4 contiki-sky.a(nullrdc.o)
 .text.init     0x000000000000a032        0x6 contiki-sky.a(nullrdc.o)
 .text.send_one_packet
                0x000000000000a038       0x6a contiki-sky.a(nullrdc.o)
 .text.send_list
                0x000000000000a0a2       0x30 contiki-sky.a(nullrdc.o)
 .text.send_packet
                0x000000000000a0d2        0x6 contiki-sky.a(nullrdc.o)
 .text.off      0x000000000000a0d8       0x10 contiki-sky.a(nullrdc.o)
 .text.packet_input
                0x000000000000a0e8       0x26 contiki-sky.a(nullrdc.o)
 .text.linkaddr_copy
                0x000000000000a10e        0xc contiki-sky.a(linkaddr.o)
                0x000000000000a10e                linkaddr_copy
 .text.linkaddr_cmp
                0x000000000000a11a       0x12 contiki-sky.a(linkaddr.o)
                0x000000000000a11a                linkaddr_cmp
 .text.linkaddr_set_node_addr
                0x000000000000a12c        0xc contiki-sky.a(linkaddr.o)
                0x000000000000a12c                linkaddr_set_node_addr
 .text.packetbuf_hdrreduce
                0x000000000000a138       0x1a contiki-sky.a(packetbuf.o)
                0x000000000000a138                packetbuf_hdrreduce
 .text.packetbuf_set_datalen
                0x000000000000a152        0x6 contiki-sky.a(packetbuf.o)
                0x000000000000a152                packetbuf_set_datalen
 .text.packetbuf_hdrptr
                0x000000000000a158        0x6 contiki-sky.a(packetbuf.o)
                0x000000000000a158                packetbuf_hdrptr
 .text.packetbuf_datalen
                0x000000000000a15e        0x6 contiki-sky.a(packetbuf.o)
                0x000000000000a15e                packetbuf_datalen
 .text.packetbuf_hdrlen
                0x000000000000a164        0xa contiki-sky.a(packetbuf.o)
                0x000000000000a164                packetbuf_hdrlen
 .text.packetbuf_dataptr
                0x000000000000a16e        0xc contiki-sky.a(packetbuf.o)
                0x000000000000a16e                packetbuf_dataptr
 .text.packetbuf_copyto
                0x000000000000a17a       0x46 contiki-sky.a(packetbuf.o)
                0x000000000000a17a                packetbuf_copyto
 .text.packetbuf_compact
                0x000000000000a1c0       0x36 contiki-sky.a(packetbuf.o)
                0x000000000000a1c0                packetbuf_compact
 .text.packetbuf_totlen
                0x000000000000a1f6        0xc contiki-sky.a(packetbuf.o)
                0x000000000000a1f6                packetbuf_totlen
 .text.packetbuf_hdralloc
                0x000000000000a202       0x3a contiki-sky.a(packetbuf.o)
                0x000000000000a202                packetbuf_hdralloc
 .text.packetbuf_attr_clear
                0x000000000000a23c       0x2c contiki-sky.a(packetbuf.o)
                0x000000000000a23c                packetbuf_attr_clear
 .text.packetbuf_clear
                0x000000000000a268       0x12 contiki-sky.a(packetbuf.o)
                0x000000000000a268                packetbuf_clear
 .text.packetbuf_copyfrom
                0x000000000000a27a       0x2e contiki-sky.a(packetbuf.o)
                0x000000000000a27a                packetbuf_copyfrom
 .text.packetbuf_attr_copyto
                0x000000000000a2a8       0x20 contiki-sky.a(packetbuf.o)
                0x000000000000a2a8                packetbuf_attr_copyto
 .text.packetbuf_attr_copyfrom
                0x000000000000a2c8       0x22 contiki-sky.a(packetbuf.o)
                0x000000000000a2c8                packetbuf_attr_copyfrom
 .text.packetbuf_holds_broadcast
                0x000000000000a2ea        0xe contiki-sky.a(packetbuf.o)
                0x000000000000a2ea                packetbuf_holds_broadcast
 .text.queuebuf_init
                0x000000000000a2f8       0x12 contiki-sky.a(queuebuf.o)
                0x000000000000a2f8                queuebuf_init
 .text.queuebuf_new_from_packetbuf
                0x000000000000a30a       0x52 contiki-sky.a(queuebuf.o)
                0x000000000000a30a                queuebuf_new_from_packetbuf
 .text.queuebuf_update_attr_from_packetbuf
                0x000000000000a35c       0x12 contiki-sky.a(queuebuf.o)
                0x000000000000a35c                queuebuf_update_attr_from_packetbuf
 .text.queuebuf_free
                0x000000000000a36e       0x2a contiki-sky.a(queuebuf.o)
                0x000000000000a36e                queuebuf_free
 .text.queuebuf_to_packetbuf
                0x000000000000a398       0x32 contiki-sky.a(queuebuf.o)
                0x000000000000a398                queuebuf_to_packetbuf
 .text.queuebuf_dataptr
                0x000000000000a3ca       0x1c contiki-sky.a(queuebuf.o)
                0x000000000000a3ca                queuebuf_dataptr
 .text.queuebuf_datalen
                0x000000000000a3e6        0x8 contiki-sky.a(queuebuf.o)
                0x000000000000a3e6                queuebuf_datalen
 .text.queuebuf_attr
                0x000000000000a3ee        0xe contiki-sky.a(queuebuf.o)
                0x000000000000a3ee                queuebuf_attr
 .text.hdr_length
                0x000000000000a3fc        0x8 contiki-sky.a(contikimac-fram)
 .text.parse    0x000000000000a404       0x3a contiki-sky.a(contikimac-fram)
 .text.create   0x000000000000a43e       0x74 contiki-sky.a(contikimac-fram)
 .text.init     0x000000000000a4b2        0x2 contiki-sky.a(nullsec.o)
 .text.send     0x000000000000a4b4        0xa contiki-sky.a(nullsec.o)
 .text.input    0x000000000000a4be        0x6 contiki-sky.a(nullsec.o)
 .text.spi_init
                0x000000000000a4c4       0x32 contiki-sky.a(spi.o)
                0x000000000000a4c4                spi_init
 .text.uip_ipchksum
                0x000000000000a4f6       0x32 contiki-sky.a(uip-ipchksum.o)
                0x000000000000a4f6                uip_ipchksum
 .text.memb_init
                0x000000000000a528       0x36 contiki-sky.a(memb.o)
                0x000000000000a528                memb_init
 .text.memb_alloc
                0x000000000000a55e       0x3e contiki-sky.a(memb.o)
                0x000000000000a55e                memb_alloc
 .text.memb_free
                0x000000000000a59c       0x3a contiki-sky.a(memb.o)
                0x000000000000a59c                memb_free
 .text.memb_inmemb
                0x000000000000a5d6       0x2e contiki-sky.a(memb.o)
                0x000000000000a5d6                memb_inmemb
 .text.abc_open
                0x000000000000a604       0x26 contiki-sky.a(abc.o)
                0x000000000000a604                abc_open
 .text.abc_send
                0x000000000000a62a        0x6 contiki-sky.a(abc.o)
                0x000000000000a62a                abc_send
 .text.abc_input
                0x000000000000a630        0xe contiki-sky.a(abc.o)
                0x000000000000a630                abc_input
 .text.abc_sent
                0x000000000000a63e       0x10 contiki-sky.a(abc.o)
                0x000000000000a63e                abc_sent
 .text.announcement_init
                0x000000000000a64e        0xa contiki-sky.a(announcement.o)
                0x000000000000a64e                announcement_init
 .text.announcement_register_observer_callback
                0x000000000000a658        0x6 contiki-sky.a(announcement.o)
                0x000000000000a658                announcement_register_observer_callback
 .text.announcement_list
                0x000000000000a65e        0xa contiki-sky.a(announcement.o)
                0x000000000000a65e                announcement_list
 .text.announcement_heard
                0x000000000000a668       0x42 contiki-sky.a(announcement.o)
                0x000000000000a668                announcement_heard
 .text.adv_packet_sent
                0x000000000000a6aa        0x2 contiki-sky.a(broadcast-annou)
 .text.adv_packet_received
                0x000000000000a6ac       0x66 contiki-sky.a(broadcast-annou)
 .text.set_timers
                0x000000000000a712       0x4a contiki-sky.a(broadcast-annou)
 .text.send_timer
                0x000000000000a75c       0x36 contiki-sky.a(broadcast-annou)
 .text.new_announcement
                0x000000000000a792       0x18 contiki-sky.a(broadcast-annou)
 .text.send_adv
                0x000000000000a7aa       0x66 contiki-sky.a(broadcast-annou)
 .text.broadcast_announcement_init
                0x000000000000a810       0x48 contiki-sky.a(broadcast-annou)
                0x000000000000a810                broadcast_announcement_init
 .text.sent_by_abc
                0x000000000000a858       0x10 contiki-sky.a(broadcast.o)
 .text.recv_from_abc
                0x000000000000a868       0x26 contiki-sky.a(broadcast.o)
 .text.broadcast_open
                0x000000000000a88e       0x2a contiki-sky.a(broadcast.o)
                0x000000000000a88e                broadcast_open
 .text.broadcast_send
                0x000000000000a8b8       0x1a contiki-sky.a(broadcast.o)
                0x000000000000a8b8                broadcast_send
 .text.chameleon_init
                0x000000000000a8d2        0x6 contiki-sky.a(chameleon.o)
                0x000000000000a8d2                chameleon_init
 .text.chameleon_parse
                0x000000000000a8d8       0x10 contiki-sky.a(chameleon.o)
                0x000000000000a8d8                chameleon_parse
 .text.chameleon_create
                0x000000000000a8e8       0x1c contiki-sky.a(chameleon.o)
                0x000000000000a8e8                chameleon_create
 .text.chameleon_hdrsize
                0x000000000000a904        0x6 contiki-sky.a(chameleon.o)
                0x000000000000a904                chameleon_hdrsize
 .text.channel_init
                0x000000000000a90a        0xa contiki-sky.a(channel.o)
                0x000000000000a90a                channel_init
 .text.channel_open
                0x000000000000a914       0x10 contiki-sky.a(channel.o)
                0x000000000000a914                channel_open
 .text.channel_lookup
                0x000000000000a924       0x20 contiki-sky.a(channel.o)
                0x000000000000a924                channel_lookup
 .text.channel_set_attributes
                0x000000000000a944       0x24 contiki-sky.a(channel.o)
                0x000000000000a944                channel_set_attributes
 .text.sent     0x000000000000a968       0x10 contiki-sky.a(netflood.o)
 .text.dropped  0x000000000000a978       0x10 contiki-sky.a(netflood.o)
 .text.recv_from_ipolite
                0x000000000000a988       0xf2 contiki-sky.a(netflood.o)
 .text.netflood_open
                0x000000000000aa7a       0x2e contiki-sky.a(netflood.o)
                0x000000000000aa7a                netflood_open
 .text.netflood_send
                0x000000000000aaa8       0x62 contiki-sky.a(netflood.o)
                0x000000000000aaa8                netflood_send
 .text.parse    0x000000000000ab0a       0xb0 contiki-sky.a(framer-802154.o)
 .text.create_frame.isra.0
                0x000000000000abba      0x114 contiki-sky.a(framer-802154.o)
 .text.create   0x000000000000acce        0x8 contiki-sky.a(framer-802154.o)
 .text.hdr_length
                0x000000000000acd6        0x8 contiki-sky.a(framer-802154.o)
 .text.get_bits_in_byte
                0x000000000000acde       0x3a contiki-sky.a(chameleon-bitop)
 .text.header_size
                0x000000000000ad18       0x16 contiki-sky.a(chameleon-bitop)
 .text.get_bits
                0x000000000000ad2e       0xa4 contiki-sky.a(chameleon-bitop)
                0x000000000000ad2e                get_bits
 .text.unpack_header
                0x000000000000add2       0xdc contiki-sky.a(chameleon-bitop)
 .text.set_bits_in_byte
                0x000000000000aeae       0x2c contiki-sky.a(chameleon-bitop)
                0x000000000000aeae                set_bits_in_byte
 .text.set_bits
                0x000000000000aeda       0xd2 contiki-sky.a(chameleon-bitop)
                0x000000000000aeda                set_bits
 .text.pack_header
                0x000000000000afac       0xc4 contiki-sky.a(chameleon-bitop)
 .text.sent     0x000000000000b070        0x2 contiki-sky.a(ipolite.o)
 .text.recv     0x000000000000b072       0xa6 contiki-sky.a(ipolite.o)
 .text.send     0x000000000000b118       0x36 contiki-sky.a(ipolite.o)
 .text.ipolite_open
                0x000000000000b14e       0x24 contiki-sky.a(ipolite.o)
                0x000000000000b14e                ipolite_open
 .text.ipolite_send
                0x000000000000b172       0xaa contiki-sky.a(ipolite.o)
                0x000000000000b172                ipolite_send
 .text.frame802154_get_pan_id
                0x000000000000b21c        0x6 contiki-sky.a(frame802154.o)
                0x000000000000b21c                frame802154_get_pan_id
 .text.frame802154_has_panid
                0x000000000000b222       0x64 contiki-sky.a(frame802154.o)
                0x000000000000b222                frame802154_has_panid
 .text.field_len
                0x000000000000b286       0xb2 contiki-sky.a(frame802154.o)
 .text.frame802154_is_broadcast_addr
                0x000000000000b338       0x24 contiki-sky.a(frame802154.o)
                0x000000000000b338                frame802154_is_broadcast_addr
 .text.frame802154_hdrlen
                0x000000000000b35c       0x32 contiki-sky.a(frame802154.o)
                0x000000000000b35c                frame802154_hdrlen
 .text.frame802154_create
                0x000000000000b38e      0x16a contiki-sky.a(frame802154.o)
                0x000000000000b38e                frame802154_create
 .text.frame802154_parse
                0x000000000000b4f8      0x226 contiki-sky.a(frame802154.o)
                0x000000000000b4f8                frame802154_parse
 .text.libgcc   0x000000000000b71e       0x2c /usr/lib/gcc/msp430/4.6.3/mmpy-16/libgcc.a(_mulsi3.o)
                0x000000000000b71e                __mulsi3
 .text.libgcc   0x000000000000b74a       0x22 /usr/lib/gcc/msp430/4.6.3/mmpy-16/libgcc.a(_udivmod16.o)
                0x000000000000b74a                __udivhi3
                0x000000000000b74a                __ext_udivmod16
                0x000000000000b764                __umodhi3
 .text.libgcc   0x000000000000b76c       0x40 /usr/lib/gcc/msp430/4.6.3/mmpy-16/libgcc.a(_udivmod32.o)
                0x000000000000b76c                __udivsi3
                0x000000000000b76c                __ext_udivmod32
                0x000000000000b7a2                __umodsi3
 .text.libgcc   0x000000000000b7ac       0x4c /usr/lib/gcc/msp430/4.6.3/mmpy-16/libgcc.a(_divmod32.o)
                0x000000000000b7ac                __ext_divmod32
                0x000000000000b7ac                __divsi3
                0x000000000000b7ee                __modsi3
 .text          0x000000000000b7f8       0x1e /usr/lib/gcc/msp430/4.6.3/../../../../msp430/lib/mmpy-16/libc.a(strcmp.o)
                0x000000000000b7f8                strcmp
 .text          0x000000000000b816       0x28 /usr/lib/gcc/msp430/4.6.3/../../../../msp430/lib/mmpy-16/libc.a(strncmp.o)
                0x000000000000b816                strncmp
 .text          0x000000000000b83e       0x20 /usr/lib/gcc/msp430/4.6.3/../../../../msp430/lib/mmpy-16/libc.a(memcmp.o)
                0x000000000000b83e                memcmp
 .text          0x000000000000b85e       0x2a /usr/lib/gcc/msp430/4.6.3/../../../../msp430/lib/mmpy-16/libc.a(strncpy.o)
                0x000000000000b85e                strncpy
 .text          0x000000000000b888       0xfa /usr/lib/gcc/msp430/4.6.3/../../../../msp430/lib/mmpy-16/libc.a(memcpy.o)
                0x000000000000b888                memcpy
 .text          0x000000000000b982       0x6a /usr/lib/gcc/msp430/4.6.3/../../../../msp430/lib/mmpy-16/libc.a(memset.o)
                0x000000000000b982                memset
 .text          0x000000000000b9ec       0x1e /usr/lib/gcc/msp430/4.6.3/../../../../msp430/lib/mmpy-16/libc.a(printf.o)
                0x000000000000b9ec                printf
                0x000000000000b9fc                vprintf
 .text          0x000000000000ba0a      0x836 /usr/lib/gcc/msp430/4.6.3/../../../../msp430/lib/mmpy-16/libc.a(vuprintf.o)
                0x000000000000bba2                vuprintf
 .text          0x000000000000c240       0x2c /usr/lib/gcc/msp430/4.6.3/../../../../msp430/lib/mmpy-16/libc.a(puts.o)
                0x000000000000c240                puts
 .text          0x000000000000c26c       0x54 /usr/lib/gcc/msp430/4.6.3/../../../../msp430/lib/mmpy-16/libc.a(rand.o)
                0x000000000000c26c                rand_r
                0x000000000000c290                rand
                0x000000000000c2b6                srand
 .text.libgcc   0x000000000000c2c0       0xf0 /usr/lib/gcc/msp430/4.6.3/mmpy-16/libgcc.a(_udivmod64.o)
                0x000000000000c2c0                __xabi_udivmod64
                0x000000000000c31e                __udivdi3
                0x000000000000c344                __umoddi3
                0x000000000000c372                __udivmoddi4
 .text.crt0     0x000000000000c3b0        0x2 /usr/lib/gcc/msp430/4.6.3/mmpy-16/libcrt0.a(_unexpected_.o)
                0x000000000000c3b0                _unexpected_
                0x000000000000c3b2                . = ALIGN (0x2)

.rodata         0x000000000000c3b2      0x47e
                0x000000000000c3b2                . = ALIGN (0x2)
 *(.rodata .rodata.* .gnu.linkonce.r.*)
 .rodata        0x000000000000c3b2      0x158 flashTest.co
                0x000000000000c4fa                autostart_processes
 .rodata        0x000000000000c50a      0x168 obj_sky/contiki-sky-main.o
 .rodata        0x000000000000c672       0x10 contiki-sky.a(button-sensor.o)
                0x000000000000c67a                button_sensor
 .rodata        0x000000000000c682        0x8 contiki-sky.a(sensors.o)
 .rodata        0x000000000000c68a       0x70 contiki-sky.a(cc2420.o)
                0x000000000000c6bc                cc2420_aes_128_driver
                0x000000000000c6c0                cc2420_driver
 .rodata        0x000000000000c6fa       0x26 contiki-sky.a(slip.o)
 .rodata        0x000000000000c720        0xf contiki-sky.a(ctimer.o)
 .rodata        0x000000000000c72f        0xc contiki-sky.a(etimer.o)
 *fill*         0x000000000000c73b        0x1 00
 .rodata        0x000000000000c73c       0x28 contiki-sky.a(uip.o)
                0x000000000000c75c                uip_all_zeroes_addr
                0x000000000000c760                uip_broadcast_addr
 .rodata        0x000000000000c764        0xe contiki-sky.a(uip-fw-drv.o)
 .rodata        0x000000000000c772        0xa contiki-sky.a(uip-over-mesh.o)
 .rodata        0x000000000000c77c        0xd contiki-sky.a(tcpip.o)
 *fill*         0x000000000000c789        0x1 00
 .rodata        0x000000000000c78a        0xc contiki-sky.a(rime.o)
                0x000000000000c790                rime_driver
 .rodata        0x000000000000c796        0xa contiki-sky.a(route-discovery)
 .rodata        0x000000000000c7a0        0xa contiki-sky.a(trickle.o)
 .rodata        0x000000000000c7aa        0xa contiki-sky.a(unicast.o)
 .rodata        0x000000000000c7b4       0x14 contiki-sky.a(csma.o)
                0x000000000000c7ba                csma_driver
 .rodata        0x000000000000c7c8       0x18 contiki-sky.a(nullrdc.o)
                0x000000000000c7d0                nullrdc_driver
 .rodata        0x000000000000c7e0        0x2 contiki-sky.a(linkaddr.o)
                0x000000000000c7e0                linkaddr_null
 .rodata        0x000000000000c7e2        0x6 contiki-sky.a(contikimac-fram)
                0x000000000000c7e2                contikimac_framer
 .rodata        0x000000000000c7e8       0x10 contiki-sky.a(nullsec.o)
                0x000000000000c7f0                nullsec_driver
 .rodata        0x000000000000c7f8        0x2 contiki-sky.a(abc.o)
 .rodata        0x000000000000c7fa        0x4 contiki-sky.a(broadcast-annou)
 .rodata        0x000000000000c7fe        0x8 contiki-sky.a(broadcast.o)
 .rodata        0x000000000000c806        0x6 contiki-sky.a(netflood.o)
 .rodata        0x000000000000c80c        0x6 contiki-sky.a(framer-802154.o)
                0x000000000000c80c                framer_802154
 .rodata        0x000000000000c812       0x10 contiki-sky.a(chameleon-bitop)
                0x000000000000c812                chameleon_bitopt
 .rodata        0x000000000000c822        0x4 contiki-sky.a(ipolite.o)
 .rodata        0x000000000000c826        0x2 contiki-sky.a(frame802154.o)
 .rodata        0x000000000000c828        0x7 /usr/lib/gcc/msp430/4.6.3/../../../../msp430/lib/mmpy-16/libc.a(vuprintf.o)
                0x000000000000c830                . = ALIGN (0x2)
 *fill*         0x000000000000c82f        0x1 00
                0x000000000000c830                _etext = .

.data           0x0000000000001100       0xa6 load address 0x000000000000c830
                0x0000000000001100                . = ALIGN (0x2)
                0x0000000000001100                PROVIDE (__data_start, .)
 *(.data .data.* .gnu.linkonce.d.*)
 .data          0x0000000000001100        0xa flashTest.co
                0x0000000000001100                flashTest_process
 .data          0x000000000000110a       0x18 obj_sky/contiki-sky-main.o
 .data          0x0000000000001122        0x4 contiki-sky.a(contiki-sky-pla)
                0x0000000000001122                sensors
 .data          0x0000000000001126        0xa contiki-sky.a(sensors.o)
                0x0000000000001126                sensors_process
 .data          0x0000000000001130        0xa contiki-sky.a(cc2420.o)
                0x0000000000001130                cc2420_process
 .data          0x000000000000113a        0xa contiki-sky.a(slip.o)
                0x000000000000113a                slip_process
 .data          0x0000000000001144        0x2 contiki-sky.a(msp430.o)
 .data          0x0000000000001146        0xa contiki-sky.a(ctimer.o)
                0x0000000000001146                ctimer_process
 .data          0x0000000000001150        0xa contiki-sky.a(etimer.o)
                0x0000000000001150                etimer_process
 .data          0x000000000000115a        0xa contiki-sky.a(uip-fw-drv.o)
                0x000000000000115a                uip_fw_process
 .data          0x0000000000001164        0xa contiki-sky.a(tcpip.o)
                0x0000000000001164                tcpip_process
 .data          0x000000000000116e        0xa contiki-sky.a(route.o)
 .data          0x0000000000001178       0x18 contiki-sky.a(csma.o)
 .data          0x0000000000001190       0x10 contiki-sky.a(queuebuf.o)
 .data          0x00000000000011a0        0x2 contiki-sky.a(frame802154.o)
 .data          0x00000000000011a2        0x4 /usr/lib/gcc/msp430/4.6.3/../../../../msp430/lib/mmpy-16/libc.a(rand.o)
                0x00000000000011a6                . = ALIGN (0x2)
                0x00000000000011a6                _edata = .
                0x000000000000c830                PROVIDE (__data_load_start, LOADADDR (.data))
                0x00000000000000a6                PROVIDE (__data_size, SIZEOF (.data))

.bss            0x00000000000011a6     0x1664 load address 0x000000000000c8d6
                0x00000000000011a6                PROVIDE (__bss_start, .)
 *(.bss .bss.*)
 .bss           0x00000000000011a6       0x60 flashTest.co
 .bss           0x0000000000001206        0xe obj_sky/contiki-sky-main.o
 .bss           0x0000000000001214        0x8 contiki-sky.a(button-sensor.o)
 .bss           0x000000000000121c        0x2 contiki-sky.a(node-id.o)
                0x000000000000121c                node_id
 .bss           0x000000000000121e        0x6 contiki-sky.a(sensors.o)
 .bss           0x0000000000001224       0x90 contiki-sky.a(cfs-coffee.o)
 .bss           0x00000000000012b4        0xc contiki-sky.a(cc2420.o)
 .bss           0x00000000000012c0       0x9a contiki-sky.a(uart1.o)
 .bss           0x000000000000135a        0x1 contiki-sky.a(slip_uart1.o)
 *fill*         0x000000000000135b        0x1 00
 .bss           0x000000000000135c       0x88 contiki-sky.a(slip.o)
 .bss           0x00000000000013e4        0xa contiki-sky.a(clock.o)
 .bss           0x00000000000013ee        0x1 contiki-sky.a(leds.o)
 *fill*         0x00000000000013ef        0x1 00
 .bss           0x00000000000013f0        0x2 contiki-sky.a(watchdog.o)
 .bss           0x00000000000013f2        0x4 contiki-sky.a(ctimer.o)
 .bss           0x00000000000013f6        0x6 contiki-sky.a(etimer.o)
 .bss           0x00000000000013fc       0x38 contiki-sky.a(process.o)
                0x00000000000013fc                process_current
                0x00000000000013fe                process_list
 .bss           0x0000000000001434        0x2 contiki-sky.a(rtimer.o)
 .bss           0x0000000000001436       0x14 contiki-sky.a(uip.o)
                0x0000000000001436                uip_lladdr
 .bss           0x000000000000144a      0x1a8 contiki-sky.a(uip-fw.o)
 .bss           0x00000000000015f2       0xd2 contiki-sky.a(uip-over-mesh.o)
 .bss           0x00000000000016c4       0x30 contiki-sky.a(tcpip.o)
 .bss           0x00000000000016f4        0x2 contiki-sky.a(rime.o)
 .bss           0x00000000000016f6       0x7e contiki-sky.a(route.o)
 .bss           0x0000000000001774        0x1 contiki-sky.a(route-discovery)
 *fill*         0x0000000000001775        0x1 00
 .bss           0x0000000000001776      0x124 contiki-sky.a(csma.o)
 .bss           0x000000000000189a       0x86 contiki-sky.a(packetbuf.o)
 .bss           0x0000000000001920      0xc20 contiki-sky.a(queuebuf.o)
 .bss           0x0000000000002540        0x6 contiki-sky.a(announcement.o)
 .bss           0x0000000000002546       0x46 contiki-sky.a(broadcast-annou)
 .bss           0x000000000000258c        0x2 contiki-sky.a(channel.o)
 .bss           0x000000000000258e        0x2 contiki-sky.a(framer-802154.o)
 *(COMMON)
 COMMON         0x0000000000002590        0x2 contiki-sky.a(contiki-sky-pla)
                0x0000000000002590                sensors_flags
 COMMON         0x0000000000002592        0x8 contiki-sky.a(ds2411.o)
                0x0000000000002592                ds2411_id
 COMMON         0x000000000000259a        0x1 contiki-sky.a(sensors.o)
                0x000000000000259a                sensors_event
 *fill*         0x000000000000259b        0x1 00
 COMMON         0x000000000000259c       0x10 contiki-sky.a(cc2420.o)
                0x000000000000259c                cc2420_last_rssi
                0x000000000000259e                cc2420_sfd_start_time
                0x00000000000025a0                cc2420_time_of_departure
                0x00000000000025a2                cc2420_time_of_arrival
                0x00000000000025a4                cc2420_last_correlation
                0x00000000000025a6                cc2420_authority_level_of_sender
                0x00000000000025a8                cc2420_sfd_counter
                0x00000000000025aa                cc2420_sfd_end_time
 COMMON         0x00000000000025ac        0x1 contiki-sky.a(slip.o)
                0x00000000000025ac                slip_active
 *fill*         0x00000000000025ad        0x1 00
 COMMON         0x00000000000025ae        0x2 contiki-sky.a(msp430.o)
                0x00000000000025ae                msp430_dco_required
 COMMON         0x00000000000025b0       0x56 contiki-sky.a(energest.o)
                0x00000000000025b0                energest_total_time
                0x00000000000025e0                energest_total_count
                0x00000000000025e2                energest_current_mode
                0x00000000000025ee                energest_current_time
 COMMON         0x0000000000002606        0x1 contiki-sky.a(process.o)
                0x0000000000002606                process_maxevents
 *fill*         0x0000000000002607        0x1 00
 COMMON         0x0000000000002608      0x1c2 contiki-sky.a(uip.o)
                0x0000000000002608                uip_len
                0x000000000000260a                uip_sappdata
                0x000000000000260c                uip_acc32
                0x0000000000002610                uip_aligned_buf
                0x000000000000267c                uip_flags
                0x000000000000267e                uip_udp_conn
                0x0000000000002680                uip_appdata
                0x0000000000002682                uip_conn
                0x0000000000002684                uip_conns
                0x0000000000002704                uip_listenports
                0x0000000000002714                uip_draddr
                0x0000000000002718                uip_netmask
                0x000000000000271c                uip_hostaddr
                0x0000000000002720                uip_slen
                0x0000000000002722                uip_udp_conns
 COMMON         0x00000000000027ca        0x2 contiki-sky.a(tcpip.o)
                0x00000000000027ca                tcpip_is_forwarding
                0x00000000000027cb                tcpip_event
 COMMON         0x00000000000027cc        0x2 contiki-sky.a(linkaddr.o)
                0x00000000000027cc                linkaddr_node_addr
 COMMON         0x00000000000027ce       0x3c contiki-sky.a(packetbuf.o)
                0x00000000000027ce                packetbuf_addrs
                0x00000000000027d6                packetbuf_attrs
                0x000000000000280a                . = ALIGN (0x2)
                0x000000000000280a                PROVIDE (__bss_end, .)
                0x0000000000001664                PROVIDE (__bss_size, SIZEOF (.bss))

.noinit         0x000000000000280a        0x2 load address 0x000000000000c8d6
                0x000000000000280a                PROVIDE (__noinit_start, .)
 *(.noinit .noinit.*)
 .noinit.crt0   0x000000000000280a        0x2 /usr/lib/gcc/msp430/4.6.3/mmpy-16/libcrt0.a(__watchdog_support.o)
                0x000000000000280a                __wdt_clear_value
                0x000000000000280c                . = ALIGN (0x2)
                0x000000000000280c                PROVIDE (__noinit_end, .)
                0x000000000000280c                . = ALIGN (0x2)
                0x000000000000280c                _end = .

.infomem        0x0000000000001000        0x0
 *(.infomem)
                0x0000000000001000                . = ALIGN (0x2)
 *(.infomem.*)

.infomemnobits  0x0000000000001000        0x0
 *(.infomemnobits)
                0x0000000000001000                . = ALIGN (0x2)
 *(.infomemnobits.*)

.infoa
 *(.infoa .infoa.*)

.infob
 *(.infob .infob.*)

.infoc
 *(.infoc .infoc.*)

.infod
 *(.infod .infod.*)

.vectors        0x000000000000ffe0       0x20
                0x000000000000ffe0                PROVIDE (__vectors_start, .)
 *(.vectors*)
 .vectors       0x000000000000ffe0       0x20 /usr/lib/gcc/msp430/4.6.3/mmpy-16/crt0ivtbl16.o
                0x000000000000ffe0                __ivtbl_16
                0x0000000000010000                _vectors_end = .

.fartext        0x0000000000000000        0x0
                0x0000000000000000                . = ALIGN (0x2)
 *(.fartext)
                0x0000000000000000                . = ALIGN (0x2)
 *(.fartext.*)
                0x0000000000000000                _efartext = .

.profiler
 *(.profiler)

.stab           0x0000000000000000    0x23418
 *(.stab)
 .stab          0x0000000000000000     0x1410 flashTest.co
 .stab          0x0000000000001410     0x123c obj_sky/contiki-sky-main.o
                                       0x1950 (size before relaxing)
 .stab          0x000000000000264c      0x240 contiki-sky.a(contiki-sky-pla)
                                        0x5b8 (size before relaxing)
 .stab          0x000000000000288c      0x468 contiki-sky.a(button-sensor.o)
                                        0x7d4 (size before relaxing)
 .stab          0x0000000000002cf4      0x624 contiki-sky.a(ds2411.o)
                                        0xb40 (size before relaxing)
 .stab          0x0000000000003318      0xbac contiki-sky.a(xmem.o)
                                        0xf60 (size before relaxing)
 .stab          0x0000000000003ec4      0x2b8 contiki-sky.a(node-id.o)
                                        0x4e0 (size before relaxing)
 .stab          0x000000000000417c      0x654 contiki-sky.a(sensors.o)
                                        0xb70 (size before relaxing)
 .stab          0x00000000000047d0     0x27d8 contiki-sky.a(cfs-coffee.o)
                                       0x2d0c (size before relaxing)
 .stab          0x0000000000006fa8     0x2904 contiki-sky.a(cc2420.o)
                                       0x3030 (size before relaxing)
 .stab          0x00000000000098ac      0xa68 contiki-sky.a(cc2420-arch.o)
                                       0x13f8 (size before relaxing)
 .stab          0x000000000000a314      0x60c contiki-sky.a(uart1.o)
                                        0x960 (size before relaxing)
 .stab          0x000000000000a920      0x348 contiki-sky.a(slip_uart1.o)
                                        0x69c (size before relaxing)
 .stab          0x000000000000ac68      0xd5c contiki-sky.a(slip.o)
                                       0x150c (size before relaxing)
 .stab          0x000000000000b9c4      0x744 contiki-sky.a(msp430.o)
                                        0xa98 (size before relaxing)
 .stab          0x000000000000c108      0x948 contiki-sky.a(clock.o)
                                        0xc9c (size before relaxing)
 .stab          0x000000000000ca50      0x5dc contiki-sky.a(leds.o)
                                        0x828 (size before relaxing)
 .stab          0x000000000000d02c      0x3a8 contiki-sky.a(leds-arch.o)
                                        0x6fc (size before relaxing)
 .stab          0x000000000000d3d4      0x3fc contiki-sky.a(watchdog.o)
                                        0x750 (size before relaxing)
 .stab          0x000000000000d7d0      0x3cc contiki-sky.a(rtimer-arch.o)
                                        0x720 (size before relaxing)
 .stab          0x000000000000db9c      0x294 contiki-sky.a(autostart.o)
                                        0x534 (size before relaxing)
 .stab          0x000000000000de30      0x858 contiki-sky.a(ctimer.o)
                                        0xbc4 (size before relaxing)
 .stab          0x000000000000e688      0x474 contiki-sky.a(energest.o)
                                        0x6fc (size before relaxing)
 .stab          0x000000000000eafc      0xabc contiki-sky.a(etimer.o)
                                        0xd8c (size before relaxing)
 .stab          0x000000000000f5b8      0xba0 contiki-sky.a(process.o)
                                       0x1038 (size before relaxing)
 .stab          0x0000000000010158      0x3d8 contiki-sky.a(rtimer.o)
                                        0x6c0 (size before relaxing)
 .stab          0x0000000000010530      0x354 contiki-sky.a(timer.o)
                                        0x594 (size before relaxing)
 .stab          0x0000000000010884      0x7f8 contiki-sky.a(list.o)
                                        0x804 (size before relaxing)
 .stab          0x000000000001107c      0x24c contiki-sky.a(random.o)
                                        0x624 (size before relaxing)
 .stab          0x00000000000112c8     0x2568 contiki-sky.a(uip.o)
                                       0x2cdc (size before relaxing)
 .stab          0x0000000000013830      0x9a8 contiki-sky.a(uip-fw.o)
                                       0x1134 (size before relaxing)
 .stab          0x00000000000141d8      0x2d0 contiki-sky.a(uip-fw-drv.o)
                                        0xa50 (size before relaxing)
 .stab          0x00000000000144a8      0xbac contiki-sky.a(uip-over-mesh.o)
                                       0x1830 (size before relaxing)
 .stab          0x0000000000015054     0x1134 contiki-sky.a(tcpip.o)
                                       0x1f8c (size before relaxing)
 .stab          0x0000000000016188      0xbc4 contiki-sky.a(rime.o)
                                       0x1410 (size before relaxing)
 .stab          0x0000000000016d4c      0xa14 contiki-sky.a(route.o)
                                        0xf0c (size before relaxing)
 .stab          0x0000000000017760      0xb10 contiki-sky.a(route-discovery)
                                       0x1788 (size before relaxing)
 .stab          0x0000000000018270      0x7d4 contiki-sky.a(trickle.o)
                                       0x1080 (size before relaxing)
 .stab          0x0000000000018a44      0x624 contiki-sky.a(unicast.o)
                                       0x129c (size before relaxing)
 .stab          0x0000000000019068      0xcd8 contiki-sky.a(csma.o)
                                       0x1668 (size before relaxing)
 .stab          0x0000000000019d40      0x1f8 contiki-sky.a(mac.o)
                                        0x4ec (size before relaxing)
 .stab          0x0000000000019f38      0x708 contiki-sky.a(nullrdc.o)
                                       0x1050 (size before relaxing)
 .stab          0x000000000001a640      0x2c4 contiki-sky.a(linkaddr.o)
                                        0x6c0 (size before relaxing)
 .stab          0x000000000001a904      0xc0c contiki-sky.a(packetbuf.o)
                                       0x1a4c (size before relaxing)
 .stab          0x000000000001b510      0xa5c contiki-sky.a(queuebuf.o)
                                       0x1884 (size before relaxing)
 .stab          0x000000000001bf6c      0x81c contiki-sky.a(contikimac-fram)
                                        0xe58 (size before relaxing)
 .stab          0x000000000001c788      0x3c0 contiki-sky.a(nullsec.o)
                                        0xcf0 (size before relaxing)
 .stab          0x000000000001cb48      0x204 contiki-sky.a(spi.o)
                                        0x42c (size before relaxing)
 .stab          0x000000000001cd4c      0x300 contiki-sky.a(uip-ipchksum.o)
                                        0xa68 (size before relaxing)
 .stab          0x000000000001d04c      0x5c4 contiki-sky.a(memb.o)
                                        0xaf8 (size before relaxing)
 .stab          0x000000000001d610      0x66c contiki-sky.a(abc.o)
                                       0x1494 (size before relaxing)
 .stab          0x000000000001dc7c      0x6e4 contiki-sky.a(announcement.o)
                                        0x984 (size before relaxing)
 .stab          0x000000000001e360      0x948 contiki-sky.a(broadcast-annou)
                                       0x15c0 (size before relaxing)
 .stab          0x000000000001eca8      0x6d8 contiki-sky.a(broadcast.o)
                                       0x1500 (size before relaxing)
 .stab          0x000000000001f380      0x5e8 contiki-sky.a(chameleon.o)
                                       0x123c (size before relaxing)
 .stab          0x000000000001f968      0x624 contiki-sky.a(channel.o)
                                       0x129c (size before relaxing)
 .stab          0x000000000001ff8c      0x768 contiki-sky.a(netflood.o)
                                       0x102c (size before relaxing)
 .stab          0x00000000000206f4      0x6f0 contiki-sky.a(framer-802154.o)
                                        0xf30 (size before relaxing)
 .stab          0x0000000000020de4      0xdb0 contiki-sky.a(chameleon-bitop)
                                       0x1a28 (size before relaxing)
 .stab          0x0000000000021b94      0x8b8 contiki-sky.a(ipolite.o)
                                       0x153c (size before relaxing)
 .stab          0x000000000002244c      0xfcc contiki-sky.a(frame802154.o)
                                       0x17b8 (size before relaxing)

.stabstr        0x0000000000000000    0x1812b
 *(.stabstr)
 .stabstr       0x0000000000000000    0x1812b flashTest.co

.stab.excl
 *(.stab.excl)

.stab.exclstr
 *(.stab.exclstr)

.stab.index
 *(.stab.index)

.stab.indexstr
 *(.stab.indexstr)

.comment
 *(.comment)

.debug
 *(.debug)

.line
 *(.line)

.debug_srcinfo
 *(.debug_srcinfo)

.debug_sfnames
 *(.debug_sfnames)

.debug_aranges  0x0000000000000000      0x1a4
 *(.debug_aranges)
 .debug_aranges
                0x0000000000000000       0x14 /usr/lib/gcc/msp430/4.6.3/mmpy-16/libgcc.a(_mulsi3.o)
 .debug_aranges
                0x0000000000000014       0x14 /usr/lib/gcc/msp430/4.6.3/mmpy-16/libgcc.a(_udivmod16.o)
 .debug_aranges
                0x0000000000000028       0x14 /usr/lib/gcc/msp430/4.6.3/mmpy-16/libgcc.a(_udivmod32.o)
 .debug_aranges
                0x000000000000003c       0x14 /usr/lib/gcc/msp430/4.6.3/mmpy-16/libgcc.a(_divmod32.o)
 .debug_aranges
                0x0000000000000050       0x14 /usr/lib/gcc/msp430/4.6.3/../../../../msp430/lib/mmpy-16/libc.a(strcmp.o)
 .debug_aranges
                0x0000000000000064       0x14 /usr/lib/gcc/msp430/4.6.3/../../../../msp430/lib/mmpy-16/libc.a(strncmp.o)
 .debug_aranges
                0x0000000000000078       0x14 /usr/lib/gcc/msp430/4.6.3/../../../../msp430/lib/mmpy-16/libc.a(memcmp.o)
 .debug_aranges
                0x000000000000008c       0x14 /usr/lib/gcc/msp430/4.6.3/../../../../msp430/lib/mmpy-16/libc.a(strncpy.o)
 .debug_aranges
                0x00000000000000a0       0x14 /usr/lib/gcc/msp430/4.6.3/../../../../msp430/lib/mmpy-16/libc.a(memcpy.o)
 .debug_aranges
                0x00000000000000b4       0x14 /usr/lib/gcc/msp430/4.6.3/../../../../msp430/lib/mmpy-16/libc.a(memset.o)
 .debug_aranges
                0x00000000000000c8       0x14 /usr/lib/gcc/msp430/4.6.3/../../../../msp430/lib/mmpy-16/libc.a(printf.o)
 .debug_aranges
                0x00000000000000dc       0x14 /usr/lib/gcc/msp430/4.6.3/../../../../msp430/lib/mmpy-16/libc.a(vuprintf.o)
 .debug_aranges
                0x00000000000000f0       0x14 /usr/lib/gcc/msp430/4.6.3/../../../../msp430/lib/mmpy-16/libc.a(puts.o)
 .debug_aranges
                0x0000000000000104       0x14 /usr/lib/gcc/msp430/4.6.3/../../../../msp430/lib/mmpy-16/libc.a(rand.o)
 .debug_aranges
                0x0000000000000118       0x14 /usr/lib/gcc/msp430/4.6.3/mmpy-16/libgcc.a(_udivmod64.o)
 .debug_aranges
                0x000000000000012c       0x14 /usr/lib/gcc/msp430/4.6.3/mmpy-16/libcrt0.a(__watchdog_support.o)
 .debug_aranges
                0x0000000000000140       0x14 /usr/lib/gcc/msp430/4.6.3/mmpy-16/libcrt0.a(__init_stack.o)
 .debug_aranges
                0x0000000000000154       0x14 /usr/lib/gcc/msp430/4.6.3/mmpy-16/libcrt0.a(_copy_data.o)
 .debug_aranges
                0x0000000000000168       0x14 /usr/lib/gcc/msp430/4.6.3/mmpy-16/libcrt0.a(_clear_bss.o)
 .debug_aranges
                0x000000000000017c       0x14 /usr/lib/gcc/msp430/4.6.3/mmpy-16/libcrt0.a(_endless_loop__.o)
 .debug_aranges
                0x0000000000000190       0x14 /usr/lib/gcc/msp430/4.6.3/mmpy-16/libcrt0.a(_unexpected_.o)

.debug_pubnames
 *(.debug_pubnames)

.debug_info     0x0000000000000000     0x15f6
 *(.debug_info)
 .debug_info    0x0000000000000000       0xd6 /usr/lib/gcc/msp430/4.6.3/mmpy-16/libgcc.a(_mulsi3.o)
 .debug_info    0x00000000000000d6       0xd6 /usr/lib/gcc/msp430/4.6.3/mmpy-16/libgcc.a(_udivmod16.o)
 .debug_info    0x00000000000001ac       0xd6 /usr/lib/gcc/msp430/4.6.3/mmpy-16/libgcc.a(_udivmod32.o)
 .debug_info    0x0000000000000282       0xd6 /usr/lib/gcc/msp430/4.6.3/mmpy-16/libgcc.a(_divmod32.o)
 .debug_info    0x0000000000000358       0xa4 /usr/lib/gcc/msp430/4.6.3/../../../../msp430/lib/mmpy-16/libc.a(strcmp.o)
 .debug_info    0x00000000000003fc       0xbb /usr/lib/gcc/msp430/4.6.3/../../../../msp430/lib/mmpy-16/libc.a(strncmp.o)
 .debug_info    0x00000000000004b7       0xe8 /usr/lib/gcc/msp430/4.6.3/../../../../msp430/lib/mmpy-16/libc.a(memcmp.o)
 .debug_info    0x000000000000059f       0xe1 /usr/lib/gcc/msp430/4.6.3/../../../../msp430/lib/mmpy-16/libc.a(strncpy.o)
 .debug_info    0x0000000000000680      0x113 /usr/lib/gcc/msp430/4.6.3/../../../../msp430/lib/mmpy-16/libc.a(memcpy.o)
 .debug_info    0x0000000000000793       0xfe /usr/lib/gcc/msp430/4.6.3/../../../../msp430/lib/mmpy-16/libc.a(memset.o)
 .debug_info    0x0000000000000891      0x105 /usr/lib/gcc/msp430/4.6.3/../../../../msp430/lib/mmpy-16/libc.a(printf.o)
 .debug_info    0x0000000000000996      0x565 /usr/lib/gcc/msp430/4.6.3/../../../../msp430/lib/mmpy-16/libc.a(vuprintf.o)
 .debug_info    0x0000000000000efb       0x96 /usr/lib/gcc/msp430/4.6.3/../../../../msp430/lib/mmpy-16/libc.a(puts.o)
 .debug_info    0x0000000000000f91      0x13f /usr/lib/gcc/msp430/4.6.3/../../../../msp430/lib/mmpy-16/libc.a(rand.o)
 .debug_info    0x00000000000010d0       0xd6 /usr/lib/gcc/msp430/4.6.3/mmpy-16/libgcc.a(_udivmod64.o)
 .debug_info    0x00000000000011a6       0xb8 /usr/lib/gcc/msp430/4.6.3/mmpy-16/libcrt0.a(__watchdog_support.o)
 .debug_info    0x000000000000125e       0xb8 /usr/lib/gcc/msp430/4.6.3/mmpy-16/libcrt0.a(__init_stack.o)
 .debug_info    0x0000000000001316       0xb8 /usr/lib/gcc/msp430/4.6.3/mmpy-16/libcrt0.a(_copy_data.o)
 .debug_info    0x00000000000013ce       0xb8 /usr/lib/gcc/msp430/4.6.3/mmpy-16/libcrt0.a(_clear_bss.o)
 .debug_info    0x0000000000001486       0xb8 /usr/lib/gcc/msp430/4.6.3/mmpy-16/libcrt0.a(_endless_loop__.o)
 .debug_info    0x000000000000153e       0xb8 /usr/lib/gcc/msp430/4.6.3/mmpy-16/libcrt0.a(_unexpected_.o)
 *(.gnu.linkonce.wi.*)

.debug_abbrev   0x0000000000000000      0x829
 *(.debug_abbrev)
 .debug_abbrev  0x0000000000000000       0x14 /usr/lib/gcc/msp430/4.6.3/mmpy-16/libgcc.a(_mulsi3.o)
 .debug_abbrev  0x0000000000000014       0x14 /usr/lib/gcc/msp430/4.6.3/mmpy-16/libgcc.a(_udivmod16.o)
 .debug_abbrev  0x0000000000000028       0x14 /usr/lib/gcc/msp430/4.6.3/mmpy-16/libgcc.a(_udivmod32.o)
 .debug_abbrev  0x000000000000003c       0x14 /usr/lib/gcc/msp430/4.6.3/mmpy-16/libgcc.a(_divmod32.o)
 .debug_abbrev  0x0000000000000050       0x60 /usr/lib/gcc/msp430/4.6.3/../../../../msp430/lib/mmpy-16/libc.a(strcmp.o)
 .debug_abbrev  0x00000000000000b0       0x7c /usr/lib/gcc/msp430/4.6.3/../../../../msp430/lib/mmpy-16/libc.a(strncmp.o)
 .debug_abbrev  0x000000000000012c       0x9b /usr/lib/gcc/msp430/4.6.3/../../../../msp430/lib/mmpy-16/libc.a(memcmp.o)
 .debug_abbrev  0x00000000000001c7       0x94 /usr/lib/gcc/msp430/4.6.3/../../../../msp430/lib/mmpy-16/libc.a(strncpy.o)
 .debug_abbrev  0x000000000000025b       0x97 /usr/lib/gcc/msp430/4.6.3/../../../../msp430/lib/mmpy-16/libc.a(memcpy.o)
 .debug_abbrev  0x00000000000002f2       0x9c /usr/lib/gcc/msp430/4.6.3/../../../../msp430/lib/mmpy-16/libc.a(memset.o)
 .debug_abbrev  0x000000000000038e       0xd0 /usr/lib/gcc/msp430/4.6.3/../../../../msp430/lib/mmpy-16/libc.a(printf.o)
 .debug_abbrev  0x000000000000045e      0x1ef /usr/lib/gcc/msp430/4.6.3/../../../../msp430/lib/mmpy-16/libc.a(vuprintf.o)
 .debug_abbrev  0x000000000000064d       0x60 /usr/lib/gcc/msp430/4.6.3/../../../../msp430/lib/mmpy-16/libc.a(puts.o)
 .debug_abbrev  0x00000000000006ad       0xf0 /usr/lib/gcc/msp430/4.6.3/../../../../msp430/lib/mmpy-16/libc.a(rand.o)