Archive member included because of file (symbol)

contiki-sky.a(contiki-sky-pla)
                              obj_sky/contiki-sky-main.o (init_platform)
contiki-sky.a(button-sensor.o)
                              contiki-sky.a(contiki-sky-pla) (button_sensor)
contiki-sky.a(ds2411.o)       obj_sky/contiki-sky-main.o (ds2411_init)
contiki-sky.a(xmem.o)         obj_sky/contiki-sky-main.o (xmem_init)
contiki-sky.a(node-id.o)      obj_sky/contiki-sky-main.o (node_id_restore)
contiki-sky.a(sensors.o)      contiki-sky.a(button-sensor.o) (sensors_changed)
contiki-sky.a(cfs-coffee.o)   download.co (cfs_open)
contiki-sky.a(cc2420.o)       obj_sky/contiki-sky-main.o (cc2420_set_pan_addr)
contiki-sky.a(cc2420-arch.o)  contiki-sky.a(cc2420.o) (cc2420_arch_init)
contiki-sky.a(uart1.o)        obj_sky/contiki-sky-main.o (uart1_active)
contiki-sky.a(slip_uart1.o)   obj_sky/contiki-sky-main.o (putchar)
contiki-sky.a(slip.o)         obj_sky/contiki-sky-main.o (slip_set_input_callback)
contiki-sky.a(msp430.o)       contiki-sky.a(uart1.o) (msp430_add_lpm_req)
contiki-sky.a(clock.o)        obj_sky/contiki-sky-main.o (clock_init)
contiki-sky.a(leds.o)         obj_sky/contiki-sky-main.o (leds_init)
contiki-sky.a(leds-arch.o)    contiki-sky.a(leds.o) (leds_arch_init)
contiki-sky.a(watchdog.o)     obj_sky/contiki-sky-main.o (watchdog_start)
contiki-sky.a(rtimer-arch.o)  obj_sky/contiki-sky-main.o (rtimer_arch_now)
contiki-sky.a(autostart.o)    obj_sky/contiki-sky-main.o (autostart_start)
contiki-sky.a(ctimer.o)       obj_sky/contiki-sky-main.o (ctimer_init)
contiki-sky.a(energest.o)     obj_sky/contiki-sky-main.o (energest_init)
contiki-sky.a(etimer.o)       contiki-sky.a(clock.o) (etimer_request_poll)
contiki-sky.a(process.o)      contiki-sky.a(ctimer.o) (process_current)
contiki-sky.a(rtimer.o)       obj_sky/contiki-sky-main.o (rtimer_init)
contiki-sky.a(timer.o)        obj_sky/contiki-sky-main.o (timer_set)
contiki-sky.a(list.o)         contiki-sky.a(ctimer.o) (list_init)
contiki-sky.a(random.o)       obj_sky/contiki-sky-main.o (random_init)
contiki-sky.a(uip.o)          contiki-sky.a(slip.o) (uip_aligned_buf)
contiki-sky.a(uip-fw.o)       obj_sky/contiki-sky-main.o (uip_fw_default)
contiki-sky.a(uip-fw-drv.o)   obj_sky/contiki-sky-main.o (uip_fw_process)
contiki-sky.a(uip-over-mesh.o)
                              obj_sky/contiki-sky-main.o (uip_over_mesh_init)
contiki-sky.a(tcpip.o)        contiki-sky.a(uip-fw-drv.o) (tcpip_set_outputfunc)
contiki-sky.a(rime.o)         obj_sky/contiki-sky-main.o (rime_driver)
contiki-sky.a(route.o)        contiki-sky.a(uip-over-mesh.o) (route_init)
contiki-sky.a(route-discovery)
                              contiki-sky.a(uip-over-mesh.o) (route_discovery_open)
contiki-sky.a(trickle.o)      contiki-sky.a(uip-over-mesh.o) (trickle_open)
contiki-sky.a(unicast.o)      contiki-sky.a(uip-over-mesh.o) (unicast_open)
contiki-sky.a(csma.o)         obj_sky/contiki-sky-main.o (csma_driver)
contiki-sky.a(mac.o)          contiki-sky.a(csma.o) (mac_call_sent_callback)
contiki-sky.a(nullrdc.o)      obj_sky/contiki-sky-main.o (nullrdc_driver)
contiki-sky.a(linkaddr.o)     obj_sky/contiki-sky-main.o (linkaddr_copy)
contiki-sky.a(packetbuf.o)    contiki-sky.a(cc2420.o) (packetbuf_set_datalen)
contiki-sky.a(queuebuf.o)     contiki-sky.a(rime.o) (queuebuf_init)
contiki-sky.a(contikimac-fram)
                              contiki-sky.a(nullrdc.o) (contikimac_framer)
contiki-sky.a(nullsec.o)      obj_sky/contiki-sky-main.o (nullsec_driver)
contiki-sky.a(spi.o)          contiki-sky.a(xmem.o) (spi_init)
contiki-sky.a(uip-ipchksum.o)
                              contiki-sky.a(slip.o) (uip_ipchksum)
contiki-sky.a(memb.o)         contiki-sky.a(route.o) (memb_init)
contiki-sky.a(abc.o)          contiki-sky.a(rime.o) (abc_input)
contiki-sky.a(announcement.o)
                              contiki-sky.a(rime.o) (announcement_init)
contiki-sky.a(broadcast-annou)
                              contiki-sky.a(rime.o) (broadcast_announcement_init)
contiki-sky.a(broadcast.o)    contiki-sky.a(trickle.o) (broadcast_open)
contiki-sky.a(chameleon.o)    contiki-sky.a(rime.o) (chameleon_init)
contiki-sky.a(channel.o)      contiki-sky.a(chameleon.o) (channel_init)
contiki-sky.a(netflood.o)     contiki-sky.a(route-discovery) (netflood_open)
contiki-sky.a(framer-802154.o)
                              contiki-sky.a(contikimac-fram) (framer_802154)
contiki-sky.a(chameleon-bitop)
                              contiki-sky.a(chameleon.o) (chameleon_bitopt)
contiki-sky.a(ipolite.o)      contiki-sky.a(netflood.o) (ipolite_open)
contiki-sky.a(frame802154.o)  contiki-sky.a(framer-802154.o) (frame802154_get_pan_id)
/usr/lib/gcc/msp430/4.6.3/mmpy-16/libgcc.a(_mulsi3.o)
                              contiki-sky.a(cfs-coffee.o) (__mulsi3)
/usr/lib/gcc/msp430/4.6.3/mmpy-16/libgcc.a(_udivmod16.o)
                              contiki-sky.a(cfs-coffee.o) (__udivhi3)
/usr/lib/gcc/msp430/4.6.3/mmpy-16/libgcc.a(_udivmod32.o)
[...]
Memory Configuration

Name             Origin             Length             Attributes
sfr              0x0000000000000000 0x0000000000000010
peripheral_8bit  0x0000000000000010 0x00000000000000f0
peripheral_16bit 0x0000000000000100 0x0000000000000100
ram_mirror       0x0000000000000200 0x0000000000000800 xw
infomem          0x0000000000001000 0x0000000000000100
infob            0x0000000000001000 0x0000000000000080
infoa            0x0000000000001080 0x0000000000000080
ram              0x0000000000001100 0x0000000000002800 xw
rom              0x0000000000004000 0x000000000000bfe0 xr
vectors          0x000000000000ffe0 0x0000000000000020
bsl              0x0000000000000000 0x0000000000000000
infoc            0x0000000000000000 0x0000000000000000
infod            0x0000000000000000 0x0000000000000000
ram2             0x0000000000000000 0x0000000000000000 xw
usbram           0x0000000000000000 0x0000000000000000 xw
far_rom          0x0000000000000000 0x0000000000000000
*default*        0x0000000000000000 0xffffffffffffffff

Linker script and memory map

LOAD /usr/lib/gcc/msp430/4.6.3/mmpy-16/crt0ivtbl16.o
LOAD download.co
LOAD obj_sky/contiki-sky-main.o
LOAD contiki-sky.a
LOAD /usr/lib/gcc/msp430/4.6.3/mmpy-16/libgcc.a
LOAD /usr/lib/gcc/msp430/4.6.3/../../../../msp430/lib/mmpy-16/libc.a
LOAD /usr/lib/gcc/msp430/4.6.3/mmpy-16/libgcc.a
LOAD /usr/lib/gcc/msp430/4.6.3/mmpy-16/libcrt0.a
                0x0000000000000080                PROVIDE (__info_segment_size, 0x80)
                0x0000000000001000                PROVIDE (__infob, 0x1000)
                0x0000000000001080                PROVIDE (__infoa, 0x1080)
                0x0000000000000000                __IE1 = 0x0
                0x0000000000000002                __IFG1 = 0x2
                0x0000000000000004                __ME1 = 0x4
                0x0000000000000001                __IE2 = 0x1
                0x0000000000000003                __IFG2 = 0x3
                0x0000000000000005                __ME2 = 0x5
                0x0000000000000120                __WDTCTL = 0x120
                0x0000000000000130                __MPY = 0x130
                0x0000000000000132                __MPYS = 0x132
                0x0000000000000134                __MAC = 0x134
                0x0000000000000136                __MACS = 0x136
                0x0000000000000138                __OP2 = 0x138
                0x000000000000013a                __RESLO = 0x13a
                0x000000000000013c                __RESHI = 0x13c
                0x000000000000013e                __SUMEXT = 0x13e
                0x0000000000000020                __P1IN = 0x20
                0x0000000000000021                __P1OUT = 0x21
                0x0000000000000022                __P1DIR = 0x22
                0x0000000000000023                __P1IFG = 0x23
                0x0000000000000024                __P1IES = 0x24
                0x0000000000000025                __P1IE = 0x25
                0x0000000000000026                __P1SEL = 0x26
                0x0000000000000028                __P2IN = 0x28
                0x0000000000000029                __P2OUT = 0x29
                0x000000000000002a                __P2DIR = 0x2a
                0x000000000000002b                __P2IFG = 0x2b
                0x000000000000002c                __P2IES = 0x2c
                0x000000000000002d                __P2IE = 0x2d
                0x000000000000002e                __P2SEL = 0x2e
                0x0000000000000018                __P3IN = 0x18
                0x0000000000000019                __P3OUT = 0x19
                0x000000000000001a                __P3DIR = 0x1a
                0x000000000000001b                __P3SEL = 0x1b
                0x000000000000001c                __P4IN = 0x1c
                0x000000000000001d                __P4OUT = 0x1d
                0x000000000000001e                __P4DIR = 0x1e
                0x000000000000001f                __P4SEL = 0x1f
                0x0000000000000030                __P5IN = 0x30
                0x0000000000000031                __P5OUT = 0x31
                0x0000000000000032                __P5DIR = 0x32
                0x0000000000000033                __P5SEL = 0x33
                0x0000000000000034                __P6IN = 0x34
                0x0000000000000035                __P6OUT = 0x35
                0x0000000000000036                __P6DIR = 0x36
                0x0000000000000037                __P6SEL = 0x37
                0x0000000000000070                __U0CTL = 0x70
                0x0000000000000071                __U0TCTL = 0x71
                0x0000000000000072                __U0RCTL = 0x72
                0x0000000000000073                __U0MCTL = 0x73
                0x0000000000000074                __U0BR0 = 0x74
                0x0000000000000075                __U0BR1 = 0x75
                0x0000000000000076                __U0RXBUF = 0x76
                0x0000000000000077                __U0TXBUF = 0x77
                0x0000000000000078                __U1CTL = 0x78
                0x0000000000000079                __U1TCTL = 0x79
                0x000000000000007a                __U1RCTL = 0x7a
                0x000000000000007b                __U1MCTL = 0x7b
                0x000000000000007c                __U1BR0 = 0x7c
                0x000000000000007d                __U1BR1 = 0x7d
                0x000000000000007e                __U1RXBUF = 0x7e
                0x000000000000007f                __U1TXBUF = 0x7f
                0x0000000000000050                __I2CIE = 0x50
                0x0000000000000051                __I2CIFG = 0x51
                0x0000000000000052                __I2CNDAT = 0x52
                0x0000000000000071                __I2CTCTL = 0x71
                0x0000000000000072                __I2CDCTL = 0x72
                0x0000000000000073                __I2CPSC = 0x73
                0x0000000000000074                __I2CSCLH = 0x74
                0x0000000000000075                __I2CSCLL = 0x75
                0x0000000000000076                __I2CDRB = 0x76
                0x0000000000000076                __I2CDRW = 0x76
                0x0000000000000118                __I2COA = 0x118
                0x000000000000011a                __I2CSA = 0x11a
                0x000000000000011c                __I2CIV = 0x11c
                0x000000000000012e                __TAIV = 0x12e
                0x0000000000000160                __TACTL = 0x160
                0x0000000000000162                __TACCTL0 = 0x162
                0x0000000000000164                __TACCTL1 = 0x164
                0x0000000000000166                __TACCTL2 = 0x166
                0x0000000000000170                __TAR = 0x170
                0x0000000000000172                __TACCR0 = 0x172
                0x0000000000000174                __TACCR1 = 0x174
                0x0000000000000176                __TACCR2 = 0x176
                0x000000000000011e                __TBIV = 0x11e
                0x0000000000000180                __TBCTL = 0x180
                0x0000000000000182                __TBCCTL0 = 0x182
                0x0000000000000184                __TBCCTL1 = 0x184
                0x0000000000000186                __TBCCTL2 = 0x186
                0x0000000000000188                __TBCCTL3 = 0x188
                0x000000000000018a                __TBCCTL4 = 0x18a
                0x000000000000018c                __TBCCTL5 = 0x18c
                0x000000000000018e                __TBCCTL6 = 0x18e
                0x0000000000000190                __TBR = 0x190
                0x0000000000000192                __TBCCR0 = 0x192
                0x0000000000000194                __TBCCR1 = 0x194
                0x0000000000000196                __TBCCR2 = 0x196
                0x0000000000000198                __TBCCR3 = 0x198
                0x000000000000019a                __TBCCR4 = 0x19a
                0x000000000000019c                __TBCCR5 = 0x19c
                0x000000000000019e                __TBCCR6 = 0x19e
                0x0000000000000056                __DCOCTL = 0x56
                0x0000000000000057                __BCSCTL1 = 0x57
                0x0000000000000058                __BCSCTL2 = 0x58
                0x0000000000000055                __SVSCTL = 0x55
                0x0000000000000128                __FCTL1 = 0x128
                0x000000000000012a                __FCTL2 = 0x12a
                0x000000000000012c                __FCTL3 = 0x12c
                0x0000000000000059                __CACTL1 = 0x59
                0x000000000000005a                __CACTL2 = 0x5a
                0x000000000000005b                __CAPD = 0x5b
                0x00000000000001a0                __ADC12CTL0 = 0x1a0
                0x00000000000001a2                __ADC12CTL1 = 0x1a2
                0x00000000000001a4                __ADC12IFG = 0x1a4
                0x00000000000001a6                __ADC12IE = 0x1a6
                0x00000000000001a8                __ADC12IV = 0x1a8
                0x0000000000000140                __ADC12MEM0 = 0x140
                0x0000000000000142                __ADC12MEM1 = 0x142
                0x0000000000000144                __ADC12MEM2 = 0x144
                0x0000000000000146                __ADC12MEM3 = 0x146
                0x0000000000000148                __ADC12MEM4 = 0x148
                0x000000000000014a                __ADC12MEM5 = 0x14a
                0x000000000000014c                __ADC12MEM6 = 0x14c
                0x000000000000014e                __ADC12MEM7 = 0x14e
                0x0000000000000150                __ADC12MEM8 = 0x150
                0x0000000000000152                __ADC12MEM9 = 0x152
                0x0000000000000154                __ADC12MEM10 = 0x154
                0x0000000000000156                __ADC12MEM11 = 0x156
                0x0000000000000158                __ADC12MEM12 = 0x158
                0x000000000000015a                __ADC12MEM13 = 0x15a
                0x000000000000015c                __ADC12MEM14 = 0x15c
                0x000000000000015e                __ADC12MEM15 = 0x15e
                0x0000000000000080                __ADC12MCTL0 = 0x80
                0x0000000000000081                __ADC12MCTL1 = 0x81
                0x0000000000000082                __ADC12MCTL2 = 0x82
                0x0000000000000083                __ADC12MCTL3 = 0x83
                0x0000000000000084                __ADC12MCTL4 = 0x84
                0x0000000000000085                __ADC12MCTL5 = 0x85
                0x0000000000000086                __ADC12MCTL6 = 0x86
                0x0000000000000087                __ADC12MCTL7 = 0x87
                0x0000000000000088                __ADC12MCTL8 = 0x88
                0x0000000000000089                __ADC12MCTL9 = 0x89
                0x000000000000008a                __ADC12MCTL10 = 0x8a
                0x000000000000008b                __ADC12MCTL11 = 0x8b
                0x000000000000008c                __ADC12MCTL12 = 0x8c
                0x000000000000008d                __ADC12MCTL13 = 0x8d
                0x000000000000008e                __ADC12MCTL14 = 0x8e
                0x000000000000008f                __ADC12MCTL15 = 0x8f
                0x00000000000001c0                __DAC12_0CTL = 0x1c0
                0x00000000000001c2                __DAC12_1CTL = 0x1c2
                0x00000000000001c8                __DAC12_0DAT = 0x1c8
                0x00000000000001ca                __DAC12_1DAT = 0x1ca
                0x0000000000000122                __DMACTL0 = 0x122
                0x0000000000000124                __DMACTL1 = 0x124
                0x00000000000001e0                __DMA0CTL = 0x1e0
                0x00000000000001e8                __DMA1CTL = 0x1e8
                0x00000000000001f0                __DMA2CTL = 0x1f0
                0x00000000000001e2                __DMA0SA = 0x1e2
                0x00000000000001e4                __DMA0DA = 0x1e4
                0x00000000000001e6                __DMA0SZ = 0x1e6
                0x00000000000001ea                __DMA1SA = 0x1ea
                0x00000000000001ec                __DMA1DA = 0x1ec
                0x00000000000001ee                __DMA1SZ = 0x1ee
                0x00000000000001f2                __DMA2SA = 0x1f2
                0x00000000000001f4                __DMA2DA = 0x1f4
                0x00000000000001f6                __DMA2SZ = 0x1f6

.hash
 *(.hash)

.dynsym
 *(.dynsym)

.dynstr
 *(.dynstr)

.gnu.version
 *(.gnu.version)

.gnu.version_d
 *(.gnu.version_d)

.gnu.version_r
 *(.gnu.version_r)

.rel.init
 *(.rel.init)

.rela.init
 *(.rela.init)

.rel.fini
 *(.rel.fini)

.rela.fini
 *(.rela.fini)

.rel.text
 *(.rel.text .rel.text.* .rel.gnu.linkonce.t.*)

.rela.text
 *(.rela.text .rela.text.* .rela.gnu.linkonce.t.*)

.rel.rodata
 *(.rel.rodata .rel.rodata.* .rel.gnu.linkonce.r.*)

.rela.rodata
 *(.rela.rodata .rela.rodata.* .rela.gnu.linkonce.r.*)

.rel.data
 *(.rel.data .rel.data.* .rel.gnu.linkonce.d.*)

.rela.data
 *(.rela.data .rela.data.* .rela.gnu.linkonce.d.*)

.rel.bss
 *(.rel.bss .rel.bss.* .rel.gnu.linkonce.b.*)

.rela.bss
 *(.rela.bss .rela.bss.* .rela.gnu.linkonce.b.*)

.rel.ctors
 *(.rel.ctors)

.rela.ctors
 *(.rela.ctors)

.rel.dtors
 *(.rel.dtors)

.rela.dtors
 *(.rela.dtors)

.rel.got
 *(.rel.got)

.rela.got
 *(.rela.got)

.rel.plt
 *(.rel.plt)

.rela.plt
 *(.rela.plt)

.text           0x0000000000004000     0x8326
                0x0000000000004000                . = ALIGN (0x2)
 *(.init .init.*)
 *(.init0)
 .init0         0x0000000000004000        0x0 /usr/lib/gcc/msp430/4.6.3/mmpy-16/libcrt0.a(_reset_vector__.o)
                0x0000000000004000                _reset_vector__
 *(.init1)
 .init1         0x0000000000004000        0xc /usr/lib/gcc/msp430/4.6.3/mmpy-16/libcrt0.a(__watchdog_support.o)
                0x0000000000004000                __watchdog_support
 *(.init2)
 .init2         0x000000000000400c        0x4 /usr/lib/gcc/msp430/4.6.3/mmpy-16/libcrt0.a(__init_stack.o)
                0x000000000000400c                __init_stack
 *(.init3)
 .init3         0x0000000000004010        0x0 /usr/lib/gcc/msp430/4.6.3/mmpy-16/libcrt0.a(__low_level_init.o)
                0x0000000000004010                __low_level_init
 *(.init4)
 .init4         0x0000000000004010       0x18 /usr/lib/gcc/msp430/4.6.3/mmpy-16/libcrt0.a(_copy_data.o)
                0x0000000000004010                __do_copy_data
 .init4         0x0000000000004028       0x16 /usr/lib/gcc/msp430/4.6.3/mmpy-16/libcrt0.a(_clear_bss.o)
                0x0000000000004028                __do_clear_bss
 *(.init5)
 *(.init6)
 *(.init7)
 *(.init8)
 *(.init9)
 .init9         0x000000000000403e      0x396 obj_sky/contiki-sky-main.o
                0x000000000000403e                main
 *(.fini9)
 .fini9         0x00000000000043d4        0x0 /usr/lib/gcc/msp430/4.6.3/mmpy-16/libcrt0.a(__stop_progExec__.o)
                0x00000000000043d4                __stop_progExec__
 *(.fini8)
 *(.fini7)
 *(.fini6)
 *(.fini5)
 *(.fini4)
 *(.fini3)
 *(.fini2)
 *(.fini1)
 *(.fini0)
 .fini0         0x00000000000043d4        0x6 /usr/lib/gcc/msp430/4.6.3/mmpy-16/libcrt0.a(_endless_loop__.o)
                0x00000000000043d4                _endless_loop__
 *(.fini .fini.*)
                0x00000000000043da                . = ALIGN (0x2)
                0x00000000000043da                __ctors_start = .
 *(.ctors)
                0x00000000000043da                __ctors_end = .
                0x00000000000043da                __dtors_start = .
 *(.dtors)
                0x00000000000043da                __dtors_end = .
                0x00000000000043da                . = ALIGN (0x2)
 *(.text .text.* .gnu.linkonce.t.*)
 .text          0x00000000000043da        0x4 /usr/lib/gcc/msp430/4.6.3/mmpy-16/crt0ivtbl16.o
                0x00000000000043da                __isr_14
                0x00000000000043da                __isr_11
                0x00000000000043da                __isr_2
                0x00000000000043da                __isr_7
                0x00000000000043da                __isr_0
                0x00000000000043da                __isr_8
                0x00000000000043da                __isr_3
                0x00000000000043da                __isr_12
                0x00000000000043da                __isr_13
                0x00000000000043da                __isr_9
 .text.logWrite
                0x00000000000043de       0x78 download.co
 .text.process_thread_flashTest_process
                0x0000000000004456      0x164 download.co
 .text.set_gateway
                0x00000000000045ba       0x5a obj_sky/contiki-sky-main.o
 .text.init_platform
                0x0000000000004614        0xc contiki-sky.a(contiki-sky-pla)
                0x0000000000004614                init_platform
 .text.status   0x0000000000004620       0x16 contiki-sky.a(button-sensor.o)
 .text.configure
                0x0000000000004636       0x52 contiki-sky.a(button-sensor.o)
 .text.value    0x0000000000004688       0x22 contiki-sky.a(button-sensor.o)
 .text.irq_p2   0x00000000000046aa       0x8a contiki-sky.a(button-sensor.o)
                0x00000000000046aa                irq_p2
                0x00000000000046aa                __isr_1
 .text.owreadb  0x0000000000004734       0x52 contiki-sky.a(ds2411.o)
 .text.ds2411_init
                0x0000000000004786      0x122 contiki-sky.a(ds2411.o)
                0x0000000000004786                ds2411_init
 .text.write_enable
                0x00000000000048a8       0x2a contiki-sky.a(xmem.o)
 .text.wait_ready
                0x00000000000048d2       0x50 contiki-sky.a(xmem.o)
 .text.xmem_init
                0x0000000000004922       0x3e contiki-sky.a(xmem.o)
                0x0000000000004922                xmem_init
 .text.xmem_pread
                0x0000000000004960       0xea contiki-sky.a(xmem.o)
                0x0000000000004960                xmem_pread
 .text.xmem_pwrite
                0x0000000000004a4a      0x150 contiki-sky.a(xmem.o)
                0x0000000000004a4a                xmem_pwrite
 .text.xmem_erase
                0x0000000000004b9a       0xae contiki-sky.a(xmem.o)
                0x0000000000004b9a                xmem_erase
 .text.node_id_restore
                0x0000000000004c48       0x38 contiki-sky.a(node-id.o)
                0x0000000000004c48                node_id_restore
 .text.process_thread_sensors_process
                0x0000000000004c80       0xbe contiki-sky.a(sensors.o)
 .text.sensors_changed
                0x0000000000004d3e       0x2a contiki-sky.a(sensors.o)
                0x0000000000004d3e                sensors_changed
 .text.load_file
                0x0000000000004d68       0x74 contiki-sky.a(cfs-coffee.o)
 .text.read_header
                0x0000000000004ddc       0x2a contiki-sky.a(cfs-coffee.o)
 .text.file_end
                0x0000000000004e06       0xd0 contiki-sky.a(cfs-coffee.o)
 .text.write_header
                0x0000000000004ed6       0x2e contiki-sky.a(cfs-coffee.o)
 .text.find_next_record
                0x0000000000004f04       0xe0 contiki-sky.a(cfs-coffee.o)
 .text.get_record_index
                0x0000000000004fe4      0x102 contiki-sky.a(cfs-coffee.o)
 .text.read_log_page
                0x00000000000050e6      0x128 contiki-sky.a(cfs-coffee.o)
 .text.next_file
                0x000000000000520e       0x22 contiki-sky.a(cfs-coffee.o)
 .text.find_file
                0x0000000000005230       0xb4 contiki-sky.a(cfs-coffee.o)
 .text.find_contiguous_pages
                0x00000000000052e4       0x72 contiki-sky.a(cfs-coffee.o)
 .text.remove_by_page.isra.1
                0x0000000000005356       0xa2 contiki-sky.a(cfs-coffee.o)
 .text.reserve  0x00000000000053f8      0x228 contiki-sky.a(cfs-coffee.o)
 .text.cfs_open
                0x0000000000005620       0xc6 contiki-sky.a(cfs-coffee.o)
                0x0000000000005620                cfs_open
 .text.cfs_close
                0x00000000000056e6       0x2c contiki-sky.a(cfs-coffee.o)
                0x00000000000056e6                cfs_close
 .text.cfs_read
                0x0000000000005712      0x1a8 contiki-sky.a(cfs-coffee.o)
                0x0000000000005712                cfs_read
 .text.merge_log
                0x00000000000058ba      0x1ce contiki-sky.a(cfs-coffee.o)
 .text.write_log_page
                0x0000000000005a88      0x302 contiki-sky.a(cfs-coffee.o)
 .text.cfs_write
                0x0000000000005d8a      0x204 contiki-sky.a(cfs-coffee.o)
                0x0000000000005d8a                cfs_write
 .text.get_object
                0x0000000000005f8e        0x4 contiki-sky.a(cc2420.o)
 .text.set_object
                0x0000000000005f92        0x4 contiki-sky.a(cc2420.o)
 .text.strobe   0x0000000000005f96       0x20 contiki-sky.a(cc2420.o)
 .text.getreg   0x0000000000005fb6       0x54 contiki-sky.a(cc2420.o)
 .text.setreg   0x000000000000600a       0x52 contiki-sky.a(cc2420.o)
 .text.write_ram
                0x000000000000605c       0x80 contiki-sky.a(cc2420.o)
 .text.write_fifo_buf
                0x00000000000060dc       0x40 contiki-sky.a(cc2420.o)
 .text.get_status
                0x000000000000611c       0x24 contiki-sky.a(cc2420.o)
 .text.set_txpower
                0x0000000000006140       0x26 contiki-sky.a(cc2420.o)
 .text.cc2420_receiving_packet
                0x0000000000006166        0xe contiki-sky.a(cc2420.o)
 .text.pending_packet
                0x0000000000006174        0x8 contiki-sky.a(cc2420.o)
 .text.on       0x000000000000617c       0x26 contiki-sky.a(cc2420.o)
 .text.wait_for_transmission
                0x00000000000061a2       0x22 contiki-sky.a(cc2420.o)
 .text.wait_for_status
                0x00000000000061c4       0x2a contiki-sky.a(cc2420.o)
 .text.getrxdata
                0x00000000000061ee       0x56 contiki-sky.a(cc2420.o)
 .text.flushrx  0x0000000000006244       0x1a contiki-sky.a(cc2420.o)
 .text.off      0x000000000000625e       0x62 contiki-sky.a(cc2420.o)
 .text.RELEASE_LOCK
                0x00000000000062c0       0x28 contiki-sky.a(cc2420.o)
 .text.set_key  0x00000000000062e8       0x18 contiki-sky.a(cc2420.o)
 .text.set_frame_filtering
                0x0000000000006300       0x30 contiki-sky.a(cc2420.o)
 .text.set_auto_ack
                0x0000000000006330       0x30 contiki-sky.a(cc2420.o)
 .text.set_poll_mode
                0x0000000000006360       0x36 contiki-sky.a(cc2420.o)
 .text.cc2420_prepare
                0x0000000000006396       0x3c contiki-sky.a(cc2420.o)
 .text.cc2420_on
                0x00000000000063d2       0x22 contiki-sky.a(cc2420.o)
                0x00000000000063d2                cc2420_on
 .text.cc2420_off
                0x00000000000063f4       0x30 contiki-sky.a(cc2420.o)
                0x00000000000063f4                cc2420_off
 .text.cc2420_cca
                0x0000000000006424       0x5e contiki-sky.a(cc2420.o)
 .text.cc2420_read
                0x0000000000006482       0xc0 contiki-sky.a(cc2420.o)
 .text.process_thread_cc2420_process
                0x0000000000006542       0x58 contiki-sky.a(cc2420.o)
 .text.encrypt  0x000000000000659a       0x8e contiki-sky.a(cc2420.o)
 .text.cc2420_set_channel
                0x0000000000006628       0x3c contiki-sky.a(cc2420.o)
                0x0000000000006628                cc2420_set_channel
 .text.cc2420_set_pan_addr
                0x0000000000006664       0x4c contiki-sky.a(cc2420.o)
                0x0000000000006664                cc2420_set_pan_addr
 .text.cc2420_interrupt
                0x00000000000066b0       0x18 contiki-sky.a(cc2420.o)
                0x00000000000066b0                cc2420_interrupt
 .text.cc2420_set_txpower
                0x00000000000066c8        0xe contiki-sky.a(cc2420.o)
                0x00000000000066c8                cc2420_set_txpower
 .text.cc2420_get_txpower
                0x00000000000066d6       0x1e contiki-sky.a(cc2420.o)
                0x00000000000066d6                cc2420_get_txpower
 .text.cc2420_transmit
                0x00000000000066f4      0x134 contiki-sky.a(cc2420.o)
 .text.cc2420_send
                0x0000000000006828       0x12 contiki-sky.a(cc2420.o)
 .text.cc2420_rssi
                0x000000000000683a       0x4c contiki-sky.a(cc2420.o)
                0x000000000000683a                cc2420_rssi
 .text.get_value
                0x0000000000006886      0x108 contiki-sky.a(cc2420.o)
 .text.cc2420_set_cca_threshold
                0x000000000000698e       0x16 contiki-sky.a(cc2420.o)
                0x000000000000698e                cc2420_set_cca_threshold
 .text.set_value
                0x00000000000069a4       0xba contiki-sky.a(cc2420.o)
 .text.cc2420_init
                0x0000000000006a5e       0xf0 contiki-sky.a(cc2420.o)
                0x0000000000006a5e                cc2420_init
 .text.cc2420_port1_interrupt
                0x0000000000006b4e       0x62 contiki-sky.a(cc2420-arch.o)
                0x0000000000006b4e                __isr_4
                0x0000000000006b4e                cc2420_port1_interrupt
 .text.cc2420_arch_init
                0x0000000000006bb0       0x1a contiki-sky.a(cc2420-arch.o)
                0x0000000000006bb0                cc2420_arch_init
 .text.handle_rxdma_timer
                0x0000000000006bca       0x3a contiki-sky.a(uart1.o)
 .text.uart1_active
                0x0000000000006c04       0x1a contiki-sky.a(uart1.o)
                0x0000000000006c04                uart1_active
 .text.uart1_set_input
                0x0000000000006c1e       0x20 contiki-sky.a(uart1.o)
                0x0000000000006c1e                uart1_set_input
 .text.uart1_writeb
                0x0000000000006c3e       0x1a contiki-sky.a(uart1.o)
                0x0000000000006c3e                uart1_writeb
 .text.uart1_init
                0x0000000000006c58       0xf6 contiki-sky.a(uart1.o)
                0x0000000000006c58                uart1_init
 .text.slip_arch_writeb
                0x0000000000006d4e        0x6 contiki-sky.a(slip_uart1.o)
                0x0000000000006d4e                slip_arch_writeb
 .text.putchar  0x0000000000006d54       0x3c contiki-sky.a(slip_uart1.o)
                0x0000000000006d54                putchar
 .text.slip_arch_init
                0x0000000000006d90        0xa contiki-sky.a(slip_uart1.o)
                0x0000000000006d90                slip_arch_init
 .text.rxbuf_init
                0x0000000000006d9a       0x12 contiki-sky.a(slip.o)
 .text.slip_set_input_callback
                0x0000000000006dac        0x6 contiki-sky.a(slip.o)
                0x0000000000006dac                slip_set_input_callback
 .text.slip_send
                0x0000000000006db2       0x5e contiki-sky.a(slip.o)
                0x0000000000006db2                slip_send
 .text.slip_write
                0x0000000000006e10       0x60 contiki-sky.a(slip.o)
                0x0000000000006e10                slip_write
 .text.process_thread_slip_process
                0x0000000000006e70      0x2be contiki-sky.a(slip.o)
 .text.slip_input_byte
                0x000000000000712e       0xa4 contiki-sky.a(slip.o)
                0x000000000000712e                slip_input_byte
 .text.msp430_init_dco
                0x00000000000071d2       0x84 contiki-sky.a(msp430.o)
                0x00000000000071d2                msp430_init_dco
 .text.msp430_add_lpm_req
                0x0000000000007256        0xc contiki-sky.a(msp430.o)
                0x0000000000007256                msp430_add_lpm_req
 .text.msp430_cpu_init
                0x0000000000007262       0x2a contiki-sky.a(msp430.o)
                0x0000000000007262                msp430_cpu_init
 .text.splhigh_
                0x000000000000728c        0x8 contiki-sky.a(msp430.o)
                0x000000000000728c                splhigh_
 .text.msp430_sync_dco
                0x0000000000007294       0x68 contiki-sky.a(msp430.o)
                0x0000000000007294                msp430_sync_dco
 .text.timera1  0x00000000000072fc      0x11e contiki-sky.a(clock.o)
                0x00000000000072fc                __isr_5
                0x00000000000072fc                timera1
 .text.clock_time
                0x000000000000741a       0x1a contiki-sky.a(clock.o)
                0x000000000000741a                clock_time
 .text.clock_init
                0x0000000000007434       0x28 contiki-sky.a(clock.o)
                0x0000000000007434                clock_init
 .text.clock_delay
                0x000000000000745c        0xc contiki-sky.a(clock.o)
                0x000000000000745c                clock_delay
 .text.show_leds
                0x0000000000007468       0xf6 contiki-sky.a(leds.o)
 .text.leds_init
                0x000000000000755e        0xa contiki-sky.a(leds.o)
                0x000000000000755e                leds_init
 .text.leds_on  0x0000000000007568        0xa contiki-sky.a(leds.o)
                0x0000000000007568                leds_on
 .text.leds_off
                0x0000000000007572        0xe contiki-sky.a(leds.o)
                0x0000000000007572                leds_off
 .text.leds_arch_init
                0x0000000000007580        0xe contiki-sky.a(leds-arch.o)
                0x0000000000007580                leds_arch_init
 .text.leds_arch_set
                0x000000000000758e       0x3a contiki-sky.a(leds-arch.o)
                0x000000000000758e                leds_arch_set
 .text.watchdog_interrupt
                0x00000000000075c8        0x6 contiki-sky.a(watchdog.o)
                0x00000000000075c8                __isr_10
                0x00000000000075c8                watchdog_interrupt
 .text.watchdog_start
                0x00000000000075ce       0x14 contiki-sky.a(watchdog.o)
                0x00000000000075ce                watchdog_start
 .text.watchdog_periodic
                0x00000000000075e2       0x12 contiki-sky.a(watchdog.o)
                0x00000000000075e2                watchdog_periodic
 .text.watchdog_stop
                0x00000000000075f4       0x16 contiki-sky.a(watchdog.o)
                0x00000000000075f4                watchdog_stop
 .text.watchdog_init
                0x000000000000760a       0x14 contiki-sky.a(watchdog.o)
                0x000000000000760a                watchdog_init
 .text.rtimer_arch_init
                0x000000000000761e        0xe contiki-sky.a(rtimer-arch.o)
                0x000000000000761e                rtimer_arch_init
 .text.rtimer_arch_now
                0x000000000000762c        0xe contiki-sky.a(rtimer-arch.o)
                0x000000000000762c                rtimer_arch_now
 .text.timera0  0x000000000000763a       0x70 contiki-sky.a(rtimer-arch.o)
                0x000000000000763a                __isr_6
                0x000000000000763a                timera0
 .text.rtimer_arch_schedule
                0x00000000000076aa        0x6 contiki-sky.a(rtimer-arch.o)
                0x00000000000076aa                rtimer_arch_schedule
 .text.autostart_start
                0x00000000000076b0       0x16 contiki-sky.a(autostart.o)
                0x00000000000076b0                autostart_start
 .text.process_thread_ctimer_process
                0x00000000000076c6       0xa4 contiki-sky.a(ctimer.o)
 .text.ctimer_init
                0x000000000000776a       0x18 contiki-sky.a(ctimer.o)
                0x000000000000776a                ctimer_init
 .text.ctimer_set_with_process
                0x0000000000007782       0x4e contiki-sky.a(ctimer.o)
                0x0000000000007782                ctimer_set_with_process
 .text.ctimer_set
                0x00000000000077d0       0x10 contiki-sky.a(ctimer.o)
                0x00000000000077d0                ctimer_set
 .text.ctimer_reset
                0x00000000000077e0       0x30 contiki-sky.a(ctimer.o)
                0x00000000000077e0                ctimer_reset
 .text.ctimer_stop
                0x0000000000007810       0x28 contiki-sky.a(ctimer.o)
                0x0000000000007810                ctimer_stop
 .text.energest_init
                0x0000000000007838       0x28 contiki-sky.a(energest.o)
                0x0000000000007838                energest_init
 .text.energest_type_time
                0x0000000000007860       0x46 contiki-sky.a(energest.o)
                0x0000000000007860                energest_type_time
 .text.energest_type_set
                0x00000000000078a6        0xe contiki-sky.a(energest.o)
                0x00000000000078a6                energest_type_set
 .text.energest_flush
                0x00000000000078b4       0x48 contiki-sky.a(energest.o)
                0x00000000000078b4                energest_flush
 .text.update_time
                0x00000000000078fc       0x78 contiki-sky.a(etimer.o)
 .text.etimer_request_poll
                0x0000000000007974        0xa contiki-sky.a(etimer.o)
                0x0000000000007974                etimer_request_poll
 .text.process_thread_etimer_process
                0x000000000000797e       0xc8 contiki-sky.a(etimer.o)
 .text.add_timer
                0x0000000000007a46       0x40 contiki-sky.a(etimer.o)
 .text.etimer_set
                0x0000000000007a86       0x12 contiki-sky.a(etimer.o)
                0x0000000000007a86                etimer_set
 .text.etimer_reset
                0x0000000000007a98       0x12 contiki-sky.a(etimer.o)
                0x0000000000007a98                etimer_reset
 .text.etimer_restart
                0x0000000000007aaa       0x12 contiki-sky.a(etimer.o)
                0x0000000000007aaa                etimer_restart
 .text.etimer_expired
                0x0000000000007abc        0xe contiki-sky.a(etimer.o)
                0x0000000000007abc                etimer_expired
 .text.etimer_pending
                0x0000000000007aca        0xc contiki-sky.a(etimer.o)
                0x0000000000007aca                etimer_pending
 .text.etimer_next_expiration_time
                0x0000000000007ad6       0x16 contiki-sky.a(etimer.o)
                0x0000000000007ad6                etimer_next_expiration_time
 .text.etimer_stop
                0x0000000000007aec       0x3c contiki-sky.a(etimer.o)
                0x0000000000007aec                etimer_stop
 .text.call_process
                0x0000000000007b28       0x4a contiki-sky.a(process.o)
 .text.exit_process
                0x0000000000007b72       0x96 contiki-sky.a(process.o)
 .text.do_poll  0x0000000000007c08       0x30 contiki-sky.a(process.o)
 .text.process_alloc_event
                0x0000000000007c38        0xe contiki-sky.a(process.o)
                0x0000000000007c38                process_alloc_event
 .text.process_init
                0x0000000000007c46       0x1c contiki-sky.a(process.o)
                0x0000000000007c46                process_init
 .text.process_run
                0x0000000000007c62       0x92 contiki-sky.a(process.o)
                0x0000000000007c62                process_run
 .text.process_nevents
                0x0000000000007cf4        0xe contiki-sky.a(process.o)
                0x0000000000007cf4                process_nevents
 .text.process_post
                0x0000000000007d02       0x4e contiki-sky.a(process.o)
                0x0000000000007d02                process_post
 .text.process_post_synch
                0x0000000000007d50       0x12 contiki-sky.a(process.o)
                0x0000000000007d50                process_post_synch
 .text.process_start
                0x0000000000007d62       0x32 contiki-sky.a(process.o)
                0x0000000000007d62                process_start
 .text.process_poll
                0x0000000000007d94       0x18 contiki-sky.a(process.o)
                0x0000000000007d94                process_poll
 .text.rtimer_init
                0x0000000000007dac        0x6 contiki-sky.a(rtimer.o)
                0x0000000000007dac                rtimer_init
 .text.rtimer_run_next
                0x0000000000007db2       0x26 contiki-sky.a(rtimer.o)
                0x0000000000007db2                rtimer_run_next
 .text.timer_set
                0x0000000000007dd8       0x1c contiki-sky.a(timer.o)
                0x0000000000007dd8                timer_set
 .text.timer_reset
                0x0000000000007df4        0xe contiki-sky.a(timer.o)
                0x0000000000007df4                timer_reset
 .text.timer_restart
                0x0000000000007e02       0x14 contiki-sky.a(timer.o)
                0x0000000000007e02                timer_restart
 .text.timer_expired
                0x0000000000007e16       0x2a contiki-sky.a(timer.o)
                0x0000000000007e16                timer_expired
 .text.list_init
                0x0000000000007e40        0x6 contiki-sky.a(list.o)
                0x0000000000007e40                list_init
 .text.list_head
                0x0000000000007e46        0x4 contiki-sky.a(list.o)
                0x0000000000007e46                list_head
 .text.list_tail
                0x0000000000007e4a       0x12 contiki-sky.a(list.o)
                0x0000000000007e4a                list_tail
 .text.list_remove
                0x0000000000007e5c       0x34 contiki-sky.a(list.o)
                0x0000000000007e5c                list_remove
 .text.list_push
                0x0000000000007e90       0x1a contiki-sky.a(list.o)
                0x0000000000007e90                list_push
 .text.list_add
                0x0000000000007eaa       0x2a contiki-sky.a(list.o)
                0x0000000000007eaa                list_add
 .text.list_length
                0x0000000000007ed4       0x10 contiki-sky.a(list.o)
                0x0000000000007ed4                list_length
 .text.list_item_next
                0x0000000000007ee4        0xc contiki-sky.a(list.o)
                0x0000000000007ee4                list_item_next
 .text.random_init
                0x0000000000007ef0        0x6 contiki-sky.a(random.o)
                0x0000000000007ef0                random_init
 .text.random_rand
                0x0000000000007ef6        0x6 contiki-sky.a(random.o)
                0x0000000000007ef6                random_rand
 .text.chksum   0x0000000000007efc       0x32 contiki-sky.a(uip.o)
 .text.upper_layer_chksum
                0x0000000000007f2e       0x42 contiki-sky.a(uip.o)
 .text.uip_add32
                0x0000000000007f70       0x68 contiki-sky.a(uip.o)
                0x0000000000007f70                uip_add32
 .text.unlikely.uip_add_rcv_nxt
                0x0000000000007fd8       0x2c contiki-sky.a(uip.o)
 .text.uip_chksum
                0x0000000000008004       0x18 contiki-sky.a(uip.o)
                0x0000000000008004                uip_chksum
 .text.uip_tcpchksum
                0x000000000000801c        0xa contiki-sky.a(uip.o)
                0x000000000000801c                uip_tcpchksum
 .text.uip_udpchksum
                0x0000000000008026        0xa contiki-sky.a(uip.o)
                0x0000000000008026                uip_udpchksum
 .text.uip_init
                0x0000000000008030       0x50 contiki-sky.a(uip.o)
                0x0000000000008030                uip_init
 .text.uip_unlisten
                0x0000000000008080       0x2a contiki-sky.a(uip.o)
                0x0000000000008080                uip_unlisten
 .text.uip_process
                0x00000000000080aa      0xc82 contiki-sky.a(uip.o)
                0x00000000000080aa                uip_process
 .text.uip_htons
                0x0000000000008d2c        0xc contiki-sky.a(uip.o)
                0x0000000000008d2c                uip_htons
 .text.uip_fw_output
                0x0000000000008d38       0xf4 contiki-sky.a(uip-fw.o)
                0x0000000000008d38                uip_fw_output
 .text.uip_fw_forward
                0x0000000000008e2c      0x166 contiki-sky.a(uip-fw.o)
                0x0000000000008e2c                uip_fw_forward
 .text.uip_fw_default
                0x0000000000008f92        0x6 contiki-sky.a(uip-fw.o)
                0x0000000000008f92                uip_fw_default
 .text.uip_fw_periodic
                0x0000000000008f98       0x1c contiki-sky.a(uip-fw.o)
                0x0000000000008f98                uip_fw_periodic
 .text.process_thread_uip_fw_process
                0x0000000000008fb4       0x3c contiki-sky.a(uip-fw-drv.o)
 .text.timedout
                0x0000000000008ff0       0x12 contiki-sky.a(uip-over-mesh.o)
 .text.new_route
                0x0000000000009002       0x36 contiki-sky.a(uip-over-mesh.o)
 .text.recv_data
                0x0000000000009038       0x72 contiki-sky.a(uip-over-mesh.o)
 .text.uip_over_mesh_init
                0x00000000000090aa       0x54 contiki-sky.a(uip-over-mesh.o)
                0x00000000000090aa                uip_over_mesh_init
 .text.uip_over_mesh_send
                0x00000000000090fe       0xe8 contiki-sky.a(uip-over-mesh.o)
                0x00000000000090fe                uip_over_mesh_send
 .text.uip_over_mesh_set_gateway_netif
                0x00000000000091e6        0x6 contiki-sky.a(uip-over-mesh.o)
                0x00000000000091e6                uip_over_mesh_set_gateway_netif
 .text.uip_over_mesh_set_gateway
                0x00000000000091ec        0xc contiki-sky.a(uip-over-mesh.o)
                0x00000000000091ec                uip_over_mesh_set_gateway
 .text.gateway_announce_recv
                0x00000000000091f8       0x10 contiki-sky.a(uip-over-mesh.o)
 .text.uip_over_mesh_make_announced_gateway
                0x0000000000009208       0x32 contiki-sky.a(uip-over-mesh.o)
                0x0000000000009208                uip_over_mesh_make_announced_gateway
 .text.uip_over_mesh_set_net
                0x000000000000923a       0x16 contiki-sky.a(uip-over-mesh.o)
                0x000000000000923a                uip_over_mesh_set_net
 .text.start_periodic_tcp_timer
                0x0000000000009250       0x16 contiki-sky.a(tcpip.o)
 .text.tcpip_output
                0x0000000000009266       0x10 contiki-sky.a(tcpip.o)
                0x0000000000009266                tcpip_output
 .text.process_thread_tcpip_process
                0x0000000000009276      0x1ac contiki-sky.a(tcpip.o)
 .text.tcpip_set_outputfunc
                0x0000000000009422        0x6 contiki-sky.a(tcpip.o)
                0x0000000000009422                tcpip_set_outputfunc
 .text.tcpip_input
                0x0000000000009428       0x12 contiki-sky.a(tcpip.o)
                0x0000000000009428                tcpip_input
 .text.tcpip_uipcall
                0x000000000000943a       0x64 contiki-sky.a(tcpip.o)
                0x000000000000943a                tcpip_uipcall
 .text.input    0x000000000000949e       0x3a contiki-sky.a(rime.o)
 .text.init     0x00000000000094d8       0x2e contiki-sky.a(rime.o)
 .text.packet_sent
                0x0000000000009506       0x44 contiki-sky.a(rime.o)
 .text.rime_output
                0x000000000000954a       0x24 contiki-sky.a(rime.o)
                0x000000000000954a                rime_output
 .text.periodic
                0x000000000000956e       0x58 contiki-sky.a(route.o)
 .text.route_init
                0x00000000000095c6       0x28 contiki-sky.a(route.o)
                0x00000000000095c6                route_init
 .text.route_lookup
                0x00000000000095ee       0x4c contiki-sky.a(route.o)
                0x00000000000095ee                route_lookup
 .text.route_add
                0x000000000000963a       0x9c contiki-sky.a(route.o)
                0x000000000000963a                route_add
 .text.route_refresh
                0x00000000000096d6        0xe contiki-sky.a(route.o)
                0x00000000000096d6                route_refresh
 .text.route_remove
                0x00000000000096e4       0x1c contiki-sky.a(route.o)
                0x00000000000096e4                route_remove
 .text.route_decay
                0x0000000000009700       0x22 contiki-sky.a(route.o)
                0x0000000000009700                route_decay
 .text.route_set_lifetime
                0x0000000000009722        0x6 contiki-sky.a(route.o)
                0x0000000000009722                route_set_lifetime
 .text.timeout_handler
                0x0000000000009728       0x14 contiki-sky.a(route-discovery)
 .text.rrep_packet_received
                0x000000000000973c       0xa0 contiki-sky.a(route-discovery)
 .text.rreq_packet_received
                0x00000000000097dc       0xd0 contiki-sky.a(route-discovery)
 .text.route_discovery_explicit_open
                0x00000000000098ac       0x2a contiki-sky.a(route-discovery)
                0x00000000000098ac                route_discovery_explicit_open
 .text.route_discovery_open
                0x00000000000098d6       0x16 contiki-sky.a(route-discovery)
                0x00000000000098d6                route_discovery_open
 .text.route_discovery_discover
                0x00000000000098ec       0x6e contiki-sky.a(route-discovery)
                0x00000000000098ec                route_discovery_discover
 .text.send     0x000000000000995a       0x1c contiki-sky.a(trickle.o)
 .text.run_trickle
                0x0000000000009976       0xbe contiki-sky.a(trickle.o)
 .text.timer_callback
                0x0000000000009a34        0x6 contiki-sky.a(trickle.o)
 .text.recv     0x0000000000009a3a       0x86 contiki-sky.a(trickle.o)
 .text.trickle_open
                0x0000000000009ac0       0x44 contiki-sky.a(trickle.o)
                0x0000000000009ac0                trickle_open
 .text.trickle_send
                0x0000000000009b04       0x3e contiki-sky.a(trickle.o)
                0x0000000000009b04                trickle_send
 .text.sent_by_broadcast
                0x0000000000009b42       0x10 contiki-sky.a(unicast.o)
 .text.recv_from_broadcast
                0x0000000000009b52       0x2e contiki-sky.a(unicast.o)
 .text.unicast_open
                0x0000000000009b80       0x2a contiki-sky.a(unicast.o)
                0x0000000000009b80                unicast_open
 .text.unicast_send
                0x0000000000009baa       0x16 contiki-sky.a(unicast.o)
                0x0000000000009baa                unicast_send
 .text.input_packet
                0x0000000000009bc0        0x6 contiki-sky.a(csma.o)
 .text.on       0x0000000000009bc6        0x6 contiki-sky.a(csma.o)
 .text.off      0x0000000000009bcc        0x6 contiki-sky.a(csma.o)
 .text.channel_check_interval
                0x0000000000009bd2       0x10 contiki-sky.a(csma.o)
 .text.transmit_packet_list
                0x0000000000009be2       0x24 contiki-sky.a(csma.o)
 .text.schedule_transmission
                0x0000000000009c06       0x94 contiki-sky.a(csma.o)
 .text.send_packet
                0x0000000000009c9a      0x170 contiki-sky.a(csma.o)
 .text.init     0x0000000000009e0a       0x1a contiki-sky.a(csma.o)
 .text.tx_done  0x0000000000009e24       0x92 contiki-sky.a(csma.o)
 .text.packet_sent
                0x0000000000009eb6       0xd2 contiki-sky.a(csma.o)
 .text.mac_call_sent_callback
                0x0000000000009f88       0x14 contiki-sky.a(mac.o)
                0x0000000000009f88                mac_call_sent_callback
 .text.on       0x0000000000009f9c        0x6 contiki-sky.a(nullrdc.o)
 .text.channel_check_interval
                0x0000000000009fa2        0x4 contiki-sky.a(nullrdc.o)
 .text.init     0x0000000000009fa6        0x6 contiki-sky.a(nullrdc.o)
 .text.send_one_packet
                0x0000000000009fac       0x6a contiki-sky.a(nullrdc.o)
 .text.send_list
                0x000000000000a016       0x30 contiki-sky.a(nullrdc.o)
 .text.send_packet
                0x000000000000a046        0x6 contiki-sky.a(nullrdc.o)
 .text.off      0x000000000000a04c       0x10 contiki-sky.a(nullrdc.o)
 .text.packet_input
                0x000000000000a05c       0x26 contiki-sky.a(nullrdc.o)
 .text.linkaddr_copy
                0x000000000000a082        0xc contiki-sky.a(linkaddr.o)
                0x000000000000a082                linkaddr_copy
 .text.linkaddr_cmp
                0x000000000000a08e       0x12 contiki-sky.a(linkaddr.o)
                0x000000000000a08e                linkaddr_cmp
 .text.linkaddr_set_node_addr
                0x000000000000a0a0        0xc contiki-sky.a(linkaddr.o)
                0x000000000000a0a0                linkaddr_set_node_addr
 .text.packetbuf_hdrreduce
                0x000000000000a0ac       0x1a contiki-sky.a(packetbuf.o)
                0x000000000000a0ac                packetbuf_hdrreduce
 .text.packetbuf_set_datalen
                0x000000000000a0c6        0x6 contiki-sky.a(packetbuf.o)
                0x000000000000a0c6                packetbuf_set_datalen
 .text.packetbuf_hdrptr
                0x000000000000a0cc        0x6 contiki-sky.a(packetbuf.o)
                0x000000000000a0cc                packetbuf_hdrptr
 .text.packetbuf_datalen
                0x000000000000a0d2        0x6 contiki-sky.a(packetbuf.o)
                0x000000000000a0d2                packetbuf_datalen
 .text.packetbuf_hdrlen
                0x000000000000a0d8        0xa contiki-sky.a(packetbuf.o)
                0x000000000000a0d8                packetbuf_hdrlen
 .text.packetbuf_dataptr
                0x000000000000a0e2        0xc contiki-sky.a(packetbuf.o)
                0x000000000000a0e2                packetbuf_dataptr
 .text.packetbuf_copyto
                0x000000000000a0ee       0x46 contiki-sky.a(packetbuf.o)
                0x000000000000a0ee                packetbuf_copyto
 .text.packetbuf_compact
                0x000000000000a134       0x36 contiki-sky.a(packetbuf.o)
                0x000000000000a134                packetbuf_compact
 .text.packetbuf_totlen
                0x000000000000a16a        0xc contiki-sky.a(packetbuf.o)
                0x000000000000a16a                packetbuf_totlen
 .text.packetbuf_hdralloc
                0x000000000000a176       0x3a contiki-sky.a(packetbuf.o)
                0x000000000000a176                packetbuf_hdralloc
 .text.packetbuf_attr_clear
                0x000000000000a1b0       0x2c contiki-sky.a(packetbuf.o)
                0x000000000000a1b0                packetbuf_attr_clear
 .text.packetbuf_clear
                0x000000000000a1dc       0x12 contiki-sky.a(packetbuf.o)
                0x000000000000a1dc                packetbuf_clear
 .text.packetbuf_copyfrom
                0x000000000000a1ee       0x2e contiki-sky.a(packetbuf.o)
                0x000000000000a1ee                packetbuf_copyfrom
 .text.packetbuf_attr_copyto
                0x000000000000a21c       0x20 contiki-sky.a(packetbuf.o)
                0x000000000000a21c                packetbuf_attr_copyto
 .text.packetbuf_attr_copyfrom
                0x000000000000a23c       0x22 contiki-sky.a(packetbuf.o)
                0x000000000000a23c                packetbuf_attr_copyfrom
 .text.packetbuf_holds_broadcast
                0x000000000000a25e        0xe contiki-sky.a(packetbuf.o)
                0x000000000000a25e                packetbuf_holds_broadcast
 .text.queuebuf_init
                0x000000000000a26c       0x12 contiki-sky.a(queuebuf.o)
                0x000000000000a26c                queuebuf_init
 .text.queuebuf_new_from_packetbuf
                0x000000000000a27e       0x52 contiki-sky.a(queuebuf.o)
                0x000000000000a27e                queuebuf_new_from_packetbuf
 .text.queuebuf_update_attr_from_packetbuf
                0x000000000000a2d0       0x12 contiki-sky.a(queuebuf.o)
                0x000000000000a2d0                queuebuf_update_attr_from_packetbuf
 .text.queuebuf_free
                0x000000000000a2e2       0x2a contiki-sky.a(queuebuf.o)
                0x000000000000a2e2                queuebuf_free
 .text.queuebuf_to_packetbuf
                0x000000000000a30c       0x32 contiki-sky.a(queuebuf.o)
                0x000000000000a30c                queuebuf_to_packetbuf
 .text.queuebuf_dataptr
                0x000000000000a33e       0x1c contiki-sky.a(queuebuf.o)
                0x000000000000a33e                queuebuf_dataptr
 .text.queuebuf_datalen
                0x000000000000a35a        0x8 contiki-sky.a(queuebuf.o)
                0x000000000000a35a                queuebuf_datalen
 .text.queuebuf_attr
                0x000000000000a362        0xe contiki-sky.a(queuebuf.o)
                0x000000000000a362                queuebuf_attr
 .text.hdr_length
                0x000000000000a370        0x8 contiki-sky.a(contikimac-fram)
 .text.parse    0x000000000000a378       0x3a contiki-sky.a(contikimac-fram)
 .text.create   0x000000000000a3b2       0x74 contiki-sky.a(contikimac-fram)
 .text.init     0x000000000000a426        0x2 contiki-sky.a(nullsec.o)
 .text.send     0x000000000000a428        0xa contiki-sky.a(nullsec.o)
 .text.input    0x000000000000a432        0x6 contiki-sky.a(nullsec.o)
 .text.spi_init
                0x000000000000a438       0x32 contiki-sky.a(spi.o)
                0x000000000000a438                spi_init
 .text.uip_ipchksum
                0x000000000000a46a       0x32 contiki-sky.a(uip-ipchksum.o)
                0x000000000000a46a                uip_ipchksum
 .text.memb_init
                0x000000000000a49c       0x36 contiki-sky.a(memb.o)
                0x000000000000a49c                memb_init
 .text.memb_alloc
                0x000000000000a4d2       0x3e contiki-sky.a(memb.o)
                0x000000000000a4d2                memb_alloc
 .text.memb_free
                0x000000000000a510       0x3a contiki-sky.a(memb.o)
                0x000000000000a510                memb_free
 .text.memb_inmemb
                0x000000000000a54a       0x2e contiki-sky.a(memb.o)
                0x000000000000a54a                memb_inmemb
 .text.abc_open
                0x000000000000a578       0x26 contiki-sky.a(abc.o)
                0x000000000000a578                abc_open
 .text.abc_send
                0x000000000000a59e        0x6 contiki-sky.a(abc.o)
                0x000000000000a59e                abc_send
 .text.abc_input
                0x000000000000a5a4        0xe contiki-sky.a(abc.o)
                0x000000000000a5a4                abc_input
 .text.abc_sent
                0x000000000000a5b2       0x10 contiki-sky.a(abc.o)
                0x000000000000a5b2                abc_sent
 .text.announcement_init
                0x000000000000a5c2        0xa contiki-sky.a(announcement.o)
                0x000000000000a5c2                announcement_init
 .text.announcement_register_observer_callback
                0x000000000000a5cc        0x6 contiki-sky.a(announcement.o)
                0x000000000000a5cc                announcement_register_observer_callback
 .text.announcement_list
                0x000000000000a5d2        0xa contiki-sky.a(announcement.o)
                0x000000000000a5d2                announcement_list
 .text.announcement_heard
                0x000000000000a5dc       0x42 contiki-sky.a(announcement.o)
                0x000000000000a5dc                announcement_heard
 .text.adv_packet_sent
                0x000000000000a61e        0x2 contiki-sky.a(broadcast-annou)
 .text.adv_packet_received
                0x000000000000a620       0x66 contiki-sky.a(broadcast-annou)
 .text.set_timers
                0x000000000000a686       0x4a contiki-sky.a(broadcast-annou)
 .text.send_timer
                0x000000000000a6d0       0x36 contiki-sky.a(broadcast-annou)
 .text.new_announcement
                0x000000000000a706       0x18 contiki-sky.a(broadcast-annou)
 .text.send_adv
                0x000000000000a71e       0x66 contiki-sky.a(broadcast-annou)
 .text.broadcast_announcement_init
                0x000000000000a784       0x48 contiki-sky.a(broadcast-annou)
                0x000000000000a784                broadcast_announcement_init
 .text.sent_by_abc
                0x000000000000a7cc       0x10 contiki-sky.a(broadcast.o)
 .text.recv_from_abc
                0x000000000000a7dc       0x26 contiki-sky.a(broadcast.o)
 .text.broadcast_open
                0x000000000000a802       0x2a contiki-sky.a(broadcast.o)
                0x000000000000a802                broadcast_open
 .text.broadcast_send
                0x000000000000a82c       0x1a contiki-sky.a(broadcast.o)
                0x000000000000a82c                broadcast_send
 .text.chameleon_init
                0x000000000000a846        0x6 contiki-sky.a(chameleon.o)
                0x000000000000a846                chameleon_init
 .text.chameleon_parse
                0x000000000000a84c       0x10 contiki-sky.a(chameleon.o)
                0x000000000000a84c                chameleon_parse
 .text.chameleon_create
                0x000000000000a85c       0x1c contiki-sky.a(chameleon.o)
                0x000000000000a85c                chameleon_create
 .text.chameleon_hdrsize
                0x000000000000a878        0x6 contiki-sky.a(chameleon.o)
                0x000000000000a878                chameleon_hdrsize
 .text.channel_init
                0x000000000000a87e        0xa contiki-sky.a(channel.o)
                0x000000000000a87e                channel_init
 .text.channel_open
                0x000000000000a888       0x10 contiki-sky.a(channel.o)
                0x000000000000a888                channel_open
 .text.channel_lookup
                0x000000000000a898       0x20 contiki-sky.a(channel.o)
                0x000000000000a898                channel_lookup
 .text.channel_set_attributes
                0x000000000000a8b8       0x24 contiki-sky.a(channel.o)
                0x000000000000a8b8                channel_set_attributes
 .text.sent     0x000000000000a8dc       0x10 contiki-sky.a(netflood.o)
 .text.dropped  0x000000000000a8ec       0x10 contiki-sky.a(netflood.o)
 .text.recv_from_ipolite
                0x000000000000a8fc       0xf2 contiki-sky.a(netflood.o)
 .text.netflood_open
                0x000000000000a9ee       0x2e contiki-sky.a(netflood.o)
                0x000000000000a9ee                netflood_open
 .text.netflood_send
                0x000000000000aa1c       0x62 contiki-sky.a(netflood.o)
                0x000000000000aa1c                netflood_send
 .text.parse    0x000000000000aa7e       0xb0 contiki-sky.a(framer-802154.o)
 .text.create_frame.isra.0
                0x000000000000ab2e      0x114 contiki-sky.a(framer-802154.o)
 .text.create   0x000000000000ac42        0x8 contiki-sky.a(framer-802154.o)
 .text.hdr_length
                0x000000000000ac4a        0x8 contiki-sky.a(framer-802154.o)
 .text.get_bits_in_byte
                0x000000000000ac52       0x3a contiki-sky.a(chameleon-bitop)
 .text.header_size
                0x000000000000ac8c       0x16 contiki-sky.a(chameleon-bitop)
 .text.get_bits
                0x000000000000aca2       0xa4 contiki-sky.a(chameleon-bitop)
                0x000000000000aca2                get_bits
 .text.unpack_header
                0x000000000000ad46       0xdc contiki-sky.a(chameleon-bitop)
 .text.set_bits_in_byte
                0x000000000000ae22       0x2c contiki-sky.a(chameleon-bitop)
                0x000000000000ae22                set_bits_in_byte
 .text.set_bits
                0x000000000000ae4e       0xd2 contiki-sky.a(chameleon-bitop)
                0x000000000000ae4e                set_bits
 .text.pack_header
                0x000000000000af20       0xc4 contiki-sky.a(chameleon-bitop)
 .text.sent     0x000000000000afe4        0x2 contiki-sky.a(ipolite.o)
 .text.recv     0x000000000000afe6       0xa6 contiki-sky.a(ipolite.o)
 .text.send     0x000000000000b08c       0x36 contiki-sky.a(ipolite.o)
 .text.ipolite_open
                0x000000000000b0c2       0x24 contiki-sky.a(ipolite.o)
                0x000000000000b0c2                ipolite_open
 .text.ipolite_send
                0x000000000000b0e6       0xaa contiki-sky.a(ipolite.o)
                0x000000000000b0e6                ipolite_send
 .text.frame802154_get_pan_id
                0x000000000000b190        0x6 contiki-sky.a(frame802154.o)
                0x000000000000b190                frame802154_get_pan_id
 .text.frame802154_has_panid
                0x000000000000b196       0x64 contiki-sky.a(frame802154.o)
                0x000000000000b196                frame802154_has_panid
 .text.field_len
                0x000000000000b1fa       0xb2 contiki-sky.a(frame802154.o)
 .text.frame802154_is_broadcast_addr
                0x000000000000b2ac       0x24 contiki-sky.a(frame802154.o)
                0x000000000000b2ac                frame802154_is_broadcast_addr
 .text.frame802154_hdrlen
                0x000000000000b2d0       0x32 contiki-sky.a(frame802154.o)
                0x000000000000b2d0                frame802154_hdrlen
 .text.frame802154_create
                0x000000000000b302      0x16a contiki-sky.a(frame802154.o)
                0x000000000000b302                frame802154_create
 .text.frame802154_parse
                0x000000000000b46c      0x226 contiki-sky.a(frame802154.o)
                0x000000000000b46c                frame802154_parse
 .text.libgcc   0x000000000000b692       0x2c /usr/lib/gcc/msp430/4.6.3/mmpy-16/libgcc.a(_mulsi3.o)
                0x000000000000b692                __mulsi3
 .text.libgcc   0x000000000000b6be       0x22 /usr/lib/gcc/msp430/4.6.3/mmpy-16/libgcc.a(_udivmod16.o)
                0x000000000000b6be                __udivhi3
                0x000000000000b6be                __ext_udivmod16
                0x000000000000b6d8                __umodhi3
 .text.libgcc   0x000000000000b6e0       0x40 /usr/lib/gcc/msp430/4.6.3/mmpy-16/libgcc.a(_udivmod32.o)
                0x000000000000b6e0                __udivsi3
                0x000000000000b6e0                __ext_udivmod32
                0x000000000000b716                __umodsi3
 .text.libgcc   0x000000000000b720       0x4c /usr/lib/gcc/msp430/4.6.3/mmpy-16/libgcc.a(_divmod32.o)
                0x000000000000b720                __ext_divmod32
                0x000000000000b720                __divsi3
                0x000000000000b762                __modsi3
 .text          0x000000000000b76c       0x1e /usr/lib/gcc/msp430/4.6.3/../../../../msp430/lib/mmpy-16/libc.a(strcmp.o)
                0x000000000000b76c                strcmp
 .text          0x000000000000b78a       0x28 /usr/lib/gcc/msp430/4.6.3/../../../../msp430/lib/mmpy-16/libc.a(strncmp.o)
                0x000000000000b78a                strncmp
 .text          0x000000000000b7b2       0x20 /usr/lib/gcc/msp430/4.6.3/../../../../msp430/lib/mmpy-16/libc.a(memcmp.o)
                0x000000000000b7b2                memcmp
 .text          0x000000000000b7d2       0x2a /usr/lib/gcc/msp430/4.6.3/../../../../msp430/lib/mmpy-16/libc.a(strncpy.o)
                0x000000000000b7d2                strncpy
 .text          0x000000000000b7fc       0xfa /usr/lib/gcc/msp430/4.6.3/../../../../msp430/lib/mmpy-16/libc.a(memcpy.o)
                0x000000000000b7fc                memcpy
 .text          0x000000000000b8f6       0x6a /usr/lib/gcc/msp430/4.6.3/../../../../msp430/lib/mmpy-16/libc.a(memset.o)
                0x000000000000b8f6                memset
 .text          0x000000000000b960       0x1e /usr/lib/gcc/msp430/4.6.3/../../../../msp430/lib/mmpy-16/libc.a(printf.o)
                0x000000000000b960                printf
                0x000000000000b970                vprintf
 .text          0x000000000000b97e      0x836 /usr/lib/gcc/msp430/4.6.3/../../../../msp430/lib/mmpy-16/libc.a(vuprintf.o)
                0x000000000000bb16                vuprintf
 .text          0x000000000000c1b4       0x2c /usr/lib/gcc/msp430/4.6.3/../../../../msp430/lib/mmpy-16/libc.a(puts.o)
                0x000000000000c1b4                puts
 .text          0x000000000000c1e0       0x54 /usr/lib/gcc/msp430/4.6.3/../../../../msp430/lib/mmpy-16/libc.a(rand.o)
                0x000000000000c1e0                rand_r
                0x000000000000c204                rand
                0x000000000000c22a                srand
 .text.libgcc   0x000000000000c234       0xf0 /usr/lib/gcc/msp430/4.6.3/mmpy-16/libgcc.a(_udivmod64.o)
                0x000000000000c234                __xabi_udivmod64
                0x000000000000c292                __udivdi3
                0x000000000000c2b8                __umoddi3
                0x000000000000c2e6                __udivmoddi4
 .text.crt0     0x000000000000c324        0x2 /usr/lib/gcc/msp430/4.6.3/mmpy-16/libcrt0.a(_unexpected_.o)
                0x000000000000c324                _unexpected_
                0x000000000000c326                . = ALIGN (0x2)

.rodata         0x000000000000c326      0x4ac
                0x000000000000c326                . = ALIGN (0x2)
 *(.rodata .rodata.* .gnu.linkonce.r.*)
 .rodata        0x000000000000c326      0x186 download.co
                0x000000000000c49c                autostart_processes
 .rodata        0x000000000000c4ac      0x168 obj_sky/contiki-sky-main.o
 .rodata        0x000000000000c614       0x10 contiki-sky.a(button-sensor.o)
                0x000000000000c61c                button_sensor
 .rodata        0x000000000000c624        0x8 contiki-sky.a(sensors.o)
 .rodata        0x000000000000c62c       0x70 contiki-sky.a(cc2420.o)
                0x000000000000c65e                cc2420_aes_128_driver
                0x000000000000c662                cc2420_driver
 .rodata        0x000000000000c69c       0x26 contiki-sky.a(slip.o)
 .rodata        0x000000000000c6c2        0xf contiki-sky.a(ctimer.o)
 .rodata        0x000000000000c6d1        0xc contiki-sky.a(etimer.o)
 *fill*         0x000000000000c6dd        0x1 00
 .rodata        0x000000000000c6de       0x28 contiki-sky.a(uip.o)
                0x000000000000c6fe                uip_all_zeroes_addr
                0x000000000000c702                uip_broadcast_addr
 .rodata        0x000000000000c706        0xe contiki-sky.a(uip-fw-drv.o)
 .rodata        0x000000000000c714        0xa contiki-sky.a(uip-over-mesh.o)
 .rodata        0x000000000000c71e        0xd contiki-sky.a(tcpip.o)
 *fill*         0x000000000000c72b        0x1 00
 .rodata        0x000000000000c72c        0xc contiki-sky.a(rime.o)
                0x000000000000c732                rime_driver
 .rodata        0x000000000000c738        0xa contiki-sky.a(route-discovery)
 .rodata        0x000000000000c742        0xa contiki-sky.a(trickle.o)
 .rodata        0x000000000000c74c        0xa contiki-sky.a(unicast.o)
 .rodata        0x000000000000c756       0x14 contiki-sky.a(csma.o)
                0x000000000000c75c                csma_driver
 .rodata        0x000000000000c76a       0x18 contiki-sky.a(nullrdc.o)
                0x000000000000c772                nullrdc_driver
 .rodata        0x000000000000c782        0x2 contiki-sky.a(linkaddr.o)
                0x000000000000c782                linkaddr_null
 .rodata        0x000000000000c784        0x6 contiki-sky.a(contikimac-fram)
                0x000000000000c784                contikimac_framer
 .rodata        0x000000000000c78a       0x10 contiki-sky.a(nullsec.o)
                0x000000000000c792                nullsec_driver
 .rodata        0x000000000000c79a        0x2 contiki-sky.a(abc.o)
 .rodata        0x000000000000c79c        0x4 contiki-sky.a(broadcast-annou)
 .rodata        0x000000000000c7a0        0x8 contiki-sky.a(broadcast.o)
 .rodata        0x000000000000c7a8        0x6 contiki-sky.a(netflood.o)
 .rodata        0x000000000000c7ae        0x6 contiki-sky.a(framer-802154.o)
                0x000000000000c7ae                framer_802154
 .rodata        0x000000000000c7b4       0x10 contiki-sky.a(chameleon-bitop)
                0x000000000000c7b4                chameleon_bitopt
 .rodata        0x000000000000c7c4        0x4 contiki-sky.a(ipolite.o)
 .rodata        0x000000000000c7c8        0x2 contiki-sky.a(frame802154.o)
 .rodata        0x000000000000c7ca        0x7 /usr/lib/gcc/msp430/4.6.3/../../../../msp430/lib/mmpy-16/libc.a(vuprintf.o)
                0x000000000000c7d2                . = ALIGN (0x2)
 *fill*         0x000000000000c7d1        0x1 00
                0x000000000000c7d2                _etext = .

.data           0x0000000000001100       0xa6 load address 0x000000000000c7d2
                0x0000000000001100                . = ALIGN (0x2)
                0x0000000000001100                PROVIDE (__data_start, .)
 *(.data .data.* .gnu.linkonce.d.*)
 .data          0x0000000000001100        0xa download.co
                0x0000000000001100                flashTest_process
 .data          0x000000000000110a       0x18 obj_sky/contiki-sky-main.o
 .data          0x0000000000001122        0x4 contiki-sky.a(contiki-sky-pla)
                0x0000000000001122                sensors
 .data          0x0000000000001126        0xa contiki-sky.a(sensors.o)
                0x0000000000001126                sensors_process
 .data          0x0000000000001130        0xa contiki-sky.a(cc2420.o)
                0x0000000000001130                cc2420_process
 .data          0x000000000000113a        0xa contiki-sky.a(slip.o)
                0x000000000000113a                slip_process
 .data          0x0000000000001144        0x2 contiki-sky.a(msp430.o)
 .data          0x0000000000001146        0xa contiki-sky.a(ctimer.o)
                0x0000000000001146                ctimer_process
 .data          0x0000000000001150        0xa contiki-sky.a(etimer.o)
                0x0000000000001150                etimer_process
 .data          0x000000000000115a        0xa contiki-sky.a(uip-fw-drv.o)
                0x000000000000115a                uip_fw_process
 .data          0x0000000000001164        0xa contiki-sky.a(tcpip.o)
                0x0000000000001164                tcpip_process
 .data          0x000000000000116e        0xa contiki-sky.a(route.o)
 .data          0x0000000000001178       0x18 contiki-sky.a(csma.o)
 .data          0x0000000000001190       0x10 contiki-sky.a(queuebuf.o)
 .data          0x00000000000011a0        0x2 contiki-sky.a(frame802154.o)
 .data          0x00000000000011a2        0x4 /usr/lib/gcc/msp430/4.6.3/../../../../msp430/lib/mmpy-16/libc.a(rand.o)
                0x00000000000011a6                . = ALIGN (0x2)
                0x00000000000011a6                _edata = .
                0x000000000000c7d2                PROVIDE (__data_load_start, LOADADDR (.data))
                0x00000000000000a6                PROVIDE (__data_size, SIZEOF (.data))

.bss            0x00000000000011a6     0x17d6 load address 0x000000000000c878
                0x00000000000011a6                PROVIDE (__bss_start, .)
 *(.bss .bss.*)
 .bss           0x00000000000011a6      0x1d2 download.co
 .bss           0x0000000000001378        0xe obj_sky/contiki-sky-main.o
 .bss           0x0000000000001386        0x8 contiki-sky.a(button-sensor.o)
 .bss           0x000000000000138e        0x2 contiki-sky.a(node-id.o)
                0x000000000000138e                node_id
 .bss           0x0000000000001390        0x6 contiki-sky.a(sensors.o)
 .bss           0x0000000000001396       0x90 contiki-sky.a(cfs-coffee.o)
 .bss           0x0000000000001426        0xc contiki-sky.a(cc2420.o)
 .bss           0x0000000000001432       0x9a contiki-sky.a(uart1.o)
 .bss           0x00000000000014cc        0x1 contiki-sky.a(slip_uart1.o)
 *fill*         0x00000000000014cd        0x1 00
 .bss           0x00000000000014ce       0x88 contiki-sky.a(slip.o)
 .bss           0x0000000000001556        0xa contiki-sky.a(clock.o)
 .bss           0x0000000000001560        0x1 contiki-sky.a(leds.o)
 *fill*         0x0000000000001561        0x1 00
 .bss           0x0000000000001562        0x2 contiki-sky.a(watchdog.o)
 .bss           0x0000000000001564        0x4 contiki-sky.a(ctimer.o)
 .bss           0x0000000000001568        0x6 contiki-sky.a(etimer.o)
 .bss           0x000000000000156e       0x38 contiki-sky.a(process.o)
                0x000000000000156e                process_current
                0x0000000000001570                process_list
 .bss           0x00000000000015a6        0x2 contiki-sky.a(rtimer.o)
 .bss           0x00000000000015a8       0x14 contiki-sky.a(uip.o)
                0x00000000000015a8                uip_lladdr
 .bss           0x00000000000015bc      0x1a8 contiki-sky.a(uip-fw.o)
 .bss           0x0000000000001764       0xd2 contiki-sky.a(uip-over-mesh.o)
 .bss           0x0000000000001836       0x30 contiki-sky.a(tcpip.o)
 .bss           0x0000000000001866        0x2 contiki-sky.a(rime.o)
 .bss           0x0000000000001868       0x7e contiki-sky.a(route.o)
 .bss           0x00000000000018e6        0x1 contiki-sky.a(route-discovery)
 *fill*         0x00000000000018e7        0x1 00
 .bss           0x00000000000018e8      0x124 contiki-sky.a(csma.o)
 .bss           0x0000000000001a0c       0x86 contiki-sky.a(packetbuf.o)
 .bss           0x0000000000001a92      0xc20 contiki-sky.a(queuebuf.o)
 .bss           0x00000000000026b2        0x6 contiki-sky.a(announcement.o)
 .bss           0x00000000000026b8       0x46 contiki-sky.a(broadcast-annou)
 .bss           0x00000000000026fe        0x2 contiki-sky.a(channel.o)
 .bss           0x0000000000002700        0x2 contiki-sky.a(framer-802154.o)
 *(COMMON)
 COMMON         0x0000000000002702        0x2 contiki-sky.a(contiki-sky-pla)
                0x0000000000002702                sensors_flags
 COMMON         0x0000000000002704        0x8 contiki-sky.a(ds2411.o)
                0x0000000000002704                ds2411_id
 COMMON         0x000000000000270c        0x1 contiki-sky.a(sensors.o)
                0x000000000000270c                sensors_event
 *fill*         0x000000000000270d        0x1 00
 COMMON         0x000000000000270e       0x10 contiki-sky.a(cc2420.o)
                0x000000000000270e                cc2420_last_rssi
                0x0000000000002710                cc2420_sfd_start_time
                0x0000000000002712                cc2420_time_of_departure
                0x0000000000002714                cc2420_time_of_arrival
                0x0000000000002716                cc2420_last_correlation
                0x0000000000002718                cc2420_authority_level_of_sender
                0x000000000000271a                cc2420_sfd_counter
                0x000000000000271c                cc2420_sfd_end_time
 COMMON         0x000000000000271e        0x1 contiki-sky.a(slip.o)
                0x000000000000271e                slip_active
 *fill*         0x000000000000271f        0x1 00
 COMMON         0x0000000000002720        0x2 contiki-sky.a(msp430.o)
                0x0000000000002720                msp430_dco_required
 COMMON         0x0000000000002722       0x56 contiki-sky.a(energest.o)
                0x0000000000002722                energest_total_time
                0x0000000000002752                energest_total_count
                0x0000000000002754                energest_current_mode
                0x0000000000002760                energest_current_time
 COMMON         0x0000000000002778        0x1 contiki-sky.a(process.o)
                0x0000000000002778                process_maxevents
 *fill*         0x0000000000002779        0x1 00
 COMMON         0x000000000000277a      0x1c2 contiki-sky.a(uip.o)
                0x000000000000277a                uip_len
                0x000000000000277c                uip_sappdata
                0x000000000000277e                uip_acc32
                0x0000000000002782                uip_aligned_buf
                0x00000000000027ee                uip_flags
                0x00000000000027f0                uip_udp_conn
                0x00000000000027f2                uip_appdata
                0x00000000000027f4                uip_conn
                0x00000000000027f6                uip_conns
                0x0000000000002876                uip_listenports
                0x0000000000002886                uip_draddr
                0x000000000000288a                uip_netmask
                0x000000000000288e                uip_hostaddr
                0x0000000000002892                uip_slen
                0x0000000000002894                uip_udp_conns
 COMMON         0x000000000000293c        0x2 contiki-sky.a(tcpip.o)
                0x000000000000293c                tcpip_is_forwarding
                0x000000000000293d                tcpip_event
 COMMON         0x000000000000293e        0x2 contiki-sky.a(linkaddr.o)
                0x000000000000293e                linkaddr_node_addr
 COMMON         0x0000000000002940       0x3c contiki-sky.a(packetbuf.o)
                0x0000000000002940                packetbuf_addrs
                0x0000000000002948                packetbuf_attrs
                0x000000000000297c                . = ALIGN (0x2)
                0x000000000000297c                PROVIDE (__bss_end, .)
                0x00000000000017d6                PROVIDE (__bss_size, SIZEOF (.bss))

.noinit         0x000000000000297c        0x2 load address 0x000000000000c878
                0x000000000000297c                PROVIDE (__noinit_start, .)
 *(.noinit .noinit.*)
 .noinit.crt0   0x000000000000297c        0x2 /usr/lib/gcc/msp430/4.6.3/mmpy-16/libcrt0.a(__watchdog_support.o)
                0x000000000000297c                __wdt_clear_value
                0x000000000000297e                . = ALIGN (0x2)
                0x000000000000297e                PROVIDE (__noinit_end, .)
                0x000000000000297e                . = ALIGN (0x2)
                0x000000000000297e                _end = .

.infomem        0x0000000000001000        0x0
 *(.infomem)
                0x0000000000001000                . = ALIGN (0x2)
 *(.infomem.*)

.infomemnobits  0x0000000000001000        0x0
 *(.infomemnobits)
                0x0000000000001000                . = ALIGN (0x2)
 *(.infomemnobits.*)

.infoa
 *(.infoa .infoa.*)

.infob
 *(.infob .infob.*)

.infoc
 *(.infoc .infoc.*)

.infod
 *(.infod .infod.*)

.vectors        0x000000000000ffe0       0x20
                0x000000000000ffe0                PROVIDE (__vectors_start, .)
 *(.vectors*)
 .vectors       0x000000000000ffe0       0x20 /usr/lib/gcc/msp430/4.6.3/mmpy-16/crt0ivtbl16.o
                0x000000000000ffe0                __ivtbl_16
                0x0000000000010000                _vectors_end = .

.fartext        0x0000000000000000        0x0
                0x0000000000000000                . = ALIGN (0x2)
 *(.fartext)
                0x0000000000000000                . = ALIGN (0x2)
 *(.fartext.*)
                0x0000000000000000                _efartext = .

.profiler
 *(.profiler)

.stab           0x0000000000000000    0x2355c
 *(.stab)
 .stab          0x0000000000000000     0x1554 download.co
 .stab          0x0000000000001554     0x123c obj_sky/contiki-sky-main.o
                                       0x1950 (size before relaxing)
 .stab          0x0000000000002790      0x240 contiki-sky.a(contiki-sky-pla)
                                        0x5b8 (size before relaxing)
 .stab          0x00000000000029d0      0x468 contiki-sky.a(button-sensor.o)
                                        0x7d4 (size before relaxing)
 .stab          0x0000000000002e38      0x624 contiki-sky.a(ds2411.o)
                                        0xb40 (size before relaxing)
 .stab          0x000000000000345c      0xbac contiki-sky.a(xmem.o)
                                        0xf60 (size before relaxing)
 .stab          0x0000000000004008      0x2b8 contiki-sky.a(node-id.o)
                                        0x4e0 (size before relaxing)
 .stab          0x00000000000042c0      0x654 contiki-sky.a(sensors.o)
                                        0xb70 (size before relaxing)
 .stab          0x0000000000004914     0x27d8 contiki-sky.a(cfs-coffee.o)
                                       0x2d0c (size before relaxing)
 .stab          0x00000000000070ec     0x2904 contiki-sky.a(cc2420.o)
                                       0x3030 (size before relaxing)
 .stab          0x00000000000099f0      0xa68 contiki-sky.a(cc2420-arch.o)
                                       0x13f8 (size before relaxing)
 .stab          0x000000000000a458      0x60c contiki-sky.a(uart1.o)
                                        0x960 (size before relaxing)
 .stab          0x000000000000aa64      0x348 contiki-sky.a(slip_uart1.o)
                                        0x69c (size before relaxing)
 .stab          0x000000000000adac      0xd5c contiki-sky.a(slip.o)
                                       0x150c (size before relaxing)
 .stab          0x000000000000bb08      0x744 contiki-sky.a(msp430.o)
                                        0xa98 (size before relaxing)
 .stab          0x000000000000c24c      0x948 contiki-sky.a(clock.o)
                                        0xc9c (size before relaxing)
 .stab          0x000000000000cb94      0x5dc contiki-sky.a(leds.o)
                                        0x828 (size before relaxing)
 .stab          0x000000000000d170      0x3a8 contiki-sky.a(leds-arch.o)
                                        0x6fc (size before relaxing)
 .stab          0x000000000000d518      0x3fc contiki-sky.a(watchdog.o)
                                        0x750 (size before relaxing)
 .stab          0x000000000000d914      0x3cc contiki-sky.a(rtimer-arch.o)
                                        0x720 (size before relaxing)
 .stab          0x000000000000dce0      0x294 contiki-sky.a(autostart.o)
                                        0x534 (size before relaxing)
 .stab          0x000000000000df74      0x858 contiki-sky.a(ctimer.o)
                                        0xbc4 (size before relaxing)
 .stab          0x000000000000e7cc      0x474 contiki-sky.a(energest.o)
                                        0x6fc (size before relaxing)
 .stab          0x000000000000ec40      0xabc contiki-sky.a(etimer.o)
                                        0xd8c (size before relaxing)
 .stab          0x000000000000f6fc      0xba0 contiki-sky.a(process.o)
                                       0x1038 (size before relaxing)
 .stab          0x000000000001029c      0x3d8 contiki-sky.a(rtimer.o)
                                        0x6c0 (size before relaxing)
 .stab          0x0000000000010674      0x354 contiki-sky.a(timer.o)
                                        0x594 (size before relaxing)
 .stab          0x00000000000109c8      0x7f8 contiki-sky.a(list.o)
                                        0x804 (size before relaxing)
 .stab          0x00000000000111c0      0x24c contiki-sky.a(random.o)
                                        0x624 (size before relaxing)
 .stab          0x000000000001140c     0x2568 contiki-sky.a(uip.o)
                                       0x2cdc (size before relaxing)
 .stab          0x0000000000013974      0x9a8 contiki-sky.a(uip-fw.o)
                                       0x1134 (size before relaxing)
 .stab          0x000000000001431c      0x2d0 contiki-sky.a(uip-fw-drv.o)
                                        0xa50 (size before relaxing)
 .stab          0x00000000000145ec      0xbac contiki-sky.a(uip-over-mesh.o)
                                       0x1830 (size before relaxing)
 .stab          0x0000000000015198     0x1134 contiki-sky.a(tcpip.o)
                                       0x1f8c (size before relaxing)
 .stab          0x00000000000162cc      0xbc4 contiki-sky.a(rime.o)
                                       0x1410 (size before relaxing)
 .stab          0x0000000000016e90      0xa14 contiki-sky.a(route.o)
                                        0xf0c (size before relaxing)
 .stab          0x00000000000178a4      0xb10 contiki-sky.a(route-discovery)
                                       0x1788 (size before relaxing)
 .stab          0x00000000000183b4      0x7d4 contiki-sky.a(trickle.o)
                                       0x1080 (size before relaxing)
 .stab          0x0000000000018b88      0x624 contiki-sky.a(unicast.o)
                                       0x129c (size before relaxing)
 .stab          0x00000000000191ac      0xcd8 contiki-sky.a(csma.o)
                                       0x1668 (size before relaxing)
 .stab          0x0000000000019e84      0x1f8 contiki-sky.a(mac.o)
                                        0x4ec (size before relaxing)
 .stab          0x000000000001a07c      0x708 contiki-sky.a(nullrdc.o)
                                       0x1050 (size before relaxing)
 .stab          0x000000000001a784      0x2c4 contiki-sky.a(linkaddr.o)
                                        0x6c0 (size before relaxing)
 .stab          0x000000000001aa48      0xc0c contiki-sky.a(packetbuf.o)
                                       0x1a4c (size before relaxing)
 .stab          0x000000000001b654      0xa5c contiki-sky.a(queuebuf.o)
                                       0x1884 (size before relaxing)
 .stab          0x000000000001c0b0      0x81c contiki-sky.a(contikimac-fram)
                                        0xe58 (size before relaxing)
 .stab          0x000000000001c8cc      0x3c0 contiki-sky.a(nullsec.o)
                                        0xcf0 (size before relaxing)
 .stab          0x000000000001cc8c      0x204 contiki-sky.a(spi.o)
                                        0x42c (size before relaxing)
 .stab          0x000000000001ce90      0x300 contiki-sky.a(uip-ipchksum.o)
                                        0xa68 (size before relaxing)
 .stab          0x000000000001d190      0x5c4 contiki-sky.a(memb.o)
                                        0xaf8 (size before relaxing)
 .stab          0x000000000001d754      0x66c contiki-sky.a(abc.o)
                                       0x1494 (size before relaxing)
 .stab          0x000000000001ddc0      0x6e4 contiki-sky.a(announcement.o)
                                        0x984 (size before relaxing)
 .stab          0x000000000001e4a4      0x948 contiki-sky.a(broadcast-annou)
                                       0x15c0 (size before relaxing)
 .stab          0x000000000001edec      0x6d8 contiki-sky.a(broadcast.o)
                                       0x1500 (size before relaxing)
 .stab          0x000000000001f4c4      0x5e8 contiki-sky.a(chameleon.o)
                                       0x123c (size before relaxing)
 .stab          0x000000000001faac      0x624 contiki-sky.a(channel.o)
                                       0x129c (size before relaxing)
 .stab          0x00000000000200d0      0x768 contiki-sky.a(netflood.o)
                                       0x102c (size before relaxing)
 .stab          0x0000000000020838      0x6f0 contiki-sky.a(framer-802154.o)
                                        0xf30 (size before relaxing)
 .stab          0x0000000000020f28      0xdb0 contiki-sky.a(chameleon-bitop)
                                       0x1a28 (size before relaxing)
 .stab          0x0000000000021cd8      0x8b8 contiki-sky.a(ipolite.o)
                                       0x153c (size before relaxing)
 .stab          0x0000000000022590      0xfcc contiki-sky.a(frame802154.o)
                                       0x17b8 (size before relaxing)

.stabstr        0x0000000000000000    0x1869d
 *(.stabstr)
 .stabstr       0x0000000000000000    0x1869d download.co

.stab.excl
 *(.stab.excl)

.stab.exclstr
 *(.stab.exclstr)

.stab.index
 *(.stab.index)

.stab.indexstr
 *(.stab.indexstr)

.comment
 *(.comment)

.debug
 *(.debug)

.line
 *(.line)

.debug_srcinfo
 *(.debug_srcinfo)

.debug_sfnames
 *(.debug_sfnames)

.debug_aranges  0x0000000000000000      0x1a4
 *(.debug_aranges)
 .debug_aranges
                0x0000000000000000       0x14 /usr/lib/gcc/msp430/4.6.3/mmpy-16/libgcc.a(_mulsi3.o)
 .debug_aranges
                0x0000000000000014       0x14 /usr/lib/gcc/msp430/4.6.3/mmpy-16/libgcc.a(_udivmod16.o)
 .debug_aranges
                0x0000000000000028       0x14 /usr/lib/gcc/msp430/4.6.3/mmpy-16/libgcc.a(_udivmod32.o)
 .debug_aranges
                0x000000000000003c       0x14 /usr/lib/gcc/msp430/4.6.3/mmpy-16/libgcc.a(_divmod32.o)
 .debug_aranges
                0x0000000000000050       0x14 /usr/lib/gcc/msp430/4.6.3/../../../../msp430/lib/mmpy-16/libc.a(strcmp.o)
 .debug_aranges
                0x0000000000000064       0x14 /usr/lib/gcc/msp430/4.6.3/../../../../msp430/lib/mmpy-16/libc.a(strncmp.o)
 .debug_aranges
                0x0000000000000078       0x14 /usr/lib/gcc/msp430/4.6.3/../../../../msp430/lib/mmpy-16/libc.a(memcmp.o)
 .debug_aranges
                0x000000000000008c       0x14 /usr/lib/gcc/msp430/4.6.3/../../../../msp430/lib/mmpy-16/libc.a(strncpy.o)
 .debug_aranges
                0x00000000000000a0       0x14 /usr/lib/gcc/msp430/4.6.3/../../../../msp430/lib/mmpy-16/libc.a(memcpy.o)
 .debug_aranges
                0x00000000000000b4       0x14 /usr/lib/gcc/msp430/4.6.3/../../../../msp430/lib/mmpy-16/libc.a(memset.o)
 .debug_aranges
                0x00000000000000c8       0x14 /usr/lib/gcc/msp430/4.6.3/../../../../msp430/lib/mmpy-16/libc.a(printf.o)
 .debug_aranges
                0x00000000000000dc       0x14 /usr/lib/gcc/msp430/4.6.3/../../../../msp430/lib/mmpy-16/libc.a(vuprintf.o)
 .debug_aranges
                0x00000000000000f0       0x14 /usr/lib/gcc/msp430/4.6.3/../../../../msp430/lib/mmpy-16/libc.a(puts.o)
 .debug_aranges
                0x0000000000000104       0x14 /usr/lib/gcc/msp430/4.6.3/../../../../msp430/lib/mmpy-16/libc.a(rand.o)
 .debug_aranges
                0x0000000000000118       0x14 /usr/lib/gcc/msp430/4.6.3/mmpy-16/libgcc.a(_udivmod64.o)
 .debug_aranges
                0x000000000000012c       0x14 /usr/lib/gcc/msp430/4.6.3/mmpy-16/libcrt0.a(__watchdog_support.o)
 .debug_aranges
                0x0000000000000140       0x14 /usr/lib/gcc/msp430/4.6.3/mmpy-16/libcrt0.a(__init_stack.o)
 .debug_aranges
                0x0000000000000154       0x14 /usr/lib/gcc/msp430/4.6.3/mmpy-16/libcrt0.a(_copy_data.o)
 .debug_aranges
                0x0000000000000168       0x14 /usr/lib/gcc/msp430/4.6.3/mmpy-16/libcrt0.a(_clear_bss.o)
 .debug_aranges
                0x000000000000017c       0x14 /usr/lib/gcc/msp430/4.6.3/mmpy-16/libcrt0.a(_endless_loop__.o)
 .debug_aranges
                0x0000000000000190       0x14 /usr/lib/gcc/msp430/4.6.3/mmpy-16/libcrt0.a(_unexpected_.o)

.debug_pubnames
 *(.debug_pubnames)

.debug_info     0x0000000000000000     0x15f6
 *(.debug_info)
 .debug_info    0x0000000000000000       0xd6 /usr/lib/gcc/msp430/4.6.3/mmpy-16/libgcc.a(_mulsi3.o)
 .debug_info    0x00000000000000d6       0xd6 /usr/lib/gcc/msp430/4.6.3/mmpy-16/libgcc.a(_udivmod16.o)
 .debug_info    0x00000000000001ac       0xd6 /usr/lib/gcc/msp430/4.6.3/mmpy-16/libgcc.a(_udivmod32.o)
 .debug_info    0x0000000000000282       0xd6 /usr/lib/gcc/msp430/4.6.3/mmpy-16/libgcc.a(_divmod32.o)
 .debug_info    0x0000000000000358       0xa4 /usr/lib/gcc/msp430/4.6.3/../../../../msp430/lib/mmpy-16/libc.a(strcmp.o)
 .debug_info    0x00000000000003fc       0xbb /usr/lib/gcc/msp430/4.6.3/../../../../msp430/lib/mmpy-16/libc.a(strncmp.o)
 .debug_info    0x00000000000004b7       0xe8 /usr/lib/gcc/msp430/4.6.3/../../../../msp430/lib/mmpy-16/libc.a(memcmp.o)
 .debug_info    0x000000000000059f       0xe1 /usr/lib/gcc/msp430/4.6.3/../../../../msp430/lib/mmpy-16/libc.a(strncpy.o)
 .debug_info    0x0000000000000680      0x113 /usr/lib/gcc/msp430/4.6.3/../../../../msp430/lib/mmpy-16/libc.a(memcpy.o)
 .debug_info    0x0000000000000793       0xfe /usr/lib/gcc/msp430/4.6.3/../../../../msp430/lib/mmpy-16/libc.a(memset.o)
 .debug_info    0x0000000000000891      0x105 /usr/lib/gcc/msp430/4.6.3/../../../../msp430/lib/mmpy-16/libc.a(printf.o)
 .debug_info    0x0000000000000996      0x565 /usr/lib/gcc/msp430/4.6.3/../../../../msp430/lib/mmpy-16/libc.a(vuprintf.o)
 .debug_info    0x0000000000000efb       0x96 /usr/lib/gcc/msp430/4.6.3/../../../../msp430/lib/mmpy-16/libc.a(puts.o)
 .debug_info    0x0000000000000f91      0x13f /usr/lib/gcc/msp430/4.6.3/../../../../msp430/lib/mmpy-16/libc.a(rand.o)
 .debug_info    0x00000000000010d0       0xd6 /usr/lib/gcc/msp430/4.6.3/mmpy-16/libgcc.a(_udivmod64.o)
 .debug_info    0x00000000000011a6       0xb8 /usr/lib/gcc/msp430/4.6.3/mmpy-16/libcrt0.a(__watchdog_support.o)
 .debug_info    0x000000000000125e       0xb8 /usr/lib/gcc/msp430/4.6.3/mmpy-16/libcrt0.a(__init_stack.o)
 .debug_info    0x0000000000001316       0xb8 /usr/lib/gcc/msp430/4.6.3/mmpy-16/libcrt0.a(_copy_data.o)
 .debug_info    0x00000000000013ce       0xb8 /usr/lib/gcc/msp430/4.6.3/mmpy-16/libcrt0.a(_clear_bss.o)
 .debug_info    0x0000000000001486       0xb8 /usr/lib/gcc/msp430/4.6.3/mmpy-16/libcrt0.a(_endless_loop__.o)
 .debug_info    0x000000000000153e       0xb8 /usr/lib/gcc/msp430/4.6.3/mmpy-16/libcrt0.a(_unexpected_.o)
 *(.gnu.linkonce.wi.*)

.debug_abbrev   0x0000000000000000      0x829
 *(.debug_abbrev)
 .debug_abbrev  0x0000000000000000       0x14 /usr/lib/gcc/msp430/4.6.3/mmpy-16/libgcc.a(_mulsi3.o)
 .debug_abbrev  0x0000000000000014       0x14 /usr/lib/gcc/msp430/4.6.3/mmpy-16/libgcc.a(_udivmod16.o)
 .debug_abbrev  0x0000000000000028       0x14 /usr/lib/gcc/msp430/4.6.3/mmpy-16/libgcc.a(_udivmod32.o)
 .debug_abbrev  0x000000000000003c       0x14 /usr/lib/gcc/msp430/4.6.3/mmpy-16/libgcc.a(_divmod32.o)
 .debug_abbrev  0x0000000000000050       0x60 /usr/lib/gcc/msp430/4.6.3/../../../../msp430/lib/mmpy-16/libc.a(strcmp.o)
 .debug_abbrev  0x00000000000000b0       0x7c /usr/lib/gcc/msp430/4.6.3/../../../../msp430/lib/mmpy-16/libc.a(strncmp.o)
 .debug_abbrev  0x000000000000012c       0x9b /usr/lib/gcc/msp430/4.6.3/../../../../msp430/lib/mmpy-16/libc.a(memcmp.o)
 .debug_abbrev  0x00000000000001c7       0x94 /usr/lib/gcc/msp430/4.6.3/../../../../msp430/lib/mmpy-16/libc.a(strncpy.o)
 .debug_abbrev  0x000000000000025b       0x97 /usr/lib/gcc/msp430/4.6.3/../../../../msp430/lib/mmpy-16/libc.a(memcpy.o)
 .debug_abbrev  0x00000000000002f2       0x9c /usr/lib/gcc/msp430/4.6.3/../../../../msp430/lib/mmpy-16/libc.a(memset.o)
 .debug_abbrev  0x000000000000038e       0xd0 /usr/lib/gcc/msp430/4.6.3/../../../../msp430/lib/mmpy-16/libc.a(printf.o)
 .debug_abbrev  0x000000000000045e      0x1ef /usr/lib/gcc/msp430/4.6.3/../../../../msp430/lib/mmpy-16/libc.a(vuprintf.o)
 .debug_abbrev  0x000000000000064d       0x60 /usr/lib/gcc/msp430/4.6.3/../../../../msp430/lib/mmpy-16/libc.a(puts.o)
 .debug_abbrev  0x00000000000006ad       0xf0 /usr/lib/gcc/msp430/4.6.3/../../../../msp430/lib/mmpy-16/libc.a(rand.o)
 .debug_abbrev  0x000000000000079d       0x14 /usr/lib/gcc/msp430/4.6.3/mmpy-16/libgcc.a(_udivmod64.o)